
    12-11 06:54:23.853: I/qemu-props(32): connected to 'boot-properties' qemud service.
    12-11 06:54:23.853: I/qemu-props(32): receiving..
    12-11 06:54:23.853: I/qemu-props(32): received: dalvik.vm.heapsize=48m
    12-11 06:54:23.943: I/DEBUG(34): debuggerd: Feb 13 2013 15:21:29
    12-11 06:54:23.954: I/installd(40): installd firing up
    12-11 06:54:23.983: I/qemu-props(32): receiving..
    12-11 06:54:23.983: I/qemu-props(32): received: ro.config.low_ram=true
    12-11 06:54:23.983: I/qemu-props(32): receiving..
    12-11 06:54:23.983: I/qemu-props(32): received: qemu.sf.lcd_density=240
    12-11 06:54:23.983: I/qemu-props(32): receiving..
    12-11 06:54:23.983: I/qemu-props(32): received: qemu.hw.mainkeys=1
    12-11 06:54:23.983: I/qemu-props(32): receiving..
    12-11 06:54:23.983: I/qemu-props(32): received: qemu.sf.fake_camera=none
    12-11 06:54:24.003: I/qemu-props(32): receiving..
    12-11 06:54:24.003: I/qemu-props(32): exiting (5 properties set).
    12-11 06:54:24.133: I/Vold(31): Vold 2.1 (the revenge) firing up
    12-11 06:54:24.133: D/Vold(31): Volume sdcard state changing -1 (Initializing) -> 0 (No-Media)
    12-11 06:54:24.173: I/Netd(33): Netd 1.0 starting
    12-11 06:54:24.173: W/InterfaceController(33): Warning (Cannot load library: load_library(linker.cpp:745): library "/system/lib/libnetcmdiface.so" not found) while opening the net interface command library
    12-11 06:54:24.763: I/SurfaceFlinger(36): SurfaceFlinger is starting
    12-11 06:54:24.793: I/SurfaceFlinger(36): SurfaceFlinger's main thread ready to run. Initializing graphics H/W...
    12-11 06:54:24.793: D/libEGL(36): Emulator without GPU support detected. Fallback to software renderer.
    12-11 06:54:24.803: D/libEGL(36): loaded /system/lib/egl/libGLES_android.so
    12-11 06:54:25.003: D/gralloc_goldfish(36): Emulator without GPU emulation detected.
    12-11 06:54:25.003: I/gralloc(36): using (fd=13)
    12-11 06:54:25.003: I/gralloc(36): id           = 
    12-11 06:54:25.003: I/gralloc(36): xres         = 480 px
    12-11 06:54:25.003: I/gralloc(36): yres         = 800 px
    12-11 06:54:25.003: I/gralloc(36): xres_virtual = 480 px
    12-11 06:54:25.003: I/gralloc(36): yres_virtual = 1600 px
    12-11 06:54:25.003: I/gralloc(36): bpp          = 16
    12-11 06:54:25.003: I/gralloc(36): r            = 11:5
    12-11 06:54:25.003: I/gralloc(36): g            =  5:6
    12-11 06:54:25.003: I/gralloc(36): b            =  0:5
    12-11 06:54:25.003: I/gralloc(36): width        = 74 mm (164.756760 dpi)
    12-11 06:54:25.003: I/gralloc(36): height       = 123 mm (165.203247 dpi)
    12-11 06:54:25.003: I/gralloc(36): refresh rate = 260.42 Hz
    12-11 06:54:25.063: E/SurfaceFlinger(36): hwcomposer module not found
    12-11 06:54:25.063: W/SurfaceFlinger(36): getting VSYNC period from fb HAL: 3840010
    12-11 06:54:25.063: W/SurfaceFlinger(36): no suitable EGLConfig found, trying without EGL_FRAMEBUFFER_TARGET_ANDROID
    12-11 06:54:25.063: W/SurfaceFlinger(36): no suitable EGLConfig found, trying without EGL_RECORDABLE_ANDROID
    12-11 06:54:25.063: W/SurfaceFlinger(36): no suitable EGLConfig found, trying with 16-bit color allowed
    12-11 06:54:25.063: W/SurfaceFlinger(36): EGL_SLOW_CONFIG selected!
    12-11 06:54:25.133: E/Trace(36): error opening trace file: No such file or directory (2)
    12-11 06:54:25.184: I/SurfaceFlinger(36): EGL informations:
    12-11 06:54:25.184: I/SurfaceFlinger(36): vendor    : Android
    12-11 06:54:25.184: I/SurfaceFlinger(36): version   : 1.4 Android META-EGL
    12-11 06:54:25.184: I/SurfaceFlinger(36): extensions: EGL_KHR_image_base EGL_KHR_fence_sync EGL_ANDROID_image_native_buffer 
    12-11 06:54:25.184: I/SurfaceFlinger(36): Client API: OpenGL_ES
    12-11 06:54:25.184: I/SurfaceFlinger(36): EGLSurface: 5-6-5-0, config=0x0
    12-11 06:54:25.184: I/SurfaceFlinger(36): OpenGL ES informations:
    12-11 06:54:25.184: I/SurfaceFlinger(36): vendor    : Android
    12-11 06:54:25.184: I/SurfaceFlinger(36): renderer  : Android PixelFlinger 1.4
    12-11 06:54:25.184: I/SurfaceFlinger(36): version   : OpenGL ES-CM 1.0
    12-11 06:54:25.184: I/SurfaceFlinger(36): extensions: GL_EXT_debug_marker GL_OES_byte_coordinates GL_OES_fixed_point GL_OES_single_precision GL_OES_read_format GL_OES_compressed_paletted_texture GL_OES_draw_texture GL_OES_matrix_get GL_OES_query_matrix GL_OES_EGL_image GL_OES_EGL_sync GL_OES_compressed_ETC1_RGB8_texture GL_ARB_texture_compression GL_ARB_texture_non_power_of_two GL_ANDROID_user_clip_plane GL_ANDROID_vertex_buffer_object GL_ANDROID_generate_mipmap 
    12-11 06:54:25.184: I/SurfaceFlinger(36): GL_MAX_TEXTURE_SIZE = 4096
    12-11 06:54:25.184: I/SurfaceFlinger(36): GL_MAX_VIEWPORT_DIMS = 4096 x 4096
    12-11 06:54:25.184: W/SurfaceFlinger(36): power module not found
    12-11 06:54:25.303: D/SurfaceFlinger(36): Screen acquired, type=0 flinger=0x2a007318
    12-11 06:54:25.893: E/SurfaceFlinger(36): ro.sf.lcd_density must be defined as a build property
    12-11 06:54:25.963: E/SurfaceFlinger(36): ro.sf.lcd_density must be defined as a build property
    12-11 06:54:25.963: D/libEGL(91): Emulator without GPU support detected. Fallback to software renderer.
    12-11 06:54:26.013: D/libEGL(91): loaded /system/lib/egl/libGLES_android.so
    12-11 06:54:26.053: E/Trace(91): error opening trace file: No such file or directory (2)
    12-11 06:54:26.053: D/AndroidRuntime(37): >>>>>> AndroidRuntime START com.android.internal.os.ZygoteInit <<<<<<
    12-11 06:54:26.053: D/AndroidRuntime(37): CheckJNI is ON
    12-11 06:54:26.153: D/gralloc_goldfish(91): Emulator without GPU emulation detected.
    12-11 06:54:26.533: D/dalvikvm(37): Trying to load lib libjavacore.so 0x0
    12-11 06:54:26.573: D/dalvikvm(37): Added shared lib libjavacore.so 0x0
    12-11 06:54:26.583: I/mediaserver(39): ServiceManager: 0x2a008e30
    12-11 06:54:26.583: I/AudioFlinger(39): Using default 3000 mSec as standby time.
    12-11 06:54:26.633: I/CameraService(39): CameraService started (pid=39)
    12-11 06:54:26.793: D/dalvikvm(37): Trying to load lib libnativehelper.so 0x0
    12-11 06:54:26.793: D/dalvikvm(37): Added shared lib libnativehelper.so 0x0
    12-11 06:54:26.803: I/ARMAssembler(91): generated scanline__00000077:03010102_00000A01_00000000 [  9 ipp] (30 ins) at [0x40b101f0:0x40b10268] in 5128209 ns
    12-11 06:54:26.853: I/ARMAssembler(91): generated scanline__00000077:03545402_00000A01_00000000 [ 31 ipp] (52 ins) at [0x40b10270:0x40b10340] in 4600791 ns
    12-11 06:54:26.983: D/EmulatedCamera_QemuClient(39): Emulated camera list: 
    12-11 06:54:27.003: I/AudioPolicyManagerBase(39): loadAudioPolicyConfig() loaded /system/etc/audio_policy.conf
    12-11 06:54:27.053: I/AudioFlinger(39): loadHwModule() Loaded primary audio interface from LEGACY Audio HW HAL (audio) handle 1
    12-11 06:54:27.053: I/AudioFlinger(39): HAL output buffer size 1024 frames, normal mix buffer size 1024 frames
    12-11 06:54:27.123: I/AudioMixer(39): found effect "Multichannel Downmix To Stereo" from The Android Open Source Project
    12-11 06:54:27.123: I/AudioFlinger(39): Using module 1 has the primary audio interface
    12-11 06:54:27.123: D/AudioHardwareInterface(39): setMode(NORMAL)
    12-11 06:54:27.143: I/AudioFlinger(39): AudioFlinger's thread 0x2a00a560 ready to run
    12-11 06:54:27.143: W/AudioFlinger(39): Thread AudioOut_2 cannot connect to the power manager service
    12-11 06:54:27.143: W/AudioFlinger(39): Thread AudioOut_2 cannot connect to the power manager service
    12-11 06:54:27.153: I/AudioPolicyService(39): Loaded audio policy from LEGACY Audio Policy HAL (audio_policy)
    12-11 06:54:28.794: I/SamplingProfilerIntegration(37): Profiling disabled.
    12-11 06:54:28.883: I/Zygote(37): Preloading classes...
    12-11 06:54:28.943: D/dalvikvm(37): GC_EXPLICIT freed 36K, 9% free 419K/460K, paused 2ms+22ms, total 57ms
    12-11 06:54:29.103: D/dalvikvm(37): GC_EXPLICIT freed 3K, 5% free 487K/512K, paused 27ms+1ms, total 42ms
    12-11 06:54:29.183: D/dalvikvm(37): Note: class Landroid/app/ActivityManagerNative; has 157 unimplemented (abstract) methods
    12-11 06:54:29.253: E/BandwidthController(33): runIptablesCmd(): failed /system/bin/iptables -A bw_INPUT -m owner --socket-exists res=256
    12-11 06:54:29.283: D/dalvikvm(37): GC_EXPLICIT freed 21K, 5% free 526K/552K, paused 1ms+2ms, total 22ms
    12-11 06:54:29.293: E/BandwidthController(33): runIptablesCmd(): failed /system/bin/ip6tables -A bw_INPUT -m owner --socket-exists res=256
    12-11 06:54:29.293: E/Netd(33): Unable to bind netlink socket: No such file or directory
    12-11 06:54:29.293: E/Netd(33): Unable to open quota2 logging socket
    12-11 06:54:29.293: D/MDnsDS(33): MDnsSdListener::Hander starting up
    12-11 06:54:29.293: D/MDnsDS(33): MDnsSdListener starting to monitor
    12-11 06:54:29.293: D/MDnsDS(33): Going to poll with pollCount 1
    12-11 06:54:29.373: D/dalvikvm(37): GC_EXPLICIT freed 27K, 6% free 554K/584K, paused 1ms+1ms, total 8ms
    12-11 06:54:29.383: W/Zygote(37): Class not found for preloading: android.bluetooth.BluetoothAudioGateway
    12-11 06:54:29.383: W/Zygote(37): Class not found for preloading: android.bluetooth.HeadsetBase
    12-11 06:54:29.383: W/Zygote(37): Class not found for preloading: undroid.content.AbstractThreadedSyncAdapter$SyncThread
    12-11 06:54:29.433: D/dalvikvm(37): GC_EXPLICIT freed 23K, 5% free 603K/632K, paused 1ms+1ms, total 10ms
    12-11 06:54:29.553: D/dalvikvm(37): GC_EXPLICIT freed 26K, 5% free 631K/660K, paused 1ms+1ms, total 10ms
    12-11 06:54:29.793: D/dalvikvm(37): GC_EXPLICIT freed 60K, 8% free 722K/784K, paused 1ms+1ms, total 11ms
    12-11 06:54:30.043: D/dalvikvm(37): GC_EXPLICIT freed 31K, 5% free 748K/784K, paused 1ms+1ms, total 11ms
    12-11 06:54:30.133: D/TextLayoutCache(37): Using debug level = 0 - Debug Enabled = 0
    12-11 06:54:30.203: D/dalvikvm(37): GC_EXPLICIT freed 18K, 3% free 784K/808K, paused 1ms+2ms, total 12ms
    12-11 06:54:30.303: I/dalvikvm(37): threadid=1: recursive native library load attempt (/system/lib/libmedia_jni.so)
    12-11 06:54:30.313: D/MtpDeviceJNI(37): register_android_mtp_MtpDevice
    12-11 06:54:30.313: I/dalvikvm(37): threadid=1: recursive native library load attempt (/system/lib/libmedia_jni.so)
    12-11 06:54:30.313: I/dalvikvm(37): threadid=1: recursive native library load attempt (/system/lib/libmedia_jni.so)
    12-11 06:54:30.383: D/dalvikvm(37): GC_EXPLICIT freed 15K, 2% free 827K/844K, paused 1ms+2ms, total 14ms
    12-11 06:54:30.723: D/dalvikvm(37): GC_FOR_ALLOC freed 218K, 17% free 1120K/1340K, paused 17ms, total 18ms
    12-11 06:54:31.023: D/dalvikvm(37): GC_EXPLICIT freed 261K, 18% free 1273K/1540K, paused 2ms+2ms, total 40ms
    12-11 06:54:31.143: D/dalvikvm(37): GC_EXPLICIT freed 30K, 16% free 1299K/1540K, paused 2ms+2ms, total 22ms
    12-11 06:54:31.193: D/dalvikvm(37): WAIT_FOR_CONCURRENT_GC blocked 1ms
    12-11 06:54:31.213: D/dalvikvm(37): GC_EXPLICIT freed 11K, 13% free 1355K/1540K, paused 2ms+2ms, total 23ms
    12-11 06:54:31.443: W/Zygote(37): Class not found for preloading: android.server.BluetoothA2dpService
    12-11 06:54:31.443: W/Zygote(37): Class not found for preloading: android.server.BluetoothEventLoop
    12-11 06:54:31.443: W/Zygote(37): Class not found for preloading: android.server.BluetoothService
    12-11 06:54:31.453: D/TelephonyManager(37): No /proc/cmdline exception=java.io.FileNotFoundException: /proc/cmdline: open failed: EACCES (Permission denied)
    12-11 06:54:31.453: D/TelephonyManager(37): /proc/cmdline=
    12-11 06:54:31.523: D/dalvikvm(37): GC_EXPLICIT freed 29K, 10% free 1417K/1572K, paused 2ms+3ms, total 40ms
    12-11 06:54:31.703: D/dalvikvm(37): GC_EXPLICIT freed 48K, 3% free 1698K/1748K, paused 3ms+3ms, total 47ms
    12-11 06:54:31.733: W/Zygote(37): Class not found for preloading: android.util.LocaleUtil
    12-11 06:54:31.813: D/dalvikvm(37): GC_EXPLICIT freed 36K, 3% free 1732K/1776K, paused 3ms+3ms, total 32ms
    12-11 06:54:31.913: D/dalvikvm(37): GC_EXPLICIT freed 31K, 3% free 1755K/1792K, paused 3ms+3ms, total 32ms
    12-11 06:54:31.974: W/Zygote(37): Class not found for preloading: android.view.ViewRootImpl$ResizedInfo
    12-11 06:54:31.974: W/Zygote(37): Class not found for preloading: android.view.Window$LocalWindowManager
    12-11 06:54:31.983: W/Zygote(37): Class not found for preloading: android.view.WindowManagerImpl$CompatModeWrapper
    12-11 06:54:32.043: D/dalvikvm(37): GC_EXPLICIT freed 30K, 2% free 1779K/1812K, paused 3ms+3ms, total 49ms
    12-11 06:54:32.313: I/dalvikvm(37): threadid=1: recursive native library load attempt (/system/lib/libwebcore.so)
    12-11 06:54:32.313: D/dalvikvm(37): No JNI_OnLoad found in /system/lib/libchromium_net.so 0x0, skipping init
    12-11 06:54:32.413: D/dalvikvm(37): GC_EXPLICIT freed 21K, 2% free 1811K/1836K, paused 3ms+3ms, total 33ms
    12-11 06:54:32.743: D/dalvikvm(37): GC_EXPLICIT freed 26K, 2% free 1839K/1868K, paused 3ms+4ms, total 33ms
    12-11 06:54:32.983: D/dalvikvm(37): GC_EXPLICIT freed 29K, 2% free 1870K/1904K, paused 4ms+3ms, total 35ms
    12-11 06:54:33.093: D/dalvikvm(37): GC_EXPLICIT freed 27K, 2% free 1897K/1928K, paused 3ms+4ms, total 34ms
    12-11 06:54:33.253: D/dalvikvm(37): GC_EXPLICIT freed 32K, 2% free 1931K/1968K, paused 3ms+4ms, total 35ms
    12-11 06:54:33.333: D/dalvikvm(37): GC_EXPLICIT freed 33K, 2% free 1951K/1988K, paused 3ms+4ms, total 38ms
    12-11 06:54:33.433: D/dalvikvm(37): GC_EXPLICIT freed 34K, 2% free 1973K/2012K, paused 3ms+4ms, total 35ms
    12-11 06:54:33.523: D/dalvikvm(37): GC_EXPLICIT freed 36K, 2% free 1993K/2032K, paused 3ms+3ms, total 40ms
    12-11 06:54:33.544: W/Zygote(37): Class not found for preloading: java.text.DecimalFormat$1
    12-11 06:54:33.633: D/dalvikvm(37): GC_EXPLICIT freed 41K, 3% free 2008K/2052K, paused 3ms+3ms, total 52ms
    12-11 06:54:33.633: W/Zygote(37): Class not found for preloading: java.util.concurrent.FutureTask$Sync
    12-11 06:54:33.643: W/Zygote(37): Class not found for preloading: java.util.concurrent.atomic.UnsafeAccess
    12-11 06:54:33.643: W/Zygote(37): Class not found for preloading: java.util.concurrent.locks.UnsafeAccess
    12-11 06:54:33.663: W/Zygote(37): Class not found for preloading: libcore.icu.ErrorCode
    12-11 06:54:34.663: I/System(37): Loaded time zone names for  in 997ms (987ms in ICU)
    12-11 06:54:35.423: I/System(37): Loaded time zone names for en_US in 756ms (744ms in ICU)
    12-11 06:54:35.483: D/dalvikvm(37): GC_EXPLICIT freed 362K, 15% free 2101K/2468K, paused 3ms+16ms, total 59ms
    12-11 06:54:35.564: D/dalvikvm(37): GC_EXPLICIT freed 15K, 13% free 2162K/2468K, paused 3ms+4ms, total 57ms
    12-11 06:54:35.733: D/dalvikvm(37): GC_EXPLICIT freed 52K, 12% free 2194K/2468K, paused 3ms+4ms, total 57ms
    12-11 06:54:35.823: D/dalvikvm(37): GC_EXPLICIT freed 29K, 10% free 2221K/2468K, paused 3ms+4ms, total 58ms
    12-11 06:54:35.923: D/dalvikvm(37): GC_EXPLICIT freed 38K, 10% free 2237K/2468K, paused 4ms+4ms, total 59ms
    12-11 06:54:36.023: D/dalvikvm(37): GC_EXPLICIT freed 32K, 9% free 2260K/2468K, paused 4ms+4ms, total 43ms
    12-11 06:54:36.033: I/Zygote(37): ...preloaded 2541 classes in 7152ms.
    12-11 06:54:36.044: D/dalvikvm(37): WAIT_FOR_CONCURRENT_GC blocked 1ms
    12-11 06:54:36.103: D/dalvikvm(37): GC_EXPLICIT freed 23K, 9% free 2264K/2468K, paused 20ms+4ms, total 60ms
    12-11 06:54:36.103: I/Zygote(37): Preloading resources...
    12-11 06:54:36.143: W/Resources(37): Preloaded drawable resource #0x1080602 (android:drawable/toast_frame_holo) that varies with configuration!!
    12-11 06:54:36.163: W/Resources(37): Preloaded drawable resource #0x1080108 (android:drawable/btn_check_on_pressed_holo_light) that varies with configuration!!
    12-11 06:54:36.204: D/dalvikvm(37): GC_EXPLICIT freed 46K, 10% free 2273K/2516K, paused 3ms+4ms, total 42ms
    12-11 06:54:36.233: W/Resources(37): Preloaded drawable resource #0x1080107 (android:drawable/btn_check_on_pressed_holo_dark) that varies with configuration!!
    12-11 06:54:36.233: W/Resources(37): Preloaded drawable resource #0x1080105 (android:drawable/btn_check_on_holo_light) that varies with configuration!!
    12-11 06:54:36.243: W/Resources(37): Preloaded drawable resource #0x1080104 (android:drawable/btn_check_on_holo_dark) that varies with configuration!!
    12-11 06:54:36.243: W/Resources(37): Preloaded drawable resource #0x1080102 (android:drawable/btn_check_on_focused_holo_light) that varies with configuration!!
    12-11 06:54:36.254: W/Resources(37): Preloaded drawable resource #0x1080101 (android:drawable/btn_check_on_focused_holo_dark) that varies with configuration!!
    12-11 06:54:36.313: D/dalvikvm(37): GC_EXPLICIT freed 52K, 10% free 2274K/2516K, paused 3ms+8ms, total 60ms
    12-11 06:54:36.323: W/Resources(37): Preloaded drawable resource #0x1080100 (android:drawable/btn_check_on_disabled_holo_light) that varies with configuration!!
    12-11 06:54:36.323: W/Resources(37): Preloaded drawable resource #0x10800ff (android:drawable/btn_check_on_disabled_holo_dark) that varies with configuration!!
    12-11 06:54:36.334: W/Resources(37): Preloaded drawable resource #0x10800fe (android:drawable/btn_check_on_disabled_focused_holo_light) that varies with configuration!!
    12-11 06:54:36.334: W/Resources(37): Preloaded drawable resource #0x10800fd (android:drawable/btn_check_on_disabled_focused_holo_dark) that varies with configuration!!
    12-11 06:54:36.343: W/Resources(37): Preloaded drawable resource #0x10800f5 (android:drawable/btn_check_off_pressed_holo_light) that varies with configuration!!
    12-11 06:54:36.393: D/dalvikvm(37): GC_EXPLICIT freed 53K, 10% free 2275K/2516K, paused 3ms+16ms, total 58ms
    12-11 06:54:36.403: W/Resources(37): Preloaded drawable resource #0x10800f4 (android:drawable/btn_check_off_pressed_holo_dark) that varies with configuration!!
    12-11 06:54:36.403: W/Resources(37): Preloaded drawable resource #0x10800f0 (android:drawable/btn_check_off_holo_light) that varies with configuration!!
    12-11 06:54:36.413: W/Resources(37): Preloaded drawable resource #0x10800ef (android:drawable/btn_check_off_holo_dark) that varies with configuration!!
    12-11 06:54:36.413: W/Resources(37): Preloaded drawable resource #0x10800ed (android:drawable/btn_check_off_focused_holo_light) that varies with configuration!!
    12-11 06:54:36.413: W/Resources(37): Preloaded drawable resource #0x10800ec (android:drawable/btn_check_off_focused_holo_dark) that varies with configuration!!
    12-11 06:54:36.464: D/dalvikvm(37): GC_EXPLICIT freed 53K, 10% free 2276K/2516K, paused 4ms+5ms, total 42ms
    12-11 06:54:36.483: W/Resources(37): Preloaded drawable resource #0x10800eb (android:drawable/btn_check_off_disabled_holo_light) that varies with configuration!!
    12-11 06:54:36.483: W/Resources(37): Preloaded drawable resource #0x10800ea (android:drawable/btn_check_off_disabled_holo_dark) that varies with configuration!!
    12-11 06:54:36.493: W/Resources(37): Preloaded drawable resource #0x10800e9 (android:drawable/btn_check_off_disabled_focused_holo_light) that varies with configuration!!
    12-11 06:54:36.493: W/Resources(37): Preloaded drawable resource #0x10800e8 (android:drawable/btn_check_off_disabled_focused_holo_dark) that varies with configuration!!
    12-11 06:54:36.503: W/Resources(37): Preloaded drawable resource #0x1080105 (android:drawable/btn_check_on_holo_light) that varies with configuration!!
    12-11 06:54:36.513: W/Resources(37): Preloaded drawable resource #0x10800f0 (android:drawable/btn_check_off_holo_light) that varies with configuration!!
    12-11 06:54:36.513: W/Resources(37): Preloaded drawable resource #0x1080108 (android:drawable/btn_check_on_pressed_holo_light) that varies with configuration!!
    12-11 06:54:36.523: W/Resources(37): Preloaded drawable resource #0x10800f5 (android:drawable/btn_check_off_pressed_holo_light) that varies with configuration!!
    12-11 06:54:36.523: W/Resources(37): Preloaded drawable resource #0x1080102 (android:drawable/btn_check_on_focused_holo_light) that varies with configuration!!
    12-11 06:54:36.533: W/Resources(37): Preloaded drawable resource #0x10800ed (android:drawable/btn_check_off_focused_holo_light) that varies with configuration!!
    12-11 06:54:36.533: W/Resources(37): Preloaded drawable resource #0x10800f0 (android:drawable/btn_check_off_holo_light) that varies with configuration!!
    12-11 06:54:36.543: W/Resources(37): Preloaded drawable resource #0x1080105 (android:drawable/btn_check_on_holo_light) that varies with configuration!!
    12-11 06:54:36.543: W/Resources(37): Preloaded drawable resource #0x1080100 (android:drawable/btn_check_on_disabled_holo_light) that varies with configuration!!
    12-11 06:54:36.563: W/Resources(37): Preloaded drawable resource #0x10800eb (android:drawable/btn_check_off_disabled_holo_light) that varies with configuration!!
    12-11 06:54:36.563: W/Resources(37): Preloaded drawable resource #0x10800fe (android:drawable/btn_check_on_disabled_focused_holo_light) that varies with configuration!!
    12-11 06:54:36.573: W/Resources(37): Preloaded drawable resource #0x10800e9 (android:drawable/btn_check_off_disabled_focused_holo_light) that varies with configuration!!
    12-11 06:54:36.573: W/Resources(37): Preloaded drawable resource #0x10800eb (android:drawable/btn_check_off_disabled_holo_light) that varies with configuration!!
    12-11 06:54:36.583: W/Resources(37): Preloaded drawable resource #0x1080100 (android:drawable/btn_check_on_disabled_holo_light) that varies with configuration!!
    12-11 06:54:36.583: W/Resources(37): Preloaded drawable resource #0x1080100 (android:drawable/btn_check_on_disabled_holo_light) that varies with configuration!!
    12-11 06:54:36.633: D/dalvikvm(37): GC_EXPLICIT freed 191K, 14% free 2282K/2636K, paused 3ms+5ms, total 44ms
    12-11 06:54:36.653: W/Resources(37): Preloaded drawable resource #0x1080104 (android:drawable/btn_check_on_holo_dark) that varies with configuration!!
    12-11 06:54:36.663: W/Resources(37): Preloaded drawable resource #0x10800ef (android:drawable/btn_check_off_holo_dark) that varies with configuration!!
    12-11 06:54:36.673: W/Resources(37): Preloaded drawable resource #0x1080107 (android:drawable/btn_check_on_pressed_holo_dark) that varies with configuration!!
    12-11 06:54:36.673: W/Resources(37): Preloaded drawable resource #0x10800f4 (android:drawable/btn_check_off_pressed_holo_dark) that varies with configuration!!
    12-11 06:54:36.683: W/Resources(37): Preloaded drawable resource #0x1080101 (android:drawable/btn_check_on_focused_holo_dark) that varies with configuration!!
    12-11 06:54:36.683: W/Resources(37): Preloaded drawable resource #0x10800ec (android:drawable/btn_check_off_focused_holo_dark) that varies with configuration!!
    12-11 06:54:36.683: W/Resources(37): Preloaded drawable resource #0x10800ef (android:drawable/btn_check_off_holo_dark) that varies with configuration!!
    12-11 06:54:36.693: W/Resources(37): Preloaded drawable resource #0x1080104 (android:drawable/btn_check_on_holo_dark) that varies with configuration!!
    12-11 06:54:36.693: W/Resources(37): Preloaded drawable resource #0x10800ff (android:drawable/btn_check_on_disabled_holo_dark) that varies with configuration!!
    12-11 06:54:36.703: W/Resources(37): Preloaded drawable resource #0x10800ea (android:drawable/btn_check_off_disabled_holo_dark) that varies with configuration!!
    12-11 06:54:36.703: W/Resources(37): Preloaded drawable resource #0x10800fd (android:drawable/btn_check_on_disabled_focused_holo_dark) that varies with configuration!!
    12-11 06:54:36.703: W/Resources(37): Preloaded drawable resource #0x10800e8 (android:drawable/btn_check_off_disabled_focused_holo_dark) that varies with configuration!!
    12-11 06:54:36.713: W/Resources(37): Preloaded drawable resource #0x10800ea (android:drawable/btn_check_off_disabled_holo_dark) that varies with configuration!!
    12-11 06:54:36.713: W/Resources(37): Preloaded drawable resource #0x10800ff (android:drawable/btn_check_on_disabled_holo_dark) that varies with configuration!!
    12-11 06:54:36.713: W/Resources(37): Preloaded drawable resource #0x10800ff (android:drawable/btn_check_on_disabled_holo_dark) that varies with configuration!!
    12-11 06:54:36.773: D/dalvikvm(37): GC_EXPLICIT freed 153K, 14% free 2281K/2636K, paused 21ms+4ms, total 62ms
    12-11 06:54:36.783: W/Resources(37): Preloaded drawable resource #0x1080198 (android:drawable/btn_radio_on_pressed_holo_light) that varies with configuration!!
    12-11 06:54:36.793: W/Resources(37): Preloaded drawable resource #0x1080197 (android:drawable/btn_radio_on_pressed_holo_dark) that varies with configuration!!
    12-11 06:54:36.793: W/Resources(37): Preloaded drawable resource #0x1080195 (android:drawable/btn_radio_on_holo_light) that varies with configuration!!
    12-11 06:54:36.803: W/Resources(37): Preloaded drawable resource #0x1080194 (android:drawable/btn_radio_on_holo_dark) that varies with configuration!!
    12-11 06:54:36.823: W/Resources(37): Preloaded drawable resource #0x1080192 (android:drawable/btn_radio_on_focused_holo_light) that varies with configuration!!
    12-11 06:54:36.873: D/dalvikvm(37): GC_EXPLICIT freed 56K, 14% free 2279K/2636K, paused 4ms+5ms, total 43ms
    12-11 06:54:36.873: W/Resources(37): Preloaded drawable resource #0x1080191 (android:drawable/btn_radio_on_focused_holo_dark) that varies with configuration!!
    12-11 06:54:36.883: W/Resources(37): Preloaded drawable resource #0x1080190 (android:drawable/btn_radio_on_disabled_holo_light) that varies with configuration!!
    12-11 06:54:36.893: W/Resources(37): Preloaded drawable resource #0x108018f (android:drawable/btn_radio_on_disabled_holo_dark) that varies with configuration!!
    12-11 06:54:36.903: W/Resources(37): Preloaded drawable resource #0x108018e (android:drawable/btn_radio_on_disabled_focused_holo_light) that varies with configuration!!
    12-11 06:54:36.913: W/Resources(37): Preloaded drawable resource #0x108018d (android:drawable/btn_radio_on_disabled_focused_holo_dark) that varies with configuration!!
    12-11 06:54:36.953: D/dalvikvm(37): GC_EXPLICIT freed 53K, 14% free 2280K/2636K, paused 4ms+5ms, total 43ms
    12-11 06:54:36.963: W/Resources(37): Preloaded drawable resource #0x108018a (android:drawable/btn_radio_off_pressed_holo_light) that varies with configuration!!
    12-11 06:54:36.963: W/Resources(37): Preloaded drawable resource #0x1080189 (android:drawable/btn_radio_off_pressed_holo_dark) that varies with configuration!!
    12-11 06:54:36.983: W/Resources(37): Preloaded drawable resource #0x1080187 (android:drawable/btn_radio_off_holo_light) that varies with configuration!!
    12-11 06:54:36.983: W/Resources(37): Preloaded drawable resource #0x1080186 (android:drawable/btn_radio_off_holo_dark) that varies with configuration!!
    12-11 06:54:36.994: W/Resources(37): Preloaded drawable resource #0x1080184 (android:drawable/btn_radio_off_focused_holo_light) that varies with configuration!!
    12-11 06:54:37.043: D/dalvikvm(37): GC_EXPLICIT freed 53K, 14% free 2281K/2636K, paused 4ms+4ms, total 44ms
    12-11 06:54:37.043: W/Resources(37): Preloaded drawable resource #0x1080183 (android:drawable/btn_radio_off_focused_holo_dark) that varies with configuration!!
    12-11 06:54:37.053: W/Resources(37): Preloaded drawable resource #0x1080182 (android:drawable/btn_radio_off_disabled_holo_light) that varies with configuration!!
    12-11 06:54:37.053: W/Resources(37): Preloaded drawable resource #0x1080181 (android:drawable/btn_radio_off_disabled_holo_dark) that varies with configuration!!
    12-11 06:54:37.073: W/Resources(37): Preloaded drawable resource #0x1080180 (android:drawable/btn_radio_off_disabled_focused_holo_light) that varies with configuration!!
    12-11 06:54:37.073: W/Resources(37): Preloaded drawable resource #0x108017f (android:drawable/btn_radio_off_disabled_focused_holo_dark) that varies with configuration!!
    12-11 06:54:37.123: D/dalvikvm(37): GC_EXPLICIT freed 53K, 14% free 2282K/2636K, paused 4ms+4ms, total 44ms
    12-11 06:54:37.123: W/Resources(37): Preloaded drawable resource #0x108012b (android:drawable/btn_default_pressed_holo_light) that varies with configuration!!
    12-11 06:54:37.133: W/Resources(37): Preloaded drawable resource #0x108012a (android:drawable/btn_default_pressed_holo_dark) that varies with configuration!!
    12-11 06:54:37.133: W/Resources(37): Preloaded drawable resource #0x1080127 (android:drawable/btn_default_normal_holo_light) that varies with configuration!!
    12-11 06:54:37.153: W/Resources(37): Preloaded drawable resource #0x1080126 (android:drawable/btn_default_normal_holo_dark) that varies with configuration!!
    12-11 06:54:37.153: W/Resources(37): Preloaded drawable resource #0x108011f (android:drawable/btn_default_focused_holo_light) that varies with configuration!!
    12-11 06:54:37.164: W/Resources(37): Preloaded drawable resource #0x108011e (android:drawable/btn_default_focused_holo_dark) that varies with configuration!!
    12-11 06:54:37.213: D/dalvikvm(37): GC_EXPLICIT freed 55K, 14% free 2282K/2636K, paused 4ms+4ms, total 44ms
    12-11 06:54:37.213: W/Resources(37): Preloaded drawable resource #0x108011c (android:drawable/btn_default_disabled_holo_light) that varies with configuration!!
    12-11 06:54:37.213: W/Resources(37): Preloaded drawable resource #0x108011b (android:drawable/btn_default_disabled_holo_dark) that varies with configuration!!
    12-11 06:54:37.243: W/Resources(37): Preloaded drawable resource #0x1080119 (android:drawable/btn_default_disabled_focused_holo_light) that varies with configuration!!
    12-11 06:54:37.243: W/Resources(37): Preloaded drawable resource #0x1080118 (android:drawable/btn_default_disabled_focused_holo_dark) that varies with configuration!!
    12-11 06:54:37.243: W/Resources(37): Preloaded drawable resource #0x1080126 (android:drawable/btn_default_normal_holo_dark) that varies with configuration!!
    12-11 06:54:37.253: W/Resources(37): Preloaded drawable resource #0x108011b (android:drawable/btn_default_disabled_holo_dark) that varies with configuration!!
    12-11 06:54:37.253: W/Resources(37): Preloaded drawable resource #0x108012a (android:drawable/btn_default_pressed_holo_dark) that varies with configuration!!
    12-11 06:54:37.263: W/Resources(37): Preloaded drawable resource #0x108011e (android:drawable/btn_default_focused_holo_dark) that varies with configuration!!
    12-11 06:54:37.263: W/Resources(37): Preloaded drawable resource #0x1080126 (android:drawable/btn_default_normal_holo_dark) that varies with configuration!!
    12-11 06:54:37.274: W/Resources(37): Preloaded drawable resource #0x1080118 (android:drawable/btn_default_disabled_focused_holo_dark) that varies with configuration!!
    12-11 06:54:37.274: W/Resources(37): Preloaded drawable resource #0x108011b (android:drawable/btn_default_disabled_holo_dark) that varies with configuration!!
    12-11 06:54:37.274: W/Resources(37): Preloaded drawable resource #0x108011b (android:drawable/btn_default_disabled_holo_dark) that varies with configuration!!
    12-11 06:54:37.333: D/dalvikvm(37): GC_EXPLICIT freed 101K, 14% free 2284K/2636K, paused 4ms+4ms, total 64ms
    12-11 06:54:37.343: W/Resources(37): Preloaded drawable resource #0x1080127 (android:drawable/btn_default_normal_holo_light) that varies with configuration!!
    12-11 06:54:37.353: W/Resources(37): Preloaded drawable resource #0x108011c (android:drawable/btn_default_disabled_holo_light) that varies with configuration!!
    12-11 06:54:37.353: W/Resources(37): Preloaded drawable resource #0x108012b (android:drawable/btn_default_pressed_holo_light) that varies with configuration!!
    12-11 06:54:37.353: W/Resources(37): Preloaded drawable resource #0x108011f (android:drawable/btn_default_focused_holo_light) that varies with configuration!!
    12-11 06:54:37.363: W/Resources(37): Preloaded drawable resource #0x1080127 (android:drawable/btn_default_normal_holo_light) that varies with configuration!!
    12-11 06:54:37.363: W/Resources(37): Preloaded drawable resource #0x1080119 (android:drawable/btn_default_disabled_focused_holo_light) that varies with configuration!!
    12-11 06:54:37.373: W/Resources(37): Preloaded drawable resource #0x108011c (android:drawable/btn_default_disabled_holo_light) that varies with configuration!!
    12-11 06:54:37.373: W/Resources(37): Preloaded drawable resource #0x108011c (android:drawable/btn_default_disabled_holo_light) that varies with configuration!!
    12-11 06:54:37.433: D/dalvikvm(37): GC_EXPLICIT freed 66K, 14% free 2284K/2636K, paused 3ms+4ms, total 58ms
    12-11 06:54:37.433: W/Resources(37): Preloaded drawable resource #0x10801d4 (android:drawable/btn_star_off_normal_holo_light) that varies with configuration!!
    12-11 06:54:37.443: W/Resources(37): Preloaded drawable resource #0x10801de (android:drawable/btn_star_on_normal_holo_light) that varies with configuration!!
    12-11 06:54:37.443: W/Resources(37): Preloaded drawable resource #0x10801da (android:drawable/btn_star_on_disabled_holo_light) that varies with configuration!!
    12-11 06:54:37.453: W/Resources(37): Preloaded drawable resource #0x10801d0 (android:drawable/btn_star_off_disabled_holo_light) that varies with configuration!!
    12-11 06:54:37.453: W/Resources(37): Preloaded drawable resource #0x10801e0 (android:drawable/btn_star_on_pressed_holo_light) that varies with configuration!!
    12-11 06:54:37.513: D/dalvikvm(37): GC_EXPLICIT freed 53K, 14% free 2285K/2636K, paused 3ms+4ms, total 60ms
    12-11 06:54:37.523: W/Resources(37): Preloaded drawable resource #0x10801d6 (android:drawable/btn_star_off_pressed_holo_light) that varies with configuration!!
    12-11 06:54:37.533: W/Resources(37): Preloaded drawable resource #0x10801dc (android:drawable/btn_star_on_focused_holo_light) that varies with configuration!!
    12-11 06:54:37.533: W/Resources(37): Preloaded drawable resource #0x10801d2 (android:drawable/btn_star_off_focused_holo_light) that varies with configuration!!
    12-11 06:54:37.543: W/Resources(37): Preloaded drawable resource #0x10801d8 (android:drawable/btn_star_on_disabled_focused_holo_light) that varies with configuration!!
    12-11 06:54:37.543: W/Resources(37): Preloaded drawable resource #0x10801ce (android:drawable/btn_star_off_disabled_focused_holo_light) that varies with configuration!!
    12-11 06:54:37.603: D/dalvikvm(37): GC_EXPLICIT freed 54K, 14% free 2286K/2636K, paused 4ms+4ms, total 59ms
    12-11 06:54:37.613: W/Resources(37): Preloaded drawable resource #0x10801d4 (android:drawable/btn_star_off_normal_holo_light) that varies with configuration!!
    12-11 06:54:37.623: W/Resources(37): Preloaded drawable resource #0x10801de (android:drawable/btn_star_on_normal_holo_light) that varies with configuration!!
    12-11 06:54:37.623: W/Resources(37): Preloaded drawable resource #0x10801da (android:drawable/btn_star_on_disabled_holo_light) that varies with configuration!!
    12-11 06:54:37.623: W/Resources(37): Preloaded drawable resource #0x10801d0 (android:drawable/btn_star_off_disabled_holo_light) that varies with configuration!!
    12-11 06:54:37.633: W/Resources(37): Preloaded drawable resource #0x10801e0 (android:drawable/btn_star_on_pressed_holo_light) that varies with configuration!!
    12-11 06:54:37.643: W/Resources(37): Preloaded drawable resource #0x10801d6 (android:drawable/btn_star_off_pressed_holo_light) that varies with configuration!!
    12-11 06:54:37.653: W/Resources(37): Preloaded drawable resource #0x10801dc (android:drawable/btn_star_on_focused_holo_light) that varies with configuration!!
    12-11 06:54:37.663: W/Resources(37): Preloaded drawable resource #0x10801d2 (android:drawable/btn_star_off_focused_holo_light) that varies with configuration!!
    12-11 06:54:37.673: W/Resources(37): Preloaded drawable resource #0x10801d8 (android:drawable/btn_star_on_disabled_focused_holo_light) that varies with configuration!!
    12-11 06:54:37.673: W/Resources(37): Preloaded drawable resource #0x10801da (android:drawable/btn_star_on_disabled_holo_light) that varies with configuration!!
    12-11 06:54:37.684: W/Resources(37): Preloaded drawable resource #0x10801ce (android:drawable/btn_star_off_disabled_focused_holo_light) that varies with configuration!!
    12-11 06:54:37.684: W/Resources(37): Preloaded drawable resource #0x10801d0 (android:drawable/btn_star_off_disabled_holo_light) that varies with configuration!!
    12-11 06:54:37.693: W/Resources(37): Preloaded drawable resource #0x10801d4 (android:drawable/btn_star_off_normal_holo_light) that varies with configuration!!
    12-11 06:54:37.703: W/Resources(37): Preloaded drawable resource #0x10801de (android:drawable/btn_star_on_normal_holo_light) that varies with configuration!!
    12-11 06:54:37.703: W/Resources(37): Preloaded drawable resource #0x10801de (android:drawable/btn_star_on_normal_holo_light) that varies with configuration!!
    12-11 06:54:37.763: D/dalvikvm(37): GC_EXPLICIT freed 150K, 14% free 2290K/2636K, paused 3ms+8ms, total 60ms
    12-11 06:54:37.763: W/Resources(37): Preloaded drawable resource #0x10801d3 (android:drawable/btn_star_off_normal_holo_dark) that varies with configuration!!
    12-11 06:54:37.774: W/Resources(37): Preloaded drawable resource #0x10801dd (android:drawable/btn_star_on_normal_holo_dark) that varies with configuration!!
    12-11 06:54:37.774: W/Resources(37): Preloaded drawable resource #0x10801d9 (android:drawable/btn_star_on_disabled_holo_dark) that varies with configuration!!
    12-11 06:54:37.783: W/Resources(37): Preloaded drawable resource #0x10801cf (android:drawable/btn_star_off_disabled_holo_dark) that varies with configuration!!
    12-11 06:54:37.783: W/Resources(37): Preloaded drawable resource #0x10801df (android:drawable/btn_star_on_pressed_holo_dark) that varies with configuration!!
    12-11 06:54:37.843: D/dalvikvm(37): GC_EXPLICIT freed 56K, 14% free 2287K/2636K, paused 4ms+4ms, total 60ms
    12-11 06:54:37.853: W/Resources(37): Preloaded drawable resource #0x10801d5 (android:drawable/btn_star_off_pressed_holo_dark) that varies with configuration!!
    12-11 06:54:37.863: W/Resources(37): Preloaded drawable resource #0x10801db (android:drawable/btn_star_on_focused_holo_dark) that varies with configuration!!
    12-11 06:54:37.863: W/Resources(37): Preloaded drawable resource #0x10801d1 (android:drawable/btn_star_off_focused_holo_dark) that varies with configuration!!
    12-11 06:54:37.873: W/Resources(37): Preloaded drawable resource #0x10801d7 (android:drawable/btn_star_on_disabled_focused_holo_dark) that varies with configuration!!
    12-11 06:54:37.873: W/Resources(37): Preloaded drawable resource #0x10801cd (android:drawable/btn_star_off_disabled_focused_holo_dark) that varies with configuration!!
    12-11 06:54:37.933: D/dalvikvm(37): GC_EXPLICIT freed 53K, 14% free 2288K/2636K, paused 4ms+4ms, total 59ms
    12-11 06:54:37.943: W/Resources(37): Preloaded drawable resource #0x10801d3 (android:drawable/btn_star_off_normal_holo_dark) that varies with configuration!!
    12-11 06:54:37.953: W/Resources(37): Preloaded drawable resource #0x10801dd (android:drawable/btn_star_on_normal_holo_dark) that varies with configuration!!
    12-11 06:54:37.953: W/Resources(37): Preloaded drawable resource #0x10801d9 (android:drawable/btn_star_on_disabled_holo_dark) that varies with configuration!!
    12-11 06:54:37.953: W/Resources(37): Preloaded drawable resource #0x10801cf (android:drawable/btn_star_off_disabled_holo_dark) that varies with configuration!!
    12-11 06:54:37.964: W/Resources(37): Preloaded drawable resource #0x10801df (android:drawable/btn_star_on_pressed_holo_dark) that varies with configuration!!
    12-11 06:54:37.973: W/Resources(37): Preloaded drawable resource #0x10801d5 (android:drawable/btn_star_off_pressed_holo_dark) that varies with configuration!!
    12-11 06:54:37.973: W/Resources(37): Preloaded drawable resource #0x10801db (android:drawable/btn_star_on_focused_holo_dark) that varies with configuration!!
    12-11 06:54:37.983: W/Resources(37): Preloaded drawable resource #0x10801d1 (android:drawable/btn_star_off_focused_holo_dark) that varies with configuration!!
    12-11 06:54:38.003: W/Resources(37): Preloaded drawable resource #0x10801d7 (android:drawable/btn_star_on_disabled_focused_holo_dark) that varies with configuration!!
    12-11 06:54:38.003: W/Resources(37): Preloaded drawable resource #0x10801d9 (android:drawable/btn_star_on_disabled_holo_dark) that varies with configuration!!
    12-11 06:54:38.013: W/Resources(37): Preloaded drawable resource #0x10801cd (android:drawable/btn_star_off_disabled_focused_holo_dark) that varies with configuration!!
    12-11 06:54:38.013: W/Resources(37): Preloaded drawable resource #0x10801cf (android:drawable/btn_star_off_disabled_holo_dark) that varies with configuration!!
    12-11 06:54:38.023: W/Resources(37): Preloaded drawable resource #0x10801d3 (android:drawable/btn_star_off_normal_holo_dark) that varies with configuration!!
    12-11 06:54:38.023: W/Resources(37): Preloaded drawable resource #0x10801dd (android:drawable/btn_star_on_normal_holo_dark) that varies with configuration!!
    12-11 06:54:38.023: W/Resources(37): Preloaded drawable resource #0x10801dd (android:drawable/btn_star_on_normal_holo_dark) that varies with configuration!!
    12-11 06:54:38.083: D/dalvikvm(37): GC_EXPLICIT freed 150K, 14% free 2291K/2636K, paused 3ms+8ms, total 59ms
    12-11 06:54:38.093: W/Resources(37): Preloaded drawable resource #0x10801fa (android:drawable/btn_toggle_on_pressed_holo_light) that varies with configuration!!
    12-11 06:54:38.103: W/Resources(37): Preloaded drawable resource #0x10801f9 (android:drawable/btn_toggle_on_pressed_holo_dark) that varies with configuration!!
    12-11 06:54:38.103: W/Resources(37): Preloaded drawable resource #0x10801f8 (android:drawable/btn_toggle_on_normal_holo_light) that varies with configuration!!
    12-11 06:54:38.113: W/Resources(37): Preloaded drawable resource #0x10801f7 (android:drawable/btn_toggle_on_normal_holo_dark) that varies with configuration!!
    12-11 06:54:38.113: W/Resources(37): Preloaded drawable resource #0x10801f6 (android:drawable/btn_toggle_on_focused_holo_light) that varies with configuration!!
    12-11 06:54:38.113: W/Resources(37): Preloaded drawable resource #0x10801f5 (android:drawable/btn_toggle_on_focused_holo_dark) that varies with configuration!!
    12-11 06:54:38.183: D/dalvikvm(37): GC_EXPLICIT freed 58K, 14% free 2289K/2636K, paused 4ms+4ms, total 70ms
    12-11 06:54:38.193: W/Resources(37): Preloaded drawable resource #0x10801f4 (android:drawable/btn_toggle_on_disabled_holo_light) that varies with configuration!!
    12-11 06:54:38.193: W/Resources(37): Preloaded drawable resource #0x10801f3 (android:drawable/btn_toggle_on_disabled_holo_dark) that varies with configuration!!
    12-11 06:54:38.223: W/Resources(37): Preloaded drawable resource #0x10801f2 (android:drawable/btn_toggle_on_disabled_focused_holo_light) that varies with configuration!!
    12-11 06:54:38.253: W/Resources(37): Preloaded drawable resource #0x10801f1 (android:drawable/btn_toggle_on_disabled_focused_holo_dark) that varies with configuration!!
    12-11 06:54:38.253: W/Resources(37): Preloaded drawable resource #0x10801ef (android:drawable/btn_toggle_off_pressed_holo_light) that varies with configuration!!
    12-11 06:54:38.273: W/Resources(37): Preloaded drawable resource #0x10801ee (android:drawable/btn_toggle_off_pressed_holo_dark) that varies with configuration!!
    12-11 06:54:38.373: D/dalvikvm(37): GC_EXPLICIT freed 55K, 14% free 2290K/2636K, paused 4ms+4ms, total 102ms
    12-11 06:54:38.384: W/Resources(37): Preloaded drawable resource #0x10801ed (android:drawable/btn_toggle_off_normal_holo_light) that varies with configuration!!
    12-11 06:54:38.384: W/Resources(37): Preloaded drawable resource #0x10801ec (android:drawable/btn_toggle_off_normal_holo_dark) that varies with configuration!!
    12-11 06:54:38.403: W/Resources(37): Preloaded drawable resource #0x10801eb (android:drawable/btn_toggle_off_focused_holo_light) that varies with configuration!!
    12-11 06:54:38.423: W/Resources(37): Preloaded drawable resource #0x10801ea (android:drawable/btn_toggle_off_focused_holo_dark) that varies with configuration!!
    12-11 06:54:38.443: W/Resources(37): Preloaded drawable resource #0x10801e9 (android:drawable/btn_toggle_off_disabled_holo_light) that varies with configuration!!
    12-11 06:54:38.443: W/Resources(37): Preloaded drawable resource #0x10801e8 (android:drawable/btn_toggle_off_disabled_holo_dark) that varies with configuration!!
    12-11 06:54:38.523: D/dalvikvm(37): GC_EXPLICIT freed 55K, 14% free 2291K/2636K, paused 4ms+4ms, total 82ms
    12-11 06:54:38.533: W/Resources(37): Preloaded drawable resource #0x10801e7 (android:drawable/btn_toggle_off_disabled_focused_holo_light) that varies with configuration!!
    12-11 06:54:38.533: W/Resources(37): Preloaded drawable resource #0x10801e6 (android:drawable/btn_toggle_off_disabled_focused_holo_dark) that varies with configuration!!
    12-11 06:54:38.543: W/Resources(37): Preloaded drawable resource #0x10801f8 (android:drawable/btn_toggle_on_normal_holo_light) that varies with configuration!!
    12-11 06:54:38.543: W/Resources(37): Preloaded drawable resource #0x10801f4 (android:drawable/btn_toggle_on_disabled_holo_light) that varies with configuration!!
    12-11 06:54:38.553: W/Resources(37): Preloaded drawable resource #0x10801fa (android:drawable/btn_toggle_on_pressed_holo_light) that varies with configuration!!
    12-11 06:54:38.553: W/Resources(37): Preloaded drawable resource #0x10801f6 (android:drawable/btn_toggle_on_focused_holo_light) that varies with configuration!!
    12-11 06:54:38.563: W/Resources(37): Preloaded drawable resource #0x10801f8 (android:drawable/btn_toggle_on_normal_holo_light) that varies with configuration!!
    12-11 06:54:38.563: W/Resources(37): Preloaded drawable resource #0x10801f2 (android:drawable/btn_toggle_on_disabled_focused_holo_light) that varies with configuration!!
    12-11 06:54:38.563: W/Resources(37): Preloaded drawable resource #0x10801f4 (android:drawable/btn_toggle_on_disabled_holo_light) that varies with configuration!!
    12-11 06:54:38.573: W/Resources(37): Preloaded drawable resource #0x10801ed (android:drawable/btn_toggle_off_normal_holo_light) that varies with configuration!!
    12-11 06:54:38.593: W/Resources(37): Preloaded drawable resource #0x10801e9 (android:drawable/btn_toggle_off_disabled_holo_light) that varies with configuration!!
    12-11 06:54:38.593: W/Resources(37): Preloaded drawable resource #0x10801ef (android:drawable/btn_toggle_off_pressed_holo_light) that varies with configuration!!
    12-11 06:54:38.603: W/Resources(37): Preloaded drawable resource #0x10801eb (android:drawable/btn_toggle_off_focused_holo_light) that varies with configuration!!
    12-11 06:54:38.603: W/Resources(37): Preloaded drawable resource #0x10801ed (android:drawable/btn_toggle_off_normal_holo_light) that varies with configuration!!
    12-11 06:54:38.613: W/Resources(37): Preloaded drawable resource #0x10801e7 (android:drawable/btn_toggle_off_disabled_focused_holo_light) that varies with configuration!!
    12-11 06:54:38.613: W/Resources(37): Preloaded drawable resource #0x10801e9 (android:drawable/btn_toggle_off_disabled_holo_light) that varies with configuration!!
    12-11 06:54:38.613: W/Resources(37): Preloaded drawable resource #0x10801e9 (android:drawable/btn_toggle_off_disabled_holo_light) that varies with configuration!!
    12-11 06:54:38.673: D/dalvikvm(37): GC_EXPLICIT freed 148K, 13% free 2293K/2636K, paused 4ms+8ms, total 59ms
    12-11 06:54:38.683: W/Resources(37): Preloaded drawable resource #0x10801f7 (android:drawable/btn_toggle_on_normal_holo_dark) that varies with configuration!!
    12-11 06:54:38.693: W/Resources(37): Preloaded drawable resource #0x10801f3 (android:drawable/btn_toggle_on_disabled_holo_dark) that varies with configuration!!
    12-11 06:54:38.693: W/Resources(37): Preloaded drawable resource #0x10801f9 (android:drawable/btn_toggle_on_pressed_holo_dark) that varies with configuration!!
    12-11 06:54:38.693: W/Resources(37): Preloaded drawable resource #0x10801f5 (android:drawable/btn_toggle_on_focused_holo_dark) that varies with configuration!!
    12-11 06:54:38.703: W/Resources(37): Preloaded drawable resource #0x10801f7 (android:drawable/btn_toggle_on_normal_holo_dark) that varies with configuration!!
    12-11 06:54:38.703: W/Resources(37): Preloaded drawable resource #0x10801f1 (android:drawable/btn_toggle_on_disabled_focused_holo_dark) that varies with configuration!!
    12-11 06:54:38.713: W/Resources(37): Preloaded drawable resource #0x10801f3 (android:drawable/btn_toggle_on_disabled_holo_dark) that varies with configuration!!
    12-11 06:54:38.713: W/Resources(37): Preloaded drawable resource #0x10801ec (android:drawable/btn_toggle_off_normal_holo_dark) that varies with configuration!!
    12-11 06:54:38.723: W/Resources(37): Preloaded drawable resource #0x10801e8 (android:drawable/btn_toggle_off_disabled_holo_dark) that varies with configuration!!
    12-11 06:54:38.723: W/Resources(37): Preloaded drawable resource #0x10801ee (android:drawable/btn_toggle_off_pressed_holo_dark) that varies with configuration!!
    12-11 06:54:38.723: W/Resources(37): Preloaded drawable resource #0x10801ea (android:drawable/btn_toggle_off_focused_holo_dark) that varies with configuration!!
