    12-11 06:54:45.074: W/Resources(37): Preloaded drawable resource #0x10805bc (android:drawable/tab_selected_holo) that varies with configuration!!
    12-11 06:54:45.083: W/Resources(37): Preloaded drawable resource #0x10805c0 (android:drawable/tab_unselected_focused_holo) that varies with configuration!!
    12-11 06:54:45.083: W/Resources(37): Preloaded drawable resource #0x10805bb (android:drawable/tab_selected_focused_holo) that varies with configuration!!
    12-11 06:54:45.093: W/Resources(37): Preloaded drawable resource #0x10805c2 (android:drawable/tab_unselected_pressed_holo) that varies with configuration!!
    12-11 06:54:45.103: W/Resources(37): Preloaded drawable resource #0x10805bd (android:drawable/tab_selected_pressed_holo) that varies with configuration!!
    12-11 06:54:45.123: W/Resources(37): Preloaded drawable resource #0x10805c2 (android:drawable/tab_unselected_pressed_holo) that varies with configuration!!
    12-11 06:54:45.123: W/Resources(37): Preloaded drawable resource #0x10805bd (android:drawable/tab_selected_pressed_holo) that varies with configuration!!
    12-11 06:54:45.133: W/Resources(37): Preloaded drawable resource #0x10805bd (android:drawable/tab_selected_pressed_holo) that varies with configuration!!
    12-11 06:54:45.133: W/Resources(37): Preloaded drawable resource #0x10805c1 (android:drawable/tab_unselected_holo) that varies with configuration!!
    12-11 06:54:45.153: W/Resources(37): Preloaded drawable resource #0x10805bc (android:drawable/tab_selected_holo) that varies with configuration!!
    12-11 06:54:45.153: W/Resources(37): Preloaded drawable resource #0x10805c0 (android:drawable/tab_unselected_focused_holo) that varies with configuration!!
    12-11 06:54:45.164: W/Resources(37): Preloaded drawable resource #0x10805bb (android:drawable/tab_selected_focused_holo) that varies with configuration!!
    12-11 06:54:45.173: W/Resources(37): Preloaded drawable resource #0x10805c2 (android:drawable/tab_unselected_pressed_holo) that varies with configuration!!
    12-11 06:54:45.183: W/Resources(37): Preloaded drawable resource #0x10805bd (android:drawable/tab_selected_pressed_holo) that varies with configuration!!
    12-11 06:54:45.213: W/Resources(37): Preloaded drawable resource #0x10804a5 (android:drawable/quickcontact_badge_overlay_pressed_dark) that varies with configuration!!
    12-11 06:54:45.223: W/Resources(37): Preloaded drawable resource #0x10804a0 (android:drawable/quickcontact_badge_overlay_focused_dark) that varies with configuration!!
    12-11 06:54:45.223: W/Resources(37): Preloaded drawable resource #0x10804a3 (android:drawable/quickcontact_badge_overlay_normal_dark) that varies with configuration!!
    12-11 06:54:45.223: W/Resources(37): Preloaded drawable resource #0x10804a3 (android:drawable/quickcontact_badge_overlay_normal_dark) that varies with configuration!!
    12-11 06:54:45.233: W/Resources(37): Preloaded drawable resource #0x10804a3 (android:drawable/quickcontact_badge_overlay_normal_dark) that varies with configuration!!
    12-11 06:54:45.233: D/dalvikvm(37): WAIT_FOR_CONCURRENT_GC blocked 1ms
    12-11 06:54:45.313: D/dalvikvm(37): GC_EXPLICIT freed 56K, 28% free 2367K/3260K, paused 5ms+5ms, total 81ms
    12-11 06:54:45.323: W/Resources(37): Preloaded drawable resource #0x10804a5 (android:drawable/quickcontact_badge_overlay_pressed_dark) that varies with configuration!!
    12-11 06:54:45.333: W/Resources(37): Preloaded drawable resource #0x10804a6 (android:drawable/quickcontact_badge_overlay_pressed_light) that varies with configuration!!
    12-11 06:54:45.343: W/Resources(37): Preloaded drawable resource #0x10804a1 (android:drawable/quickcontact_badge_overlay_focused_light) that varies with configuration!!
    12-11 06:54:45.353: W/Resources(37): Preloaded drawable resource #0x10804a4 (android:drawable/quickcontact_badge_overlay_normal_light) that varies with configuration!!
    12-11 06:54:45.353: W/Resources(37): Preloaded drawable resource #0x10804a4 (android:drawable/quickcontact_badge_overlay_normal_light) that varies with configuration!!
    12-11 06:54:45.373: W/Resources(37): Preloaded drawable resource #0x10804a4 (android:drawable/quickcontact_badge_overlay_normal_light) that varies with configuration!!
    12-11 06:54:45.384: W/Resources(37): Preloaded drawable resource #0x10804a6 (android:drawable/quickcontact_badge_overlay_pressed_light) that varies with configuration!!
    12-11 06:54:45.393: I/Zygote(37): ...preloaded 270 resources in 9287ms.
    12-11 06:54:45.483: D/dalvikvm(37): GC_EXPLICIT freed 48K, 28% free 2371K/3260K, paused 5ms+6ms, total 69ms
    12-11 06:54:45.514: I/Zygote(37): ...preloaded 31 resources in 126ms.
    12-11 06:54:45.583: D/dalvikvm(37): GC_EXPLICIT freed 9K, 28% free 2379K/3260K, paused 11ms+5ms, total 69ms
    12-11 06:54:45.663: D/dalvikvm(37): GC_EXPLICIT freed 7K, 28% free 2371K/3260K, paused 7ms+4ms, total 71ms
    12-11 06:54:45.733: D/dalvikvm(37): GC_EXPLICIT freed <1K, 28% free 2371K/3260K, paused 4ms+12ms, total 69ms
    12-11 06:54:45.763: I/dalvikvm(37): System server process 294 has been created
    12-11 06:54:45.793: I/Zygote(37): Accepting command socket connections
    12-11 06:54:46.033: E/BatteryService(294): usbOnlinePath not found
    12-11 06:54:46.044: E/BatteryService(294): wirelessOnlinePath not found
    12-11 06:54:46.044: E/BatteryService(294): batteryVoltagePath not found
    12-11 06:54:46.044: E/BatteryService(294): batteryTemperaturePath not found
    12-11 06:54:46.063: I/sysproc(294): Entered system_init()
    12-11 06:54:46.073: I/sysproc(294): ServiceManager: 0x2a1b91e0
    12-11 06:54:46.073: D/SensorService(294): nuSensorService starting...
    12-11 06:54:46.094: I/SensorService(294): Goldfish 3-axis Accelerometer
    12-11 06:54:46.094: I/SensorService(294): Goldfish 3-axis Magnetic field sensor
    12-11 06:54:46.094: I/SensorService(294): Goldfish Orientation sensor
    12-11 06:54:46.094: I/SensorService(294): Goldfish Temperature sensor
    12-11 06:54:46.094: I/SensorService(294): Goldfish Proximity sensor
    12-11 06:54:46.103: I/sysproc(294): System server: starting Android runtime.
    12-11 06:54:46.103: I/sysproc(294): System server: starting Android services.
    12-11 06:54:46.113: I/SystemServer(294): Entered the Android system server!
    12-11 06:54:46.123: I/sysproc(294): System server: entering thread pool.
    12-11 06:54:46.143: D/SensorService(294): nuSensorService thread starting...
    12-11 06:54:46.153: I/SystemServer(294): Enabled StrictMode logging for UI Looper
    12-11 06:54:46.153: I/SystemServer(294): Waiting for installd to be ready.
    12-11 06:54:46.164: I/Installer(294): connecting...
    12-11 06:54:46.164: I/installd(40): new connection
    12-11 06:54:46.173: I/SystemServer(294): Entropy Mixer
    12-11 06:54:46.183: I/SystemServer(294): Enabled StrictMode logging for WM Looper
    12-11 06:54:46.233: I/SystemServer(294): Power Manager
    12-11 06:54:46.233: E/PowerManagerService-JNI(294): Couldn't load power module (No such file or directory)
    12-11 06:54:46.243: I/SystemServer(294): Activity Manager
    12-11 06:54:46.283: I/ActivityManager(294): Memory class: 48
    12-11 06:54:46.373: W/UsageStats(294): Usage stats version changed; dropping
    12-11 06:54:46.514: I/ActivityManager(294): Enabled StrictMode logging for AThread's Looper
    12-11 06:54:46.514: I/SystemServer(294): Display Manager
    12-11 06:54:46.543: E/SurfaceFlinger(36): ro.sf.lcd_density must be defined as a build property
    12-11 06:54:46.563: I/SystemServer(294): Telephony Registry
    12-11 06:54:46.573: I/DisplayManagerService(294): Display device added: DisplayDeviceInfo{"Built-in Screen": 480 x 800, 260.416 fps, density 240, 240.0 x 240.0 dpi, touch INTERNAL, FLAG_DEFAULT_DISPLAY, FLAG_ROTATES_WITH_CONTENT, FLAG_SECURE, FLAG_SUPPORTS_PROTECTED_BUFFERS, rotation 0, type BUILT_IN, address null}
    12-11 06:54:46.583: I/SystemServer(294): Scheduling Policy
    12-11 06:54:46.583: I/SystemServer(294): Package Manager
    12-11 06:54:46.733: D/dalvikvm(294): GC_CONCURRENT freed 255K, 13% free 2625K/3004K, paused 7ms+4ms, total 102ms
    12-11 06:54:46.743: D/dalvikvm(294): WAIT_FOR_CONCURRENT_GC blocked 10ms
    12-11 06:54:47.323: W/PackageManager(294): Running ENG build: no pre-dexopt!
    12-11 06:54:47.373: D/dalvikvm(294): GC_CONCURRENT freed 294K, 13% free 2778K/3188K, paused 5ms+21ms, total 96ms
    12-11 06:54:47.963: D/dalvikvm(294): GC_CONCURRENT freed 159K, 9% free 3032K/3308K, paused 6ms+14ms, total 97ms
    12-11 06:54:48.564: D/dalvikvm(294): GC_CONCURRENT freed 182K, 9% free 3268K/3568K, paused 5ms+6ms, total 97ms
    12-11 06:54:48.933: W/PackageManager(294): Package com.android.camera desires unavailable shared library com.google.android.media.effects; ignoring!
    12-11 06:54:49.193: D/dalvikvm(294): GC_CONCURRENT freed 269K, 11% free 3420K/3808K, paused 5ms+32ms, total 124ms
    12-11 06:54:49.353: W/PackageParser(294): No actions in intent filter at /system/app/Contacts.apk Binary XML file line #533
    12-11 06:54:49.384: D/PackageManager(294): No files in app dir /vendor/app
    12-11 06:54:49.823: D/dalvikvm(294): GC_CONCURRENT freed 256K, 9% free 3648K/4004K, paused 6ms+6ms, total 135ms
    12-11 06:54:49.874: W/PackageParser(294): No actions in intent filter at /data/app/ApiDemos.apk Binary XML file line #2674
    12-11 06:54:49.874: W/PackageParser(294): No actions in intent filter at /data/app/ApiDemos.apk Binary XML file line #2680
    12-11 06:54:49.883: W/PackageManager(294): Package com.example.android.apis desires unavailable shared library com.example.will.never.exist; ignoring!
    12-11 06:54:50.003: I/PackageManager(294): Time to scan packages: 2.685 seconds
    12-11 06:54:50.033: W/PackageManager(294): Unknown permission com.google.android.googleapps.permission.GOOGLE_AUTH.mail in package com.android.contacts
    12-11 06:54:50.033: W/PackageManager(294): Unknown permission android.permission.ADD_SYSTEM_SERVICE in package com.android.phone
    12-11 06:54:50.033: W/PackageManager(294): Unknown permission com.android.smspush.WAPPUSH_MANAGER_BIND in package com.android.phone
    12-11 06:54:50.044: W/PackageManager(294): Unknown permission com.google.android.googleapps.permission.GOOGLE_AUTH in package com.android.providers.calendar
    12-11 06:54:50.044: W/PackageManager(294): Unknown permission com.google.android.googleapps.permission.GOOGLE_AUTH.cl in package com.android.providers.calendar
    12-11 06:54:50.044: W/PackageManager(294): Unknown permission com.google.android.googleapps.permission.GOOGLE_AUTH.mail in package com.android.calendar
    12-11 06:54:50.053: W/PackageManager(294): Not granting permission android.permission.SEND_DOWNLOAD_COMPLETED_INTENTS to package com.android.browser (protectionLevel=2 flags=0x9be45)
    12-11 06:54:50.053: W/PackageManager(294): Not granting permission android.permission.BIND_APPWIDGET to package com.android.widgetpreview (protectionLevel=18 flags=0x8be44)
    12-11 06:54:50.063: W/PackageManager(294): Unknown permission com.google.android.googleapps.permission.GOOGLE_AUTH in package com.android.settings
    12-11 06:54:50.073: W/PackageManager(294): Unknown permission com.android.email.permission.READ_ATTACHMENT in package com.android.exchange
    12-11 06:54:50.073: W/PackageManager(294): Unknown permission com.android.email.permission.ACCESS_PROVIDER in package com.android.exchange
    12-11 06:54:50.073: W/PackageManager(294): Unknown permission com.google.android.gallery3d.permission.GALLERY_PROVIDER in package com.android.exchange
    12-11 06:54:50.083: W/PackageManager(294): Unknown permission com.google.android.googleapps.permission.ACCESS_GOOGLE_PASSWORD in package com.android.development
    12-11 06:54:50.083: W/PackageManager(294): Unknown permission com.google.android.googleapps.permission.GOOGLE_AUTH in package com.android.development
    12-11 06:54:50.083: W/PackageManager(294): Unknown permission com.google.android.googleapps.permission.GOOGLE_AUTH.ALL_SERVICES in package com.android.development
    12-11 06:54:50.103: W/PackageManager(294): Unknown permission com.google.android.googleapps.permission.GOOGLE_AUTH.YouTubeUser in package com.android.development
    12-11 06:54:50.123: W/PackageManager(294): Not granting permission android.permission.DEVICE_POWER to package com.android.deskclock (protectionLevel=2 flags=0x8be45)
    12-11 06:54:50.333: D/dalvikvm(294): GC_CONCURRENT freed 273K, 10% free 3768K/4160K, paused 5ms+4ms, total 74ms
    12-11 06:54:50.333: D/dalvikvm(294): WAIT_FOR_CONCURRENT_GC blocked 43ms
    12-11 06:54:50.433: D/dalvikvm(294): GC_EXPLICIT freed 128K, 13% free 3639K/4160K, paused 7ms+5ms, total 97ms
    12-11 06:54:50.463: I/SystemServer(294): User Service
    12-11 06:54:50.463: I/SystemServer(294): Account Manager
    12-11 06:54:50.493: I/SystemServer(294): Content Manager
    12-11 06:54:50.503: I/SystemServer(294): System Content Providers
    12-11 06:54:50.813: I/SystemServer(294): Lights Service
    12-11 06:54:50.813: I/SystemServer(294): Battery Service
    12-11 06:54:50.833: I/SystemServer(294): Vibrator Service
    12-11 06:54:50.853: I/libsuspend(294): Selected early suspend
    12-11 06:54:50.853: I/libsuspend(294): Starting early suspend unblocker thread
    12-11 06:54:50.864: D/PermissionCache(36): checking android.permission.ACCESS_SURFACE_FLINGER for uid=1000 => granted (10357 us)
    12-11 06:54:50.864: D/SurfaceFlinger(36): Screen acquired, type=0 flinger=0x2a007318
    12-11 06:54:50.864: D/SurfaceFlinger(36):  screen was previously acquired
    12-11 06:54:50.893: I/SystemServer(294): Alarm Manager
    12-11 06:54:50.893: D/AlarmManagerService(294): Kernel timezone updated to 0 minutes west of GMT
    12-11 06:54:50.903: I/SystemServer(294): Init Watchdog
    12-11 06:54:50.903: I/SystemServer(294): Input Manager
    12-11 06:54:50.913: I/InputManager(294): Initializing input manager, mUseDevInputEventForAudioJack=false
    12-11 06:54:50.923: I/SystemServer(294): Window Manager
    12-11 06:54:51.013: E/SoundPool(294): error loading /system/media/audio/ui/Lock.ogg
    12-11 06:54:51.013: W/KeyguardViewMediator(294): failed to load lock sound from /system/media/audio/ui/Lock.ogg
    12-11 06:54:51.013: E/SoundPool(294): error loading /system/media/audio/ui/Unlock.ogg
    12-11 06:54:51.013: W/KeyguardViewMediator(294): failed to load unlock sound from /system/media/audio/ui/Unlock.ogg
    12-11 06:54:51.223: I/InputManager(294): Starting input manager
    12-11 06:54:51.223: I/SystemServer(294): No Bluetooh Service (emulator)
    12-11 06:54:51.223: I/SystemServer(294): Input Method Service
    12-11 06:54:51.263: W/InputMethodManagerService(294): Couldn't create dir.: /data/system/inputmethod
    12-11 06:54:51.303: I/EventHub(294): New device: id=1, fd=89, path='/dev/input/event0', name='qwerty2', classes=0x7, configuration='/system/usr/idc/qwerty2.idc', keyLayout='/system/usr/keylayout/qwerty.kl', keyCharacterMap='/system/usr/keychars/qwerty2.kcm', builtinKeyboard=true, usingSuspendBlockIoctl=false, usingClockIoctl=false
    12-11 06:54:51.333: E/EventHub(294): could not get driver version for /dev/input/mouse0, Not a typewriter
    12-11 06:54:51.333: E/EventHub(294): could not get driver version for /dev/input/mice, Not a typewriter
    12-11 06:54:51.393: I/InputReader(294): Device added: id=-1, name='Virtual', sources=0x00000301
    12-11 06:54:51.393: I/InputReader(294):   Touch device 'qwerty2' could not query the properties of its associated display.  The device will be inoperable until the display size becomes available.
    12-11 06:54:51.393: I/InputReader(294): Device added: id=0, name='qwerty2', sources=0x00001103
    12-11 06:54:51.403: E/Trace(294): error opening trace file: No such file or directory (2)
    12-11 06:54:51.423: D/dalvikvm(294): GC_CONCURRENT freed 293K, 10% free 3844K/4268K, paused 5ms+10ms, total 287ms
    12-11 06:54:51.423: D/dalvikvm(294): WAIT_FOR_CONCURRENT_GC blocked 115ms
    12-11 06:54:51.523: I/SystemServer(294): Accessibility Manager
    12-11 06:54:51.553: I/ActivityManager(294): Config changes=15f8 {1.0 ?mcc?mnc en_US ldltr sw320dp w320dp h508dp 240dpi nrml long port ?uimode ?night finger qwerty/v/v -nav/h s.2}
    12-11 06:54:51.573: I/InputReader(294): Reconfiguring input devices.  changes=0x00000004
    12-11 06:54:51.583: I/InputReader(294): Device reconfigured: id=0, name='qwerty2', size 480x800, orientation 0, mode 1, display id 0
    12-11 06:54:51.603: I/SystemServer(294): Mount Service
    12-11 06:54:51.603: I/InputReader(294): Reconfiguring input devices.  changes=0x00000004
    12-11 06:54:51.603: I/InputReader(294): Device reconfigured: id=0, name='qwerty2', size 480x800, orientation 0, mode 1, display id 0
    12-11 06:54:51.643: D/MountService(294): got storage path: /mnt/sdcard description: USB storage primary: true removable: false emulated: false mtpReserve: 0 allowMassStorage: false maxFileSize: 0
    12-11 06:54:51.643: D/MountService(294): addVolumeLocked() StorageVolume [mStorageId=0 mPath=/mnt/sdcard mDescriptionId=17040615 mPrimary=true mRemovable=false mEmulated=false mMtpReserveSpace=0 mAllowMassStorage=false mMaxFileSize=0 mOwner=null]
    12-11 06:54:51.653: I/SystemServer(294): LockSettingsService
    12-11 06:54:51.653: I/SystemServer(294): Device Policy
    12-11 06:54:51.673: I/SystemServer(294): Status Bar
    12-11 06:54:51.673: I/SystemServer(294): Clipboard Service
    12-11 06:54:51.683: I/SystemServer(294): NetworkManagement Service
    12-11 06:54:51.733: I/SystemServer(294): Text Service Manager Service
    12-11 06:54:51.743: I/SystemServer(294): NetworkStats Service
    12-11 06:54:51.753: D/dalvikvm(294): GREF has increased to 201
    12-11 06:54:51.783: D/MountService(294): volume state changed for /mnt/sdcard (null -> removed)
    12-11 06:54:51.783: I/SystemServer(294): NetworkPolicy Service
    12-11 06:54:51.813: W/MountService(294): getSecureContainerList() called when storage not mounted
    12-11 06:54:51.823: I/SystemServer(294): Wi-Fi P2pService
    12-11 06:54:51.843: I/PackageManager(294): No secure containers on sdcard
    12-11 06:54:51.853: W/PackageManager(294): Unknown permission com.google.android.googleapps.permission.GOOGLE_AUTH.mail in package com.android.contacts
    12-11 06:54:51.853: W/PackageManager(294): Unknown permission android.permission.ADD_SYSTEM_SERVICE in package com.android.phone
    12-11 06:54:51.863: I/SystemServer(294): Wi-Fi Service
    12-11 06:54:51.883: W/PackageManager(294): Unknown permission com.android.smspush.WAPPUSH_MANAGER_BIND in package com.android.phone
    12-11 06:54:51.903: W/PackageManager(294): Unknown permission com.google.android.googleapps.permission.GOOGLE_AUTH in package com.android.providers.calendar
    12-11 06:54:51.903: W/PackageManager(294): Unknown permission com.google.android.googleapps.permission.GOOGLE_AUTH.cl in package com.android.providers.calendar
    12-11 06:54:51.914: W/PackageManager(294): Unknown permission com.google.android.googleapps.permission.GOOGLE_AUTH.mail in package com.android.calendar
    12-11 06:54:51.914: W/PackageManager(294): Not granting permission android.permission.SEND_DOWNLOAD_COMPLETED_INTENTS to package com.android.browser (protectionLevel=2 flags=0x89be45)
    12-11 06:54:51.914: W/PackageManager(294): Not granting permission android.permission.BIND_APPWIDGET to package com.android.widgetpreview (protectionLevel=18 flags=0x88be44)
    12-11 06:54:51.923: W/PackageManager(294): Unknown permission com.google.android.googleapps.permission.GOOGLE_AUTH in package com.android.settings
    12-11 06:54:51.933: W/PackageManager(294): Unknown permission com.android.email.permission.READ_ATTACHMENT in package com.android.exchange
    12-11 06:54:51.933: W/PackageManager(294): Unknown permission com.android.email.permission.ACCESS_PROVIDER in package com.android.exchange
    12-11 06:54:51.933: W/PackageManager(294): Unknown permission com.google.android.gallery3d.permission.GALLERY_PROVIDER in package com.android.exchange
    12-11 06:54:51.943: W/PackageManager(294): Unknown permission com.google.android.googleapps.permission.ACCESS_GOOGLE_PASSWORD in package com.android.development
    12-11 06:54:51.943: W/PackageManager(294): Unknown permission com.google.android.googleapps.permission.GOOGLE_AUTH in package com.android.development
    12-11 06:54:51.954: W/PackageManager(294): Unknown permission com.google.android.googleapps.permission.GOOGLE_AUTH.ALL_SERVICES in package com.android.development
    12-11 06:54:51.954: W/PackageManager(294): Unknown permission com.google.android.googleapps.permission.GOOGLE_AUTH.YouTubeUser in package com.android.development
    12-11 06:54:51.963: W/PackageManager(294): Not granting permission android.permission.DEVICE_POWER to package com.android.deskclock (protectionLevel=2 flags=0x88be45)
    12-11 06:54:52.193: D/dalvikvm(294): GC_CONCURRENT freed 275K, 10% free 4027K/4428K, paused 6ms+17ms, total 120ms
    12-11 06:54:52.223: E/CommandListener(33): Failed to open /proc/sys/net/ipv6/conf/wlan0/disable_ipv6: No such file or directory
    12-11 06:54:52.253: E/WifiStateMachine(294): Failed to disable IPv6: java.lang.IllegalStateException: command '1 interface ipv6 wlan0 disable' failed with '400 1 Failed to change IPv6 state (No such file or directory)'
    12-11 06:54:52.263: I/SystemServer(294): Connectivity Service
    12-11 06:54:52.273: D/ConnectivityService(294): ConnectivityService starting up
    12-11 06:54:52.353: E/MobileDataStateTracker(294): default: Ignoring feature request because could not acquire PhoneService
    12-11 06:54:52.353: E/MobileDataStateTracker(294): default: Could not enable APN type "default"
    12-11 06:54:52.373: I/WifiService(294): WifiService starting up with Wi-Fi disabled
    12-11 06:54:52.403: I/SystemServer(294): Network Service Discovery Service
    12-11 06:54:52.413: D/NsdService(294): Network service discovery enabled true
    12-11 06:54:52.423: I/SystemServer(294): Throttle Service
    12-11 06:54:52.433: I/SystemServer(294): UpdateLock Service
    12-11 06:54:52.513: I/SystemServer(294): Notification Manager
    12-11 06:54:52.523: I/SystemServer(294): Device Storage Monitor
    12-11 06:54:52.533: I/SystemServer(294): Location Manager
    12-11 06:54:52.533: I/SystemServer(294): Country Detector
    12-11 06:54:52.543: I/SystemServer(294): Search Service
    12-11 06:54:52.563: I/SystemServer(294): DropBox Service
    12-11 06:54:52.573: I/SystemServer(294): Wallpaper Service
    12-11 06:54:52.593: I/SystemServer(294): Audio Service
    12-11 06:54:52.763: I/AudioService(294):   Remote Control   registerMediaButtonIntent() for PendingIntent{40edaed8: PendingIntentRecord{40edae38 android broadcastIntent}}
    12-11 06:54:52.873: D/dalvikvm(294): GC_CONCURRENT freed 300K, 10% free 4199K/4628K, paused 6ms+20ms, total 253ms
    12-11 06:54:52.963: I/SystemServer(294): Dock Observer
    12-11 06:54:52.983: W/DockObserver(294): This kernel does not have dock station support
    12-11 06:54:52.983: I/SystemServer(294): Wired Accessory Manager
    12-11 06:54:52.993: W/WiredAccessoryManager(294): This kernel does not have wired headset support
    12-11 06:54:52.993: W/WiredAccessoryManager(294): This kernel does not have usb audio support
    12-11 06:54:53.003: W/WiredAccessoryManager(294): This kernel does not have HDMI audio support
    12-11 06:54:53.003: I/SystemServer(294): USB Service
    12-11 06:54:53.013: I/SystemServer(294): Serial Service
    12-11 06:54:53.023: I/SystemServer(294): Twilight Service
    12-11 06:54:53.023: I/SystemServer(294): UI Mode Manager Service
    12-11 06:54:53.033: I/SystemServer(294): Backup Service
    12-11 06:54:53.043: V/BackupManagerService(294): No ancestral data
    12-11 06:54:53.163: I/BackupManagerService(294): Found stale backup journal, scheduling
    12-11 06:54:53.163: I/BackupManagerService(294):   android
    12-11 06:54:53.173: I/BackupManagerService(294):   com.android.browser
    12-11 06:54:53.173: I/BackupManagerService(294):   com.android.calendar
    12-11 06:54:53.173: I/BackupManagerService(294):   com.android.inputmethod.latin
    12-11 06:54:53.183: I/BackupManagerService(294):   com.android.providers.settings
    12-11 06:54:53.183: I/BackupManagerService(294):   com.android.providers.userdictionary
    12-11 06:54:53.183: I/BackupManagerService(294):   com.android.sharedstoragebackup
    12-11 06:54:53.193: I/BackupManagerService(294): Backup enabled => true
    12-11 06:54:53.204: I/SystemServer(294): AppWidget Service
    12-11 06:54:53.213: I/SystemServer(294): Recognition Service
    12-11 06:54:53.213: I/SystemServer(294): DiskStats Service
    12-11 06:54:53.223: I/SystemServer(294): SamplingProfiler Service
    12-11 06:54:53.253: I/SystemServer(294): NetworkTimeUpdateService
    12-11 06:54:53.253: I/SystemServer(294): CommonTimeManagementService
    12-11 06:54:53.263: I/SystemServer(294): CertBlacklister
    12-11 06:54:53.263: I/SystemServer(294): Dreams Service
    12-11 06:54:53.273: I/WindowManager(294): SAFE MODE not enabled
    12-11 06:54:53.283: D/dalvikvm(294): JIT started for system_server
    12-11 06:54:53.663: I/ActivityManager(294): System now ready
    12-11 06:54:53.724: I/SystemServer(294): Making services ready
    12-11 06:54:53.773: I/Zygote(294): Process: zygote socket opened
    12-11 06:54:53.803: I/ActivityManager(294): Start proc com.android.systemui for service com.android.systemui/.SystemUIService: pid=354 uid=10047 gids={50047, 1028, 1015, 3002, 3001}
    12-11 06:54:53.803: D/NetworkManagementService(294): not enabling bandwidth control
    12-11 06:54:53.854: I/keystore(41): uid: 1000 action: e -> 7 state: 3 -> 3 retry: 4
    12-11 06:54:54.023: W/NetworkStats(294): bandwidth controls disabled, unable to track stats
    12-11 06:54:54.023: W/NetworkPolicy(294): bandwidth controls disabled, unable to enforce policy
    12-11 06:54:54.033: I/keystore(41): uid: 1000 action: e -> 7 state: 3 -> 3 retry: 4
    12-11 06:54:54.203: I/ActivityManager(294): Config changes=200 {1.0 ?mcc?mnc en_US ldltr sw320dp w320dp h508dp 240dpi nrml long port finger qwerty/v/v -nav/h s.3}
    12-11 06:54:54.223: W/RecognitionManagerService(294): no available voice recognition services found for user 0
    12-11 06:54:54.373: D/dalvikvm(294): GC_CONCURRENT freed 328K, 10% free 4376K/4832K, paused 6ms+116ms, total 834ms
    12-11 06:54:54.563: E/Trace(354): error opening trace file: No such file or directory (2)
    12-11 06:54:55.034: D/dalvikvm(294): GC_FOR_ALLOC freed 45K, 8% free 4634K/4988K, paused 124ms, total 137ms
    12-11 06:54:55.083: D/SystemUIService(354): loading: class com.android.systemui.statusbar.phone.PhoneStatusBar
    12-11 06:54:55.174: D/SystemUIService(354): running: com.android.systemui.statusbar.phone.PhoneStatusBar@40ce2bc0
    12-11 06:54:55.243: W/InputMethodManagerService(294): Ignoring setImeWindowStatus of uid 1000 token: null
    12-11 06:54:55.303: W/InputMethodManagerService(294): Found no subtypes in a system IME: com.android.inputmethod.pinyin
    12-11 06:54:55.413: I/StatusBarManagerService(294): registerStatusBar bar=com.android.internal.statusbar.IStatusBar$Stub$Proxy@40edcb88
    12-11 06:54:55.733: D/dalvikvm(294): GC_CONCURRENT freed 243K, 7% free 4955K/5324K, paused 33ms+14ms, total 285ms
    12-11 06:54:55.733: D/dalvikvm(294): WAIT_FOR_CONCURRENT_GC blocked 120ms
    12-11 06:54:55.733: D/dalvikvm(294): WAIT_FOR_CONCURRENT_GC blocked 152ms
    12-11 06:54:55.803: I/ActivityManager(294): Start proc com.android.inputmethod.latin for service com.android.inputmethod.latin/.LatinIME: pid=382 uid=10036 gids={50036, 1028}
    12-11 06:54:55.833: I/LocationBlacklist(294): whitelist: []
    12-11 06:54:55.843: I/LocationBlacklist(294): blacklist: []
    12-11 06:54:55.943: I/CommonTimeManagementService(294): No common time service detected on this platform.  Common time services will be unavailable.
    12-11 06:54:55.973: I/InputReader(294): Reconfiguring input devices.  changes=0x00000020
    12-11 06:54:56.073: I/ActivityManager(294): Start proc com.android.phone for added application com.android.phone: pid=395 uid=1001 gids={41001, 3002, 3001, 3003, 1015, 1028}
    12-11 06:54:56.143: I/InputReader(294): Reconfiguring input devices.  changes=0x00000010
    12-11 06:54:56.263: W/SocketClient(33): write error (Broken pipe)
    12-11 06:54:56.323: I/ActivityManager(294): START u0 {act=android.intent.action.MAIN cat=[android.intent.category.HOME] flg=0x10000000 cmp=com.android.launcher/com.android.launcher2.Launcher} from pid 0
    12-11 06:54:56.334: W/SocketClient(33): write error (Broken pipe)
    12-11 06:54:56.433: E/ThrottleService(294): problem during onPollAlarm: java.lang.IllegalStateException: problem parsing stats: java.io.FileNotFoundException: /proc/net/xt_qtaguid/iface_stat_all: open failed: ENOENT (No such file or directory)
    12-11 06:54:56.513: I/ActivityManager(294): Start proc com.android.launcher for activity com.android.launcher/com.android.launcher2.Launcher: pid=410 uid=10014 gids={50014, 1028}
    12-11 06:54:56.553: I/SystemServer(294): Enabled StrictMode for system server main thread.
    12-11 06:54:57.043: E/Trace(382): error opening trace file: No such file or directory (2)
    12-11 06:54:57.163: E/Trace(395): error opening trace file: No such file or directory (2)
    12-11 06:54:57.513: D/dalvikvm(294): GC_CONCURRENT freed 480K, 11% free 5123K/5728K, paused 6ms+26ms, total 507ms
    12-11 06:54:57.513: D/dalvikvm(294): WAIT_FOR_CONCURRENT_GC blocked 149ms
    12-11 06:54:57.523: D/dalvikvm(294): WAIT_FOR_CONCURRENT_GC blocked 177ms
    12-11 06:54:57.554: D/dalvikvm(294): WAIT_FOR_CONCURRENT_GC blocked 358ms
    12-11 06:54:57.673: E/Trace(410): error opening trace file: No such file or directory (2)
    12-11 06:54:57.944: I/LatinIME(382): Hardware accelerated drawing: false
    12-11 06:54:58.013: D/dalvikvm(354): GC_FOR_ALLOC freed 90K, 8% free 2666K/2876K, paused 213ms, total 246ms
    12-11 06:54:58.063: I/dalvikvm-heap(354): Grow heap (frag case) to 3.322MB for 635812-byte allocation
    12-11 06:54:58.133: W/TelephonyProvider(395): onCreate: confFile=/system/etc/apns-conf.xml oldCheckSum=-1
    12-11 06:54:58.133: D/TelephonyManager(395): getLteOnCdmaMode=0 curVal=-1 product_type='' lteOnCdmaProductType=''
    12-11 06:54:58.283: D/dalvikvm(354): GC_CONCURRENT freed 5K, 7% free 3282K/3500K, paused 9ms+3ms, total 214ms
    12-11 06:54:58.283: D/dalvikvm(354): WAIT_FOR_CONCURRENT_GC blocked 96ms
    12-11 06:54:58.443: D/dalvikvm(294): GC_FOR_ALLOC freed 134K, 11% free 5313K/5936K, paused 237ms, total 240ms
    12-11 06:54:58.443: W/GpsLocationProvider(294): Could not open GPS configuration file /etc/gps.conf
    12-11 06:54:58.563: W/ServiceWatcher(294): com.google.android.location not found
    12-11 06:54:58.583: D/TelephonyManager(395): getLteOnCdmaMode=0 curVal=-1 product_type='' lteOnCdmaProductType=''
    12-11 06:54:58.633: E/SurfaceFlinger(36): ro.sf.lcd_density must be defined as a build property
    12-11 06:54:58.643: D/gralloc_goldfish(294): Emulator without GPU emulation detected.
    12-11 06:54:58.873: D/TelephonyManager(395): getLteOnCdmaMode=0 curVal=-1 product_type='' lteOnCdmaProductType=''
    12-11 06:54:58.953: I/AudioService(294):   Remote Control   registerMediaButtonIntent() for PendingIntent{40d54fd8: PendingIntentRecord{40edae38 android broadcastIntent}}
    12-11 06:54:59.704: W/InputAttributes(382): No editor info for this field. Bug?
    12-11 06:54:59.776: W/ServiceWatcher(294): com.google.android.location not found
    12-11 06:54:59.823: E/BluetoothAdapter(354): Bluetooth binder is null
    12-11 06:54:59.843: E/BluetoothAdapter(354): Bluetooth binder is null
    12-11 06:54:59.993: D/dalvikvm(294): GC_CONCURRENT freed 367K, 8% free 5684K/6176K, paused 73ms+10ms, total 361ms
    12-11 06:54:59.993: D/dalvikvm(294): WAIT_FOR_CONCURRENT_GC blocked 47ms
    12-11 06:55:00.003: D/dalvikvm(294): WAIT_FOR_CONCURRENT_GC blocked 141ms
    12-11 06:55:00.003: D/dalvikvm(294): WAIT_FOR_CONCURRENT_GC blocked 142ms
    12-11 06:55:00.003: D/dalvikvm(294): WAIT_FOR_CONCURRENT_GC blocked 86ms
    12-11 06:55:00.003: D/dalvikvm(294): WAIT_FOR_CONCURRENT_GC blocked 80ms
    12-11 06:55:00.014: W/LocationManagerService(294): no network location provider found
    12-11 06:55:00.014: W/ServiceWatcher(294): com.google.android.location not found
    12-11 06:55:00.033: D/dalvikvm(294): GREF has increased to 301
    12-11 06:55:00.063: D/dalvikvm(294): WAIT_FOR_CONCURRENT_GC blocked 216ms
    12-11 06:55:00.073: D/dalvikvm(294): WAIT_FOR_CONCURRENT_GC blocked 199ms
    12-11 06:55:00.203: E/BluetoothAdapter(354): Bluetooth binder is null
    12-11 06:55:00.413: I/Choreographer(294): Skipped 1783 frames!  The application may be doing too much work on its main thread.
    12-11 06:55:00.413: W/Settings(395): Setting airplane_mode_on has moved from android.provider.Settings.System to android.provider.Settings.Global, returning read-only value.
    12-11 06:55:00.463: W/InputMethodManagerService(294): Found no subtypes in a system IME: com.android.inputmethod.pinyin
    12-11 06:55:00.893: E/ActivityThread(382): Failed to find provider info for com.android.inputmethod.latin.dictionarypack
    12-11 06:55:00.903: E/BinaryDictionaryGetter(382): Could not find a dictionary pack
    12-11 06:55:01.023: W/Settings(395): Setting auto_time has moved from android.provider.Settings.System to android.provider.Settings.Global, returning read-only global URI.
    12-11 06:55:01.093: W/Settings(395): Setting auto_time_zone has moved from android.provider.Settings.System to android.provider.Settings.Global, returning read-only global URI.
    12-11 06:55:01.113: I/ActivityManager(294): Start proc android.process.acore for content provider com.android.providers.userdictionary/.UserDictionaryProvider: pid=446 uid=10010 gids={50010, 3003, 1015, 1028}
    12-11 06:55:01.123: W/ActivityManager(294): Unable to start service Intent { act=com.android.internal.telephony.IWapPushManager } U=0: not found
    12-11 06:55:01.423: D/dalvikvm(354): GC_CONCURRENT freed 66K, 5% free 3648K/3836K, paused 10ms+134ms, total 400ms
    12-11 06:55:01.833: E/BluetoothAdapter(354): Bluetooth binder is null
    12-11 06:55:01.943: D/dalvikvm(294): GC_CONCURRENT freed 807K, 15% free 5708K/6640K, paused 80ms+69ms, total 488ms
    12-11 06:55:01.943: D/dalvikvm(294): WAIT_FOR_CONCURRENT_GC blocked 235ms
    12-11 06:55:01.953: D/dalvikvm(294): WAIT_FOR_CONCURRENT_GC blocked 287ms
    12-11 06:55:01.953: D/dalvikvm(294): WAIT_FOR_CONCURRENT_GC blocked 334ms
    12-11 06:55:02.063: D/dalvikvm(410): GC_CONCURRENT freed 186K, 11% free 2624K/2924K, paused 6ms+4ms, total 315ms
    12-11 06:55:02.133: V/TAG(294): bug 7643792: fitSystemWindows([0,0][0,0])
    12-11 06:55:02.363: V/TAG(294): bug 7643792: fitSystemWindows([0,0][0,0])
    12-11 06:55:02.533: I/Choreographer(294): Skipped 36 frames!  The application may be doing too much work on its main thread.
    12-11 06:55:02.683: I/ActivityManager(294): Start proc com.android.location.fused for service com.android.location.fused/.FusedLocationService: pid=459 uid=10033 gids={50033, 1028}
    12-11 06:55:02.773: E/SurfaceFlinger(36): ro.sf.lcd_density must be defined as a build property
    12-11 06:55:02.863: D/(395): [ApnContext:default] set reason as dataEnabled,current state IDLE
    12-11 06:55:02.863: D/(395): [ApnContext:default] setRetryCount: 0
    12-11 06:55:02.983: D/(395): [ApnContext:mms] set reason as dataEnabled,current state IDLE
    12-11 06:55:02.983: D/(395): [ApnContext:mms] setRetryCount: 0
    12-11 06:55:03.053: I/ActivityManager(294): Start proc com.android.music for broadcast com.android.music/.MediaButtonIntentReceiver: pid=471 uid=10003 gids={50003, 3003, 1015, 1028}
    12-11 06:55:03.113: D/(395): [ApnContext:supl] set reason as dataEnabled,current state IDLE
    12-11 06:55:03.113: D/(395): [ApnContext:supl] setRetryCount: 0
    12-11 06:55:03.183: D/(395): [ApnContext:hipri] set reason as dataEnabled,current state IDLE
    12-11 06:55:03.183: D/(395): [ApnContext:hipri] setRetryCount: 0
    12-11 06:55:03.193: D/(395): [ApnContext:fota] set reason as dataEnabled,current state IDLE
    12-11 06:55:03.203: E/Trace(446): error opening trace file: No such file or directory (2)
    12-11 06:55:03.234: D/(395): [ApnContext:fota] setRetryCount: 0
    12-11 06:55:03.603: D/(395): [ApnContext:ims] set reason as dataEnabled,current state IDLE
    12-11 06:55:03.603: D/(395): [ApnContext:ims] setRetryCount: 0
    12-11 06:55:03.723: D/(395): [ApnContext:cbs] set reason as dataEnabled,current state IDLE
    12-11 06:55:03.723: D/(395): [ApnContext:cbs] setRetryCount: 0
    12-11 06:55:04.133: D/AndroidRuntime(484): >>>>>> AndroidRuntime START com.android.internal.os.RuntimeInit <<<<<<
    12-11 06:55:04.133: D/AndroidRuntime(484): CheckJNI is ON
    12-11 06:55:04.213: D/dalvikvm(484): Trying to load lib libjavacore.so 0x0
    12-11 06:55:04.234: D/dalvikvm(484): Added shared lib libjavacore.so 0x0
    12-11 06:55:04.303: D/dalvikvm(484): Trying to load lib libnativehelper.so 0x0
    12-11 06:55:04.303: I/dalvikvm(471): Turning on JNI app bug workarounds for target SDK version 9...
    12-11 06:55:04.313: D/dalvikvm(484): Added shared lib libnativehelper.so 0x0
    12-11 06:55:04.473: D/dalvikvm(395): GC_CONCURRENT freed 196K, 11% free 2564K/2880K, paused 5ms+71ms, total 578ms
    12-11 06:55:05.104: D/dalvikvm(294): GC_FOR_ALLOC freed 281K, 16% free 5635K/6640K, paused 1402ms, total 1404ms
    12-11 06:55:05.163: I/dalvikvm-heap(294): Grow heap (frag case) to 6.700MB for 1128976-byte allocation
    12-11 06:55:05.723: D/AndroidRuntime(484): Calling main entry com.android.commands.pm.Pm
    12-11 06:55:05.813: D/dalvikvm(294): GC_FOR_ALLOC freed 2K, 14% free 6735K/7744K, paused 645ms, total 645ms
    12-11 06:55:05.813: W/ServiceWatcher(294): com.google.android.location not found
    12-11 06:55:05.813: E/LocationManagerService(294): no geocoder provider found
    12-11 06:55:05.973: W/WindowManager(294): Window freeze timeout expired.
    12-11 06:55:05.973: W/WindowManager(294): Force clearing orientation change: Window{40eff578 u0 Keyguard}
    12-11 06:55:06.203: E/Trace(459): error opening trace file: No such file or directory (2)
    12-11 06:55:06.233: E/Trace(471): error opening trace file: No such file or directory (2)
    12-11 06:55:06.363: I/ActivityManager(294): Start proc com.android.defcontainer for service com.android.defcontainer/.DefaultContainerService: pid=504 uid=10029 gids={50029, 1015, 2001, 1028}
    12-11 06:55:06.473: D/TelephonyManager(395): getLteOnCdmaMode=0 curVal=-1 product_type='' lteOnCdmaProductType=''
    12-11 06:55:06.573: D/CallManager(395): registerPhone(GSM Handler (com.android.internal.telephony.PhoneProxy) {40d13058})
    12-11 06:55:06.593: D/PhoneStatusBar(354): disable: < expand icons alerts ticker system_info back home recent clock search >
    12-11 06:55:06.843: I/Choreographer(294): Skipped 1115 frames!  The application may be doing too much work on its main thread.
    12-11 06:55:06.923: E/BluetoothAdapter(395): Bluetooth binder is null
    12-11 06:55:07.513: W/ActivityManager(294): Activity idle timeout for ActivityRecord{40f12268 u0 com.android.launcher/com.android.launcher2.Launcher}
    12-11 06:55:07.633: D/dalvikvm(294): GC_CONCURRENT freed 36K, 13% free 6778K/7744K, paused 109ms+440ms, total 1781ms
    12-11 06:55:07.653: E/BluetoothAdapter(294): Bluetooth binder is null
    12-11 06:55:07.663: E/BluetoothAdapter(294): Bluetooth binder is null
    12-11 06:55:07.663: V/WiredAccessoryManager(294): init()
    12-11 06:55:07.783: E/SoundPool(294): error loading /system/media/audio/ui/Effect_Tick.ogg
    12-11 06:55:07.783: W/AudioService(294): Soundpool could not load file: /system/media/audio/ui/Effect_Tick.ogg
    12-11 06:55:07.794: E/SoundPool(294): error loading /system/media/audio/ui/Effect_Tick.ogg
    12-11 06:55:07.794: W/AudioService(294): Soundpool could not load file: /system/media/audio/ui/Effect_Tick.ogg
    12-11 06:55:07.794: E/SoundPool(294): error loading /system/media/audio/ui/Effect_Tick.ogg
    12-11 06:55:07.803: W/AudioService(294): Soundpool could not load file: /system/media/audio/ui/Effect_Tick.ogg
    12-11 06:55:07.803: E/SoundPool(294): error loading /system/media/audio/ui/Effect_Tick.ogg
    12-11 06:55:07.803: W/AudioService(294): Soundpool could not load file: /system/media/audio/ui/Effect_Tick.ogg
    12-11 06:55:07.803: E/SoundPool(294): error loading /system/media/audio/ui/Effect_Tick.ogg
    12-11 06:55:07.813: W/AudioService(294): Soundpool could not load file: /system/media/audio/ui/Effect_Tick.ogg
    12-11 06:55:07.813: E/SoundPool(294): error loading /system/media/audio/ui/KeypressStandard.ogg
    12-11 06:55:07.813: W/AudioService(294): Soundpool could not load file: /system/media/audio/ui/KeypressStandard.ogg
    12-11 06:55:07.813: E/SoundPool(294): error loading /system/media/audio/ui/KeypressSpacebar.ogg
    12-11 06:55:07.824: W/AudioService(294): Soundpool could not load file: /system/media/audio/ui/KeypressSpacebar.ogg
    12-11 06:55:07.824: E/SoundPool(294): error loading /system/media/audio/ui/KeypressDelete.ogg
    12-11 06:55:07.863: E/Trace(504): error opening trace file: No such file or directory (2)
    12-11 06:55:07.883: W/AudioService(294): Soundpool could not load file: /system/media/audio/ui/KeypressDelete.ogg
    12-11 06:55:07.883: E/SoundPool(294): error loading /system/media/audio/ui/KeypressReturn.ogg
    12-11 06:55:07.893: W/AudioService(294): Soundpool could not load file: /system/media/audio/ui/KeypressReturn.ogg
    12-11 06:55:07.943: E/BluetoothAdapter(395): Bluetooth binder is null
    12-11 06:55:07.953: W/AudioService(294): loadSoundEffects(), Error -1 while loading samples
    12-11 06:55:08.033: I/AudioService(294):   Remote Control   registerMediaButtonIntent() for PendingIntent{40df4ee0: PendingIntentRecord{40d4a0d8 com.android.music broadcastIntent}}
    12-11 06:55:08.183: I/ActivityManager(294): Start proc android.process.media for content provider com.android.providers.media/.MediaProvider: pid=526 uid=10007 gids={50007, 1015, 1023, 1024, 1028, 1006, 2001, 3003, 3007}
    12-11 06:55:08.283: D/dalvikvm(37): GC_EXPLICIT freed 34K, 7% free 2383K/2536K, paused 4ms+5ms, total 109ms
    12-11 06:55:08.383: D/dalvikvm(37): GC_EXPLICIT freed <1K, 6% free 2383K/2536K, paused 4ms+11ms, total 95ms
    12-11 06:55:08.484: D/dalvikvm(37): GC_EXPLICIT freed <1K, 6% free 2383K/2536K, paused 4ms+4ms, total 100ms
    12-11 06:55:08.513: E/BluetoothAdapter(354): Bluetooth binder is null
    12-11 06:55:08.613: I/Choreographer(294): Skipped 280 frames!  The application may be doing too much work on its main thread.
    12-11 06:55:08.723: D/SystemUIService(354): loading: class com.android.systemui.power.PowerUI
    12-11 06:55:08.723: D/SystemUIService(354): running: com.android.systemui.power.PowerUI@40e6c868
    12-11 06:55:08.813: D/SystemUIService(354): loading: class com.android.systemui.media.RingtonePlayer
    12-11 06:55:08.943: W/WindowManager(294): Window freeze timeout expired.
    12-11 06:55:08.953: W/WindowManager(294): Force clearing orientation change: Window{40eff578 u0 Keyguard}
    12-11 06:55:08.973: D/SystemUIService(354): running: com.android.systemui.media.RingtonePlayer@40e6d648
    12-11 06:55:08.983: V/TAG(294): bug 7643792: fitSystemWindows([0,38][0,0])
    12-11 06:55:09.373: I/Choreographer(354): Skipped 2640 frames!  The application may be doing too much work on its main thread.
    12-11 06:55:09.503: D/dalvikvm(410): GC_CONCURRENT freed 86K, 7% free 3002K/3208K, paused 8ms+263ms, total 681ms
    12-11 06:55:09.933: D/dalvikvm(354): GC_CONCURRENT freed 228K, 9% free 3809K/4156K, paused 5ms+144ms, total 687ms
    12-11 06:55:10.163: E/Trace(526): error opening trace file: No such file or directory (2)
    12-11 06:55:10.473: I/Choreographer(294): Skipped 386 frames!  The application may be doing too much work on its main thread.
    12-11 06:55:10.593: D/dalvikvm(294): GREF has increased to 401
    12-11 06:55:11.073: I/Choreographer(294): Skipped 67 frames!  The application may be doing too much work on its main thread.
    12-11 06:55:11.643: E/SurfaceFlinger(36): ro.sf.lcd_density must be defined as a build property
    12-11 06:55:12.003: D/dalvikvm(395): GC_CONCURRENT freed 322K, 15% free 2645K/3084K, paused 3ms+4ms, total 450ms
    12-11 06:55:12.094: D/DebugService(395): DebugService DebugService:
    12-11 06:55:12.094: D/TelephonyDebugService(395): TelephonyDebugService()
    12-11 06:55:12.233: I/ActivityManager(294): Start proc com.android.contacts for broadcast com.android.contacts/.calllog.CallLogReceiver: pid=548 uid=10010 gids={50010, 3003, 1015, 1028}
    12-11 06:55:12.404: I/Choreographer(294): Skipped 61 frames!  The application may be doing too much work on its main thread.
    12-11 06:55:12.573: I/DownloadManager(526): in removeSpuriousFiles
    12-11 06:55:12.764: D/PhoneStatusBar(354): disable: < expand icons alerts ticker system_info BACK* HOME* RECENT* CLOCK* SEARCH* >
    12-11 06:55:13.593: W/WindowManager(294): Window freeze timeout expired.
    12-11 06:55:13.593: W/WindowManager(294): Force clearing orientation change: Window{40e90340 u0 StatusBar}
    12-11 06:55:13.663: E/Trace(548): error opening trace file: No such file or directory (2)
    12-11 06:55:13.733: D/dalvikvm(410): GC_CONCURRENT freed 187K, 9% free 3227K/3532K, paused 5ms+86ms, total 397ms
    12-11 06:55:13.743: W/Settings(395): Setting auto_time_zone has moved from android.provider.Settings.System to android.provider.Settings.Global, returning read-only value.
    12-11 06:55:14.033: E/SurfaceFlinger(36): ro.sf.lcd_density must be defined as a build property
    12-11 06:55:14.103: W/dalvikvm(446): threadid=2: spin on suspend #1 threadid=1 (pcf=0)
    12-11 06:55:14.443: D/dalvikvm(354): GC_FOR_ALLOC freed 44K, 7% free 3891K/4156K, paused 253ms, total 299ms
    12-11 06:55:14.533: I/Choreographer(410): Skipped 340 frames!  The application may be doing too much work on its main thread.
    12-11 06:55:14.723: I/ActivityManager(294): Start proc com.android.mms for broadcast com.android.mms/.transaction.MmsSystemEventReceiver: pid=570 uid=10019 gids={50019, 3003, 1015, 1028}
    12-11 06:55:14.833: I/RecoverySystem(294): No recovery log file
    12-11 06:55:14.853: W/dalvikvm(446): threadid=2: spin on suspend #2 threadid=1 (pcf=0)
    12-11 06:55:14.853: I/dalvikvm(446): "GC" daemon prio=5 tid=2 RUNNABLE
    12-11 06:55:14.853: I/dalvikvm(446):   | group="system" sCount=0 dsCount=0 obj=0x40cd8db0 self=0x2a026c98
    12-11 06:55:14.853: I/dalvikvm(446):   | sysTid=448 nice=0 sched=0/0 cgrp=apps handle=706228600
    12-11 06:55:14.863: I/dalvikvm(446):   | state=R schedstat=( 44713602 697695797 46 ) utm=2 stm=2 core=0
    12-11 06:55:14.863: I/dalvikvm(446):   at dalvik.system.NativeStart.run(Native Method)
    12-11 06:55:14.873: I/dalvikvm(446): "main" prio=5 tid=1 RUNNABLE
    12-11 06:55:14.873: I/dalvikvm(446):   | group="main" sCount=1 dsCount=0 obj=0x40a729a0 self=0x2a00bba8
    12-11 06:55:14.873: I/dalvikvm(446):   | sysTid=446 nice=0 sched=0/0 cgrp=apps handle=1073849308
    12-11 06:55:14.884: I/dalvikvm(446):   | state=S schedstat=( 454216512 7361820492 567 ) utm=26 stm=19 core=0
    12-11 06:55:15.003: I/dalvikvm(446):   at android.content.pm.PackageItemInfo.writeToParcel(PackageItemInfo.java:~240)
    12-11 06:55:15.003: I/dalvikvm(446):   at android.content.pm.ApplicationInfo.writeToParcel(ApplicationInfo.java:572)
    12-11 06:55:15.013: I/dalvikvm(446):   at android.content.pm.ComponentInfo.writeToParcel(ComponentInfo.java:141)
    12-11 06:55:15.013: I/dalvikvm(446):   at android.content.pm.ProviderInfo.writeToParcel(ProviderInfo.java:121)
    12-11 06:55:15.013: I/dalvikvm(446):   at android.app.IActivityManager$ContentProviderHolder.writeToParcel(IActivityManager.java:392)
    12-11 06:55:15.043: I/dalvikvm(446):   at android.os.Parcel.writeTypedList(Parcel.java:1017)
    12-11 06:55:15.043: I/dalvikvm(446):   at android.app.ActivityManagerProxy.publishContentProviders(ActivityManagerNative.java:2581)
    12-11 06:55:15.043: I/dalvikvm(446):   at android.app.ActivityThread.installContentProviders(ActivityThread.java:4441)
    12-11 06:55:15.053: I/dalvikvm(446):   at android.app.ActivityThread.handleBindApplication(ActivityThread.java:4372)
    12-11 06:55:15.053: I/dalvikvm(446):   at android.app.ActivityThread.access$1300(ActivityThread.java:141)
    12-11 06:55:15.083: I/dalvikvm(446):   at android.app.ActivityThread$H.handleMessage(ActivityThread.java:1294)
    12-11 06:55:15.083: I/dalvikvm(446):   at android.os.Handler.dispatchMessage(Handler.java:99)
    12-11 06:55:15.083: I/dalvikvm(446):   at android.os.Looper.loop(Looper.java:137)
    12-11 06:55:15.083: I/dalvikvm(446):   at android.app.ActivityThread.main(ActivityThread.java:5041)
    12-11 06:55:15.083: I/dalvikvm(446):   at java.lang.reflect.Method.invokeNative(Native Method)
    12-11 06:55:15.133: I/dalvikvm-heap(354): Grow heap (frag case) to 10.026MB for 6410576-byte allocation
    12-11 06:55:15.143: I/dalvikvm(446):   at java.lang.reflect.Method.invoke(Method.java:511)
    12-11 06:55:15.143: I/dalvikvm(446):   at com.android.internal.os.ZygoteInit$MethodAndArgsCaller.run(ZygoteInit.java:793)
    12-11 06:55:15.143: I/dalvikvm(446):   at com.android.internal.os.ZygoteInit.main(ZygoteInit.java:560)
    12-11 06:55:15.143: I/dalvikvm(446):   at dalvik.system.NativeStart.main(Native Method)
    12-11 06:55:15.463: D/dalvikvm(354): GC_FOR_ALLOC freed 2K, 3% free 10149K/10420K, paused 254ms, total 254ms
    12-11 06:55:15.823: D/CAT(395): CatService: Running CAT service. STK app installed:false
