    12-11 06:55:35.513: E/StrictMode(653): 	at android.app.ContextImpl.bindService(ContextImpl.java:1418)
    12-11 06:55:35.513: E/StrictMode(653): 	at android.app.ContextImpl.bindService(ContextImpl.java:1407)
    12-11 06:55:35.513: E/StrictMode(653): 	at android.content.ContextWrapper.bindService(ContextWrapper.java:473)
    12-11 06:55:35.513: E/StrictMode(653): 	at com.android.emailcommon.service.ServiceProxy.setTask(ServiceProxy.java:157)
    12-11 06:55:35.513: E/StrictMode(653): 	at com.android.emailcommon.service.ServiceProxy.setTask(ServiceProxy.java:145)
    12-11 06:55:35.513: E/StrictMode(653): 	at com.android.emailcommon.service.ServiceProxy.test(ServiceProxy.java:191)
    12-11 06:55:35.513: E/StrictMode(653): 	at com.android.exchange.ExchangeService$7.run(ExchangeService.java:1850)
    12-11 06:55:35.513: E/StrictMode(653): 	at com.android.emailcommon.utility.Utility$2.doInBackground(Utility.java:551)
    12-11 06:55:35.513: E/StrictMode(653): 	at com.android.emailcommon.utility.Utility$2.doInBackground(Utility.java:549)
    12-11 06:55:35.513: E/StrictMode(653): 	at android.os.AsyncTask$2.call(AsyncTask.java:287)
    12-11 06:55:35.513: E/StrictMode(653): 	at java.util.concurrent.FutureTask.run(FutureTask.java:234)
    12-11 06:55:35.513: E/StrictMode(653): 	at java.util.concurrent.ThreadPoolExecutor.runWorker(ThreadPoolExecutor.java:1080)
    12-11 06:55:35.513: E/StrictMode(653): 	at java.util.concurrent.ThreadPoolExecutor$Worker.run(ThreadPoolExecutor.java:573)
    12-11 06:55:35.513: E/StrictMode(653): 	at java.lang.Thread.run(Thread.java:856)
    12-11 06:55:35.593: D/MmsSmsDatabaseHelper(395): [MmsSmsDb] tableName: part hasAutoIncrement: CREATE TABLE "part" (_id INTEGER PRIMARY KEY AUTOINCREMENT,mid INTEGER,seq INTEGER DEFAULT 0,ct TEXT,name TEXT,chset INTEGER,cd TEXT,fn TEXT,cid TEXT,cl TEXT,ctt_s INTEGER,ctt_t TEXT,_data TEXT,text TEXT) result: true
    12-11 06:55:35.613: W/ActivityManager(294): No content provider found for permission revoke: file:///data/local/tmp/ProjetoLogin.apk
    12-11 06:55:35.624: W/ActivityManager(294): Unbind failed: could not find connection for android.os.BinderProxy@412b0d68
    12-11 06:55:35.803: D/dalvikvm(410): GC_CONCURRENT freed 213K, 39% free 3329K/5380K, paused 15ms+9ms, total 97ms
    12-11 06:55:35.963: D/dalvikvm(410): GC_FOR_ALLOC freed 62K, 39% free 3319K/5380K, paused 41ms, total 45ms
    12-11 06:55:36.023: D/dalvikvm(410): GC_CONCURRENT freed 2K, 29% free 3824K/5380K, paused 14ms+7ms, total 61ms
    12-11 06:55:36.023: D/dalvikvm(410): WAIT_FOR_CONCURRENT_GC blocked 32ms
    12-11 06:55:36.123: D/dalvikvm(410): GC_CONCURRENT freed <1K, 20% free 4330K/5380K, paused 5ms+6ms, total 50ms
    12-11 06:55:36.123: D/dalvikvm(410): WAIT_FOR_CONCURRENT_GC blocked 39ms
    12-11 06:55:36.133: I/dalvikvm-heap(410): Grow heap (frag case) to 4.835MB for 518416-byte allocation
    12-11 06:55:36.183: D/dalvikvm(410): GC_FOR_ALLOC freed <1K, 18% free 4836K/5888K, paused 40ms, total 40ms
    12-11 06:55:36.223: I/Choreographer(410): Skipped 87 frames!  The application may be doing too much work on its main thread.
    12-11 06:55:36.433: I/Choreographer(410): Skipped 39 frames!  The application may be doing too much work on its main thread.
    12-11 06:55:36.503: D/Tethering(294): MasterInitialState.processMessage what=3
    12-11 06:55:36.763: D/MmsSmsDatabaseHelper(395): [MmsSmsDb] tableName: pdu hasAutoIncrement: CREATE TABLE "pdu" (_id INTEGER PRIMARY KEY AUTOINCREMENT,thread_id INTEGER,date INTEGER,date_sent INTEGER DEFAULT 0,msg_box INTEGER,read INTEGER DEFAULT 0,m_id TEXT,sub TEXT,sub_cs INTEGER,ct_t TEXT,ct_l TEXT,exp INTEGER,m_cls TEXT,m_type INTEGER,v INTEGER,m_size INTEGER,pri INTEGER,rr INTEGER,rpt_a INTEGER,resp_st INTEGER,st INTEGER,tr_id TEXT,retr_st INTEGER,retr_txt TEXT,retr_txt_cs INTEGER,read_status INTEGER,ct_cls INTEGER,resp_txt TEXT,d_tm INTEGER,d_rpt INTEGER,locked INTEGER DEFAULT 0,seen INTEGER DEFAULT 0,text_only INTEGER DEFAULT 0) result: true
    12-11 06:55:36.853: D/MmsSmsDatabaseHelper(395): [getWritableDatabase] hasAutoIncrementThreads: true hasAutoIncrementAddresses: true hasAutoIncrementPart: true hasAutoIncrementPdu: true
    12-11 06:55:37.123: W/AccountTypeManager(548): No authenticator found for type=com.android.exchange, ignoring it.
    12-11 06:55:37.123: I/AccountTypeManager(548): Loaded meta-data for 0 account types, 0 accounts in 20ms(wall) 7ms(cpu)
    12-11 06:55:37.153: D/GpsLocationProvider(294): NTP server returned: 1418280945596 (Thu Dec 11 06:55:45 GMT 2014) reference: 76405 certainty: 34 system time offset: 8437
    12-11 06:55:37.174: W/ActivityManager(294): No content provider found for permission revoke: file:///data/local/tmp/ProjetoLogin.apk
    12-11 06:55:37.174: I/PackageManager(294): Copying native libraries to /data/app-lib/vmdl-1480355400
    12-11 06:55:37.793: D/Mms:app(570): cancelNotification
    12-11 06:55:37.833: D/dalvikvm(395): GREF has increased to 201
    12-11 06:55:38.023: I/CalendarProvider2(673): Sending notification intent: Intent { act=android.intent.action.PROVIDER_CHANGED dat=content://com.android.calendar }
    12-11 06:55:38.143: W/ContentResolver(673): Failed to get type for: content://com.android.calendar (Unknown URL content://com.android.calendar)
    12-11 06:55:38.273: I/Choreographer(294): Skipped 76 frames!  The application may be doing too much work on its main thread.
    12-11 06:55:38.373: I/ActivityManager(294): Start proc com.android.calendar for broadcast com.android.calendar/.alerts.AlertReceiver: pid=711 uid=10001 gids={50001, 3003, 1028}
    12-11 06:55:38.483: I/Choreographer(294): Skipped 31 frames!  The application may be doing too much work on its main thread.
    12-11 06:55:38.703: I/ActivityManager(294): Start proc com.android.inputmethod.latin for service com.android.inputmethod.latin/.LatinIME: pid=722 uid=10036 gids={50036, 1028}
    12-11 06:55:38.933: I/Choreographer(294): Skipped 108 frames!  The application may be doing too much work on its main thread.
    12-11 06:55:39.033: W/SoundPool(294):   sample 0 not READY
    12-11 06:55:39.683: I/dalvikvm(294): Jit: resizing JitTable from 4096 to 8192
    12-11 06:55:39.933: D/dalvikvm(410): GC_CONCURRENT freed 306K, 12% free 5224K/5888K, paused 6ms+5ms, total 54ms
    12-11 06:55:40.213: I/PackageManager(294): Removing non-system package:com.example.projetologin
    12-11 06:55:40.313: D/dalvikvm(294): GC_CONCURRENT freed 2140K, 32% free 6594K/9696K, paused 7ms+20ms, total 130ms
    12-11 06:55:40.643: I/PackageManager(294): Package com.example.projetologin codePath changed from /data/app/com.example.projetologin-2.apk to /data/app/com.example.projetologin-1.apk; Retaining data and using new
    12-11 06:55:40.653: I/PackageManager(294): Running dexopt on: com.example.projetologin
    12-11 06:55:41.303: D/dalvikvm(738): DexOpt: 'Landroid/annotation/SuppressLint;' has an earlier definition; blocking out
    12-11 06:55:41.303: D/dalvikvm(738): DexOpt: 'Landroid/annotation/TargetApi;' has an earlier definition; blocking out
    12-11 06:55:41.603: D/dalvikvm(738): DexOpt: not verifying/optimizing 'Landroid/annotation/SuppressLint;': multiple definitions
    12-11 06:55:41.603: D/dalvikvm(738): DexOpt: not verifying/optimizing 'Landroid/annotation/TargetApi;': multiple definitions
    12-11 06:55:41.823: I/dalvikvm(738): DexOpt: access denied from Landroid/support/v4/app/NotificationCompatKitKat; to field Landroid/app/Notification;.actions
    12-11 06:55:42.674: D/dalvikvm(738): DexOpt: load 327ms, verify+opt 1067ms, 1229092 bytes
    12-11 06:55:42.713: W/PackageManager(294): Code path for pkg : com.example.projetologin changing from /data/app/com.example.projetologin-2.apk to /data/app/com.example.projetologin-1.apk
    12-11 06:55:42.713: W/PackageManager(294): Resource path for pkg : com.example.projetologin changing from /data/app/com.example.projetologin-2.apk to /data/app/com.example.projetologin-1.apk
    12-11 06:55:42.863: D/PackageManager(294): New package installed in /data/app/com.example.projetologin-1.apk
    12-11 06:55:43.053: I/ActivityManager(294): Force stopping package com.example.projetologin appid=10045 user=-1
    12-11 06:55:43.063: D/PhoneStatusBar(354): disable: < expand icons alerts ticker system_info BACK HOME recent* CLOCK search* >
    12-11 06:55:43.073: I/Choreographer(294): Skipped 1077 frames!  The application may be doing too much work on its main thread.
    12-11 06:55:43.073: I/ActivityManager(294): Force stopping package com.example.projetologin appid=10045 user=-1
    12-11 06:55:43.153: E/Trace(711): error opening trace file: No such file or directory (2)
    12-11 06:55:43.164: E/Trace(722): error opening trace file: No such file or directory (2)
    12-11 06:55:43.323: I/Choreographer(294): Skipped 59 frames!  The application may be doing too much work on its main thread.
    12-11 06:55:43.373: I/ARMAssembler(36): generated scanline__00000077:03515104_00009001_00000000 [131 ipp] (153 ins) at [0x40c841f0:0x40c84454] in 14624574 ns
    12-11 06:55:43.413: V/TAG(294): bug 7643792: fitSystemWindows([0,38][0,0])
    12-11 06:55:43.568: D/PhoneStatusBar(354): disable: < expand icons alerts ticker system_info back* home* recent clock* search >
    12-11 06:55:43.903: I/LatinIME(722): Hardware accelerated drawing: false
    12-11 06:55:43.973: I/Choreographer(294): Skipped 55 frames!  The application may be doing too much work on its main thread.
    12-11 06:55:44.133: D/AlertReceiver(711): onReceive: a=android.intent.action.PROVIDER_CHANGED Intent { act=android.intent.action.PROVIDER_CHANGED dat=content://com.android.calendar flg=0x10 cmp=com.android.calendar/.alerts.AlertReceiver }
    12-11 06:55:44.143: D/dalvikvm(526): GREF has increased to 201
    12-11 06:55:44.554: W/InputAttributes(722): No editor info for this field. Bug?
    12-11 06:55:44.623: W/InputMethodManagerService(294): Found no subtypes in a system IME: com.android.inputmethod.pinyin
    12-11 06:55:44.683: E/ActivityThread(722): Failed to find provider info for com.android.inputmethod.latin.dictionarypack
    12-11 06:55:44.683: E/BinaryDictionaryGetter(722): Could not find a dictionary pack
    12-11 06:55:44.883: E/UserHistoryDictionary(722): when loading: file not foundjava.io.FileNotFoundException: /data/data/com.android.inputmethod.latin/files/UserHistoryDictionary.en_US.dict: open failed: ENOENT (No such file or directory)
    12-11 06:55:44.913: D/dalvikvm(722): GC_CONCURRENT freed 267K, 14% free 2538K/2928K, paused 21ms+4ms, total 120ms
    12-11 06:55:44.953: E/StrictMode(722): A resource was acquired at attached stack trace but never released. See java.io.Closeable for information on avoiding resource leaks.
    12-11 06:55:44.953: E/StrictMode(722): java.lang.Throwable: Explicit termination method 'close' not called
    12-11 06:55:44.953: E/StrictMode(722): 	at dalvik.system.CloseGuard.open(CloseGuard.java:184)
    12-11 06:55:44.953: E/StrictMode(722): 	at android.os.ParcelFileDescriptor.<init>(ParcelFileDescriptor.java:412)
    12-11 06:55:44.953: E/StrictMode(722): 	at android.content.res.AssetManager.openNonAssetFdNative(Native Method)
    12-11 06:55:44.953: E/StrictMode(722): 	at android.content.res.AssetManager.openNonAssetFd(AssetManager.java:428)
    12-11 06:55:44.953: E/StrictMode(722): 	at android.content.res.Resources.openRawResourceFd(Resources.java:979)
    12-11 06:55:44.953: E/StrictMode(722): 	at com.android.inputmethod.latin.BinaryDictionaryGetter.loadFallbackResource(BinaryDictionaryGetter.java:183)
    12-11 06:55:44.953: E/StrictMode(722): 	at com.android.inputmethod.latin.BinaryDictionaryGetter.getDictionaryFiles(BinaryDictionaryGetter.java:456)
    12-11 06:55:44.953: E/StrictMode(722): 	at com.android.inputmethod.latin.DictionaryFactory.createMainDictionaryFromManager(DictionaryFactory.java:57)
    12-11 06:55:44.953: E/StrictMode(722): 	at com.android.inputmethod.latin.DictionaryFactory.createMainDictionaryFromManager(DictionaryFactory.java:87)
    12-11 06:55:44.953: E/StrictMode(722): 	at com.android.inputmethod.latin.Suggest$1.run(Suggest.java:108)
    12-11 06:55:44.983: I/ActivityManager(294): Force stopping package com.example.projetologin appid=10045 user=0
    12-11 06:55:45.033: D/AlertService(711): 0 Action = android.intent.action.PROVIDER_CHANGED
    12-11 06:55:45.083: D/AlertService(711): Beginning updateAlertNotification
    12-11 06:55:45.194: D/dalvikvm(446): GC_EXPLICIT freed 221K, 12% free 2707K/3048K, paused 12ms+5ms, total 76ms
    12-11 06:55:45.343: D/dalvikvm(410): GC_EXPLICIT freed 533K, 13% free 5124K/5884K, paused 7ms+5ms, total 102ms
    12-11 06:55:45.423: I/InputReader(294): Reconfiguring input devices.  changes=0x00000010
    12-11 06:55:45.453: I/ActivityManager(294): Start proc com.android.keychain for broadcast com.android.keychain/.KeyChainBroadcastReceiver: pid=756 uid=1000 gids={41000, 1015, 1028, 3002, 3001, 3003}
    12-11 06:55:45.593: E/Trace(756): error opening trace file: No such file or directory (2)
    12-11 06:55:45.633: W/ContextImpl(756): Calling a method in the system process without a qualified user: android.app.ContextImpl.startService:1352 android.content.ContextWrapper.startService:450 android.content.ContextWrapper.startService:450 com.android.keychain.KeyChainBroadcastReceiver.onReceive:12 android.app.ActivityThread.handleReceiver:2376 
    12-11 06:55:45.723: W/AccountTypeManager(548): No authenticator found for type=com.android.exchange, ignoring it.
    12-11 06:55:45.723: I/AccountTypeManager(548): Loaded meta-data for 0 account types, 0 accounts in 7ms(wall) 3ms(cpu)
    12-11 06:55:45.933: I/InputReader(294): Reconfiguring input devices.  changes=0x00000010
    12-11 06:55:46.073: W/AccountTypeManager(548): No authenticator found for type=com.android.exchange, ignoring it.
    12-11 06:55:46.073: I/AccountTypeManager(548): Loaded meta-data for 0 account types, 0 accounts in 29ms(wall) 2ms(cpu)
    12-11 06:55:46.153: W/InputMethodManagerService(294): Found no subtypes in a system IME: com.android.inputmethod.pinyin
    12-11 06:55:46.313: D/dalvikvm(294): GC_CONCURRENT freed 1551K, 31% free 6006K/8592K, paused 55ms+19ms, total 272ms
    12-11 06:55:46.494: I/ActivityManager(294): Start proc com.svox.pico for broadcast com.svox.pico/.VoiceDataInstallerReceiver: pid=773 uid=10015 gids={50015, 1015, 1028}
    12-11 06:55:46.653: E/Trace(773): error opening trace file: No such file or directory (2)
    12-11 06:55:46.793: D/AlertService(711): No fired or scheduled alerts
    12-11 06:55:46.833: W/MediaProvider(526): no database for scanned volume external
    12-11 06:55:47.003: D/dalvikvm(526): GC_CONCURRENT freed 199K, 12% free 2566K/2884K, paused 10ms+5ms, total 97ms
    12-11 06:55:47.453: D/dalvikvm(294): GC_EXPLICIT freed 121K, 31% free 5998K/8592K, paused 87ms+73ms, total 1075ms
    12-11 06:55:47.483: D/AndroidRuntime(484): Shutting down VM
    12-11 06:55:47.503: D/dalvikvm(484): GC_CONCURRENT freed 91K, 17% free 459K/552K, paused 1ms+4ms, total 13ms
    12-11 06:55:48.113: I/ActivityManager(294): Start proc com.android.quicksearchbox for broadcast com.android.quicksearchbox/.CorporaUpdateReceiver: pid=796 uid=10006 gids={50006, 3003, 1028}
    12-11 06:55:48.253: D/dalvikvm(37): GC_EXPLICIT freed 38K, 7% free 2383K/2544K, paused 4ms+5ms, total 159ms
    12-11 06:55:48.463: D/dalvikvm(37): GC_EXPLICIT freed <1K, 7% free 2383K/2544K, paused 4ms+7ms, total 211ms
    12-11 06:55:48.633: D/dalvikvm(37): GC_EXPLICIT freed <1K, 7% free 2383K/2544K, paused 4ms+4ms, total 165ms
    12-11 06:55:48.763: E/Trace(796): error opening trace file: No such file or directory (2)
    12-11 06:55:48.823: D/AndroidRuntime(795): >>>>>> AndroidRuntime START com.android.internal.os.RuntimeInit <<<<<<
    12-11 06:55:48.843: D/AndroidRuntime(795): CheckJNI is ON
    12-11 06:55:48.933: D/dalvikvm(795): Trying to load lib libjavacore.so 0x0
    12-11 06:55:48.953: D/dalvikvm(795): Added shared lib libjavacore.so 0x0
    12-11 06:55:49.003: D/dalvikvm(795): Trying to load lib libnativehelper.so 0x0
    12-11 06:55:49.023: D/dalvikvm(795): Added shared lib libnativehelper.so 0x0
    12-11 06:55:49.153: W/MediaScanner(526): Error opening directory '/mnt/sdcard/', skipping: Permission denied.
    12-11 06:55:49.253: V/MediaScanner(526): pruneDeadThumbnailFiles... android.database.sqlite.SQLiteCursor@40ceac98
    12-11 06:55:49.253: V/MediaScanner(526): /pruneDeadThumbnailFiles... android.database.sqlite.SQLiteCursor@40ceac98
    12-11 06:55:49.463: W/RecognitionManagerService(294): no available voice recognition services found for user 0
    12-11 06:55:49.603: I/Choreographer(410): Skipped 398 frames!  The application may be doing too much work on its main thread.
    12-11 06:55:50.373: D/AndroidRuntime(795): Calling main entry com.android.commands.am.Am
    12-11 06:55:50.383: D/dalvikvm(795): Note: class Landroid/app/ActivityManagerNative; has 157 unimplemented (abstract) methods
    12-11 06:55:50.413: I/ActivityManager(294): START u0 {act=android.intent.action.MAIN cat=[android.intent.category.LAUNCHER] flg=0x10000000 cmp=com.example.projetologin/.Login} from pid 795
    12-11 06:55:50.443: D/PermissionCache(36): checking android.permission.READ_FRAME_BUFFER for uid=1000 => granted (1333 us)
    12-11 06:55:50.443: W/WindowManager(294): Failure taking screenshot for (246x410) to layer 21005
    12-11 06:55:50.503: D/dalvikvm(820): Not late-enabling CheckJNI (already on)
    12-11 06:55:50.513: I/ActivityManager(294): Start proc com.example.projetologin for activity com.example.projetologin/.Login: pid=820 uid=10045 gids={50045, 1028}
    12-11 06:55:50.523: D/AndroidRuntime(795): Shutting down VM
    12-11 06:55:50.543: D/dalvikvm(795): GC_CONCURRENT freed 91K, 17% free 491K/588K, paused 1ms+1ms, total 14ms
    12-11 06:55:50.923: E/SurfaceFlinger(36): ro.sf.lcd_density must be defined as a build property
    12-11 06:55:51.383: E/Trace(820): error opening trace file: No such file or directory (2)
    12-11 06:55:51.923: I/ARMAssembler(36): generated scanline__00000077:03010104_00008001_00000000 [ 89 ipp] (110 ins) at [0x40c84460:0x40c84618] in 4407499 ns
    12-11 06:55:52.333: E/SurfaceFlinger(36): ro.sf.lcd_density must be defined as a build property
    12-11 06:55:52.443: D/gralloc_goldfish(820): Emulator without GPU emulation detected.
    12-11 06:55:52.543: I/ActivityManager(294): Displayed com.example.projetologin/.Login: +2s67ms
    12-11 06:55:56.383: D/SystemClock(294): Setting time of day to sec=1418280964
    12-11 06:56:04.824: W/SystemClock(294): Unable to set rtc to 1418280964: Invalid argument
    12-11 06:56:04.929: V/AlarmClock(612): No next alarm
    12-11 06:56:04.959: V/AlarmClock(612): AlarmInitReceiver finished
    12-11 06:56:21.839: I/AudioService(294):  AudioFocus  abandonAudioFocus() from android.media.AudioManager@40ce9ee8com.android.music.MediaPlaybackService$3@40ce8b08
    12-11 06:56:28.999: D/ExchangeService(653): Received deviceId from Email app: null
    12-11 06:56:28.999: D/ExchangeService(653): !!! deviceId unknown; stopping self and retrying
    12-11 06:56:34.030: D/ExchangeService(653): !!! EAS ExchangeService, onStartCommand, startingUp = false, running = false
    12-11 06:56:34.030: W/ActivityManager(294): Unable to start service Intent { act=com.android.email.ACCOUNT_INTENT } U=0: not found
    12-11 06:56:34.039: D/ExchangeService(653): !!! Email application not found; stopping self
    12-11 06:56:34.048: W/ActivityManager(294): Unable to start service Intent { act=com.android.email.ACCOUNT_INTENT } U=0: not found
    12-11 06:56:34.109: E/ActivityThread(653): Service com.android.exchange.ExchangeService has leaked ServiceConnection com.android.emailcommon.service.ServiceProxy$ProxyConnection@40d056f0 that was originally bound here
    12-11 06:56:34.109: E/ActivityThread(653): android.app.ServiceConnectionLeaked: Service com.android.exchange.ExchangeService has leaked ServiceConnection com.android.emailcommon.service.ServiceProxy$ProxyConnection@40d056f0 that was originally bound here
    12-11 06:56:34.109: E/ActivityThread(653): 	at android.app.LoadedApk$ServiceDispatcher.<init>(LoadedApk.java:969)
    12-11 06:56:34.109: E/ActivityThread(653): 	at android.app.LoadedApk.getServiceDispatcher(LoadedApk.java:863)
    12-11 06:56:34.109: E/ActivityThread(653): 	at android.app.ContextImpl.bindService(ContextImpl.java:1418)
    12-11 06:56:34.109: E/ActivityThread(653): 	at android.app.ContextImpl.bindService(ContextImpl.java:1407)
    12-11 06:56:34.109: E/ActivityThread(653): 	at android.content.ContextWrapper.bindService(ContextWrapper.java:473)
    12-11 06:56:34.109: E/ActivityThread(653): 	at com.android.emailcommon.service.ServiceProxy.setTask(ServiceProxy.java:157)
    12-11 06:56:34.109: E/ActivityThread(653): 	at com.android.emailcommon.service.ServiceProxy.setTask(ServiceProxy.java:145)
    12-11 06:56:34.109: E/ActivityThread(653): 	at com.android.emailcommon.service.AccountServiceProxy.getDeviceId(AccountServiceProxy.java:116)
    12-11 06:56:34.109: E/ActivityThread(653): 	at com.android.exchange.ExchangeService.getDeviceId(ExchangeService.java:1249)
    12-11 06:56:34.109: E/ActivityThread(653): 	at com.android.exchange.ExchangeService$7.run(ExchangeService.java:1856)
    12-11 06:56:34.109: E/ActivityThread(653): 	at com.android.emailcommon.utility.Utility$2.doInBackground(Utility.java:551)
    12-11 06:56:34.109: E/ActivityThread(653): 	at com.android.emailcommon.utility.Utility$2.doInBackground(Utility.java:549)
    12-11 06:56:34.109: E/ActivityThread(653): 	at android.os.AsyncTask$2.call(AsyncTask.java:287)
    12-11 06:56:34.109: E/ActivityThread(653): 	at java.util.concurrent.FutureTask.run(FutureTask.java:234)
    12-11 06:56:34.109: E/ActivityThread(653): 	at java.util.concurrent.ThreadPoolExecutor.runWorker(ThreadPoolExecutor.java:1080)
    12-11 06:56:34.109: E/ActivityThread(653): 	at java.util.concurrent.ThreadPoolExecutor$Worker.run(ThreadPoolExecutor.java:573)
    12-11 06:56:34.109: E/ActivityThread(653): 	at java.lang.Thread.run(Thread.java:856)
    12-11 06:56:34.139: E/StrictMode(653): null
    12-11 06:56:34.139: E/StrictMode(653): android.app.ServiceConnectionLeaked: Service com.android.exchange.ExchangeService has leaked ServiceConnection com.android.emailcommon.service.ServiceProxy$ProxyConnection@40d056f0 that was originally bound here
    12-11 06:56:34.139: E/StrictMode(653): 	at android.app.LoadedApk$ServiceDispatcher.<init>(LoadedApk.java:969)
    12-11 06:56:34.139: E/StrictMode(653): 	at android.app.LoadedApk.getServiceDispatcher(LoadedApk.java:863)
    12-11 06:56:34.139: E/StrictMode(653): 	at android.app.ContextImpl.bindService(ContextImpl.java:1418)
    12-11 06:56:34.139: E/StrictMode(653): 	at android.app.ContextImpl.bindService(ContextImpl.java:1407)
    12-11 06:56:34.139: E/StrictMode(653): 	at android.content.ContextWrapper.bindService(ContextWrapper.java:473)
    12-11 06:56:34.139: E/StrictMode(653): 	at com.android.emailcommon.service.ServiceProxy.setTask(ServiceProxy.java:157)
    12-11 06:56:34.139: E/StrictMode(653): 	at com.android.emailcommon.service.ServiceProxy.setTask(ServiceProxy.java:145)
    12-11 06:56:34.139: E/StrictMode(653): 	at com.android.emailcommon.service.AccountServiceProxy.getDeviceId(AccountServiceProxy.java:116)
    12-11 06:56:34.139: E/StrictMode(653): 	at com.android.exchange.ExchangeService.getDeviceId(ExchangeService.java:1249)
    12-11 06:56:34.139: E/StrictMode(653): 	at com.android.exchange.ExchangeService$7.run(ExchangeService.java:1856)
    12-11 06:56:34.139: E/StrictMode(653): 	at com.android.emailcommon.utility.Utility$2.doInBackground(Utility.java:551)
    12-11 06:56:34.139: E/StrictMode(653): 	at com.android.emailcommon.utility.Utility$2.doInBackground(Utility.java:549)
    12-11 06:56:34.139: E/StrictMode(653): 	at android.os.AsyncTask$2.call(AsyncTask.java:287)
    12-11 06:56:34.139: E/StrictMode(653): 	at java.util.concurrent.FutureTask.run(FutureTask.java:234)
    12-11 06:56:34.139: E/StrictMode(653): 	at java.util.concurrent.ThreadPoolExecutor.runWorker(ThreadPoolExecutor.java:1080)
    12-11 06:56:34.139: E/StrictMode(653): 	at java.util.concurrent.ThreadPoolExecutor$Worker.run(ThreadPoolExecutor.java:573)
    12-11 06:56:34.139: E/StrictMode(653): 	at java.lang.Thread.run(Thread.java:856)
    12-11 06:56:34.149: W/ActivityManager(294): Unbind failed: could not find connection for android.os.BinderProxy@41222128
    12-11 06:56:34.183: E/ActivityThread(653): Service com.android.exchange.ExchangeService has leaked ServiceConnection com.android.emailcommon.service.ServiceProxy$ProxyConnection@40d05348 that was originally bound here
    12-11 06:56:34.183: E/ActivityThread(653): android.app.ServiceConnectionLeaked: Service com.android.exchange.ExchangeService has leaked ServiceConnection com.android.emailcommon.service.ServiceProxy$ProxyConnection@40d05348 that was originally bound here
    12-11 06:56:34.183: E/ActivityThread(653): 	at android.app.LoadedApk$ServiceDispatcher.<init>(LoadedApk.java:969)
    12-11 06:56:34.183: E/ActivityThread(653): 	at android.app.LoadedApk.getServiceDispatcher(LoadedApk.java:863)
    12-11 06:56:34.183: E/ActivityThread(653): 	at android.app.ContextImpl.bindService(ContextImpl.java:1418)
    12-11 06:56:34.183: E/ActivityThread(653): 	at android.app.ContextImpl.bindService(ContextImpl.java:1407)
    12-11 06:56:34.183: E/ActivityThread(653): 	at android.content.ContextWrapper.bindService(ContextWrapper.java:473)
    12-11 06:56:34.183: E/ActivityThread(653): 	at com.android.emailcommon.service.ServiceProxy.setTask(ServiceProxy.java:157)
    12-11 06:56:34.183: E/ActivityThread(653): 	at com.android.emailcommon.service.ServiceProxy.setTask(ServiceProxy.java:145)
    12-11 06:56:34.183: E/ActivityThread(653): 	at com.android.emailcommon.service.ServiceProxy.test(ServiceProxy.java:191)
    12-11 06:56:34.183: E/ActivityThread(653): 	at com.android.exchange.ExchangeService$7.run(ExchangeService.java:1850)
    12-11 06:56:34.183: E/ActivityThread(653): 	at com.android.emailcommon.utility.Utility$2.doInBackground(Utility.java:551)
    12-11 06:56:34.183: E/ActivityThread(653): 	at com.android.emailcommon.utility.Utility$2.doInBackground(Utility.java:549)
    12-11 06:56:34.183: E/ActivityThread(653): 	at android.os.AsyncTask$2.call(AsyncTask.java:287)
    12-11 06:56:34.183: E/ActivityThread(653): 	at java.util.concurrent.FutureTask.run(FutureTask.java:234)
    12-11 06:56:34.183: E/ActivityThread(653): 	at java.util.concurrent.ThreadPoolExecutor.runWorker(ThreadPoolExecutor.java:1080)
    12-11 06:56:34.183: E/ActivityThread(653): 	at java.util.concurrent.ThreadPoolExecutor$Worker.run(ThreadPoolExecutor.java:573)
    12-11 06:56:34.183: E/ActivityThread(653): 	at java.lang.Thread.run(Thread.java:856)
    12-11 06:56:34.199: E/StrictMode(653): null
    12-11 06:56:34.199: E/StrictMode(653): android.app.ServiceConnectionLeaked: Service com.android.exchange.ExchangeService has leaked ServiceConnection com.android.emailcommon.service.ServiceProxy$ProxyConnection@40d05348 that was originally bound here
    12-11 06:56:34.199: E/StrictMode(653): 	at android.app.LoadedApk$ServiceDispatcher.<init>(LoadedApk.java:969)
    12-11 06:56:34.199: E/StrictMode(653): 	at android.app.LoadedApk.getServiceDispatcher(LoadedApk.java:863)
    12-11 06:56:34.199: E/StrictMode(653): 	at android.app.ContextImpl.bindService(ContextImpl.java:1418)
    12-11 06:56:34.199: E/StrictMode(653): 	at android.app.ContextImpl.bindService(ContextImpl.java:1407)
    12-11 06:56:34.199: E/StrictMode(653): 	at android.content.ContextWrapper.bindService(ContextWrapper.java:473)
    12-11 06:56:34.199: E/StrictMode(653): 	at com.android.emailcommon.service.ServiceProxy.setTask(ServiceProxy.java:157)
    12-11 06:56:34.199: E/StrictMode(653): 	at com.android.emailcommon.service.ServiceProxy.setTask(ServiceProxy.java:145)
    12-11 06:56:34.199: E/StrictMode(653): 	at com.android.emailcommon.service.ServiceProxy.test(ServiceProxy.java:191)
    12-11 06:56:34.199: E/StrictMode(653): 	at com.android.exchange.ExchangeService$7.run(ExchangeService.java:1850)
    12-11 06:56:34.199: E/StrictMode(653): 	at com.android.emailcommon.utility.Utility$2.doInBackground(Utility.java:551)
    12-11 06:56:34.199: E/StrictMode(653): 	at com.android.emailcommon.utility.Utility$2.doInBackground(Utility.java:549)
    12-11 06:56:34.199: E/StrictMode(653): 	at android.os.AsyncTask$2.call(AsyncTask.java:287)
    12-11 06:56:34.199: E/StrictMode(653): 	at java.util.concurrent.FutureTask.run(FutureTask.java:234)
    12-11 06:56:34.199: E/StrictMode(653): 	at java.util.concurrent.ThreadPoolExecutor.runWorker(ThreadPoolExecutor.java:1080)
    12-11 06:56:34.199: E/StrictMode(653): 	at java.util.concurrent.ThreadPoolExecutor$Worker.run(ThreadPoolExecutor.java:573)
    12-11 06:56:34.199: E/StrictMode(653): 	at java.lang.Thread.run(Thread.java:856)
    12-11 06:56:34.219: W/ActivityManager(294): Unbind failed: could not find connection for android.os.BinderProxy@40fb63a0
    12-11 06:56:34.619: E/ThrottleService(294): problem during onPollAlarm: java.lang.IllegalStateException: problem parsing stats: java.io.FileNotFoundException: /proc/net/xt_qtaguid/iface_stat_all: open failed: ENOENT (No such file or directory)


