    12-11 06:55:15.823: D/CAT(395): CatService: NEW sInstance
    12-11 06:55:15.903: W/dalvikvm(446): threadid=2: spin on suspend #3 threadid=1 (pcf=0)
    12-11 06:55:15.903: I/dalvikvm(446): "GC" daemon prio=5 tid=2 RUNNABLE
    12-11 06:55:15.903: I/dalvikvm(446):   | group="system" sCount=0 dsCount=0 obj=0x40cd8db0 self=0x2a026c98
    12-11 06:55:15.913: I/dalvikvm(446):   | sysTid=448 nice=0 sched=0/0 cgrp=apps handle=706228600
    12-11 06:55:15.913: I/dalvikvm(446):   | state=R schedstat=( 63668699 996210675 98 ) utm=3 stm=3 core=0
    12-11 06:55:15.913: I/dalvikvm(446):   at dalvik.system.NativeStart.run(Native Method)
    12-11 06:55:15.913: I/dalvikvm(446): "main" prio=5 tid=1 RUNNABLE
    12-11 06:55:15.913: I/dalvikvm(446):   | group="main" sCount=1 dsCount=0 obj=0x40a729a0 self=0x2a00bba8
    12-11 06:55:15.923: I/dalvikvm(446):   | sysTid=446 nice=0 sched=0/0 cgrp=apps handle=1073849308
    12-11 06:55:15.923: I/dalvikvm(446):   | state=S schedstat=( 454216512 7361820492 567 ) utm=26 stm=19 core=0
    12-11 06:55:15.923: E/Trace(570): error opening trace file: No such file or directory (2)
    12-11 06:55:15.974: W/WindowManager(294): Window freeze timeout expired.
    12-11 06:55:15.974: W/WindowManager(294): Force clearing orientation change: Window{41087300 u0 com.android.systemui.ImageWallpaper}
    12-11 06:55:16.173: E/SurfaceFlinger(36): ro.sf.lcd_density must be defined as a build property
    12-11 06:55:16.483: I/Choreographer(410): Skipped 67 frames!  The application may be doing too much work on its main thread.
    12-11 06:55:16.623: I/dalvikvm(446):   at android.content.pm.PackageItemInfo.writeToParcel(PackageItemInfo.java:~240)
    12-11 06:55:16.623: I/dalvikvm(446):   at android.content.pm.ApplicationInfo.writeToParcel(ApplicationInfo.java:572)
    12-11 06:55:16.643: I/dalvikvm(446):   at android.content.pm.ComponentInfo.writeToParcel(ComponentInfo.java:141)
    12-11 06:55:16.643: I/dalvikvm(446):   at android.content.pm.ProviderInfo.writeToParcel(ProviderInfo.java:121)
    12-11 06:55:16.643: I/dalvikvm(446):   at android.app.IActivityManager$ContentProviderHolder.writeToParcel(IActivityManager.java:392)
    12-11 06:55:16.643: I/dalvikvm(446):   at android.os.Parcel.writeTypedList(Parcel.java:1017)
    12-11 06:55:16.653: I/dalvikvm(446):   at android.app.ActivityManagerProxy.publishContentProviders(ActivityManagerNative.java:2581)
    12-11 06:55:16.653: I/dalvikvm(446):   at android.app.ActivityThread.installContentProviders(ActivityThread.java:4441)
    12-11 06:55:16.653: I/dalvikvm(446):   at android.app.ActivityThread.handleBindApplication(ActivityThread.java:4372)
    12-11 06:55:16.653: I/dalvikvm(446):   at android.app.ActivityThread.access$1300(ActivityThread.java:141)
    12-11 06:55:16.713: I/dalvikvm(446):   at android.app.ActivityThread$H.handleMessage(ActivityThread.java:1294)
    12-11 06:55:16.713: I/dalvikvm(446):   at android.os.Handler.dispatchMessage(Handler.java:99)
    12-11 06:55:16.713: I/dalvikvm(446):   at android.os.Looper.loop(Looper.java:137)
    12-11 06:55:16.733: I/dalvikvm(446):   at android.app.ActivityThread.main(ActivityThread.java:5041)
    12-11 06:55:16.733: I/dalvikvm(446):   at java.lang.reflect.Method.invokeNative(Native Method)
    12-11 06:55:16.733: I/dalvikvm(446):   at java.lang.reflect.Method.invoke(Method.java:511)
    12-11 06:55:16.733: I/dalvikvm(446):   at com.android.internal.os.ZygoteInit$MethodAndArgsCaller.run(ZygoteInit.java:793)
    12-11 06:55:16.733: I/dalvikvm(446):   at com.android.internal.os.ZygoteInit.main(ZygoteInit.java:560)
    12-11 06:55:16.733: I/dalvikvm(446):   at dalvik.system.NativeStart.main(Native Method)
    12-11 06:55:16.843: W/ActivityManager(294): Timeout executing service: ServiceRecord{40f912f8 u0 com.android.inputmethod.latin/.LatinIME}
    12-11 06:55:16.923: I/Process(294): Sending signal. PID: 382 SIG: 3
    12-11 06:55:16.923: I/dalvikvm(382): threadid=3: reacting to signal 3
    12-11 06:55:17.064: D/gralloc_goldfish(410): Emulator without GPU emulation detected.
    12-11 06:55:17.173: I/Process(294): Sending signal. PID: 294 SIG: 3
    12-11 06:55:17.173: I/dalvikvm(294): threadid=3: reacting to signal 3
    12-11 06:55:17.303: I/dalvikvm(382): Wrote stack traces to '/data/anr/traces.txt'
    12-11 06:55:17.443: I/FusedLocation(459): engine started (com.android.location.fused)
    12-11 06:55:17.493: W/dalvikvm(446): threadid=2: spin on suspend #4 threadid=1 (pcf=0)
    12-11 06:55:17.493: I/dalvikvm(446): "GC" daemon prio=5 tid=2 RUNNABLE
    12-11 06:55:17.493: I/dalvikvm(446):   | group="system" sCount=0 dsCount=0 obj=0x40cd8db0 self=0x2a026c98
    12-11 06:55:17.493: I/dalvikvm(446):   | sysTid=448 nice=0 sched=0/0 cgrp=apps handle=706228600
    12-11 06:55:17.504: I/dalvikvm(446):   | state=R schedstat=( 74705126 1853617607 143 ) utm=3 stm=4 core=0
    12-11 06:55:17.504: I/dalvikvm(446):   at dalvik.system.NativeStart.run(Native Method)
    12-11 06:55:17.504: I/dalvikvm(446): "main" prio=5 tid=1 RUNNABLE
    12-11 06:55:17.513: I/dalvikvm(446):   | group="main" sCount=1 dsCount=0 obj=0x40a729a0 self=0x2a00bba8
    12-11 06:55:17.513: I/dalvikvm(446):   | sysTid=446 nice=0 sched=0/0 cgrp=apps handle=1073849308
    12-11 06:55:17.513: I/dalvikvm(446):   | state=S schedstat=( 454216512 7361820492 567 ) utm=26 stm=19 core=0
    12-11 06:55:17.553: I/dalvikvm(446):   at android.content.pm.PackageItemInfo.writeToParcel(PackageItemInfo.java:~240)
    12-11 06:55:17.573: I/dalvikvm(446):   at android.content.pm.ApplicationInfo.writeToParcel(ApplicationInfo.java:572)
    12-11 06:55:17.573: I/dalvikvm(446):   at android.content.pm.ComponentInfo.writeToParcel(ComponentInfo.java:141)
    12-11 06:55:17.573: I/dalvikvm(446):   at android.content.pm.ProviderInfo.writeToParcel(ProviderInfo.java:121)
    12-11 06:55:17.573: I/dalvikvm(446):   at android.app.IActivityManager$ContentProviderHolder.writeToParcel(IActivityManager.java:392)
    12-11 06:55:17.583: I/dalvikvm(446):   at android.os.Parcel.writeTypedList(Parcel.java:1017)
    12-11 06:55:17.583: I/dalvikvm(446):   at android.app.ActivityManagerProxy.publishContentProviders(ActivityManagerNative.java:2581)
    12-11 06:55:17.583: I/dalvikvm(446):   at android.app.ActivityThread.installContentProviders(ActivityThread.java:4441)
    12-11 06:55:17.583: I/dalvikvm(446):   at android.app.ActivityThread.handleBindApplication(ActivityThread.java:4372)
    12-11 06:55:17.593: I/dalvikvm(446):   at android.app.ActivityThread.access$1300(ActivityThread.java:141)
    12-11 06:55:17.593: I/dalvikvm(446):   at android.app.ActivityThread$H.handleMessage(ActivityThread.java:1294)
    12-11 06:55:17.593: I/dalvikvm(446):   at android.os.Handler.dispatchMessage(Handler.java:99)
    12-11 06:55:17.593: I/dalvikvm(446):   at android.os.Looper.loop(Looper.java:137)
    12-11 06:55:17.603: I/dalvikvm(446):   at android.app.ActivityThread.main(ActivityThread.java:5041)
    12-11 06:55:17.603: I/dalvikvm(446):   at java.lang.reflect.Method.invokeNative(Native Method)
    12-11 06:55:17.603: I/dalvikvm(446):   at java.lang.reflect.Method.invoke(Method.java:511)
    12-11 06:55:17.613: I/dalvikvm(446):   at com.android.internal.os.ZygoteInit$MethodAndArgsCaller.run(ZygoteInit.java:793)
    12-11 06:55:17.613: I/dalvikvm(446):   at com.android.internal.os.ZygoteInit.main(ZygoteInit.java:560)
    12-11 06:55:17.613: I/dalvikvm(446):   at dalvik.system.NativeStart.main(Native Method)
    12-11 06:55:18.003: D/CountryDetector(294): The first listener is added
    12-11 06:55:18.073: I/Process(294): Sending signal. PID: 354 SIG: 3
    12-11 06:55:18.073: I/dalvikvm(354): threadid=3: reacting to signal 3
    12-11 06:55:18.143: W/dalvikvm(446): threadid=2: spin on suspend resolved in 5045 msec
    12-11 06:55:18.163: D/dalvikvm(446): GC_CONCURRENT freed 175K, 11% free 2615K/2908K, paused 7ms+5061ms, total 5660ms
    12-11 06:55:18.163: I/dalvikvm(294): Wrote stack traces to '/data/anr/traces.txt'
    12-11 06:55:18.284: I/Process(294): Sending signal. PID: 395 SIG: 3
    12-11 06:55:18.284: I/dalvikvm(395): threadid=3: reacting to signal 3
    12-11 06:55:18.493: E/UserHistoryDictionary(382): when loading: file not foundjava.io.FileNotFoundException: /data/data/com.android.inputmethod.latin/files/UserHistoryDictionary.en_US.dict: open failed: ENOENT (No such file or directory)
    12-11 06:55:18.583: I/ActivityManager(294): Displayed com.android.launcher/com.android.launcher2.Launcher: +22s169ms
    12-11 06:55:18.643: I/Choreographer(410): Skipped 167 frames!  The application may be doing too much work on its main thread.
    12-11 06:55:18.833: D/dalvikvm(354): GC_FOR_ALLOC freed <1K, 3% free 10149K/10416K, paused 812ms, total 812ms
    12-11 06:55:19.003: D/dalvikvm(382): GC_CONCURRENT freed 245K, 13% free 2538K/2900K, paused 5ms+75ms, total 573ms
    12-11 06:55:19.053: V/MmsConfig(570): mnc/mcc: 
    12-11 06:55:19.083: E/StrictMode(382): A resource was acquired at attached stack trace but never released. See java.io.Closeable for information on avoiding resource leaks.
    12-11 06:55:19.083: E/StrictMode(382): java.lang.Throwable: Explicit termination method 'close' not called
    12-11 06:55:19.083: E/StrictMode(382): 	at dalvik.system.CloseGuard.open(CloseGuard.java:184)
    12-11 06:55:19.083: E/StrictMode(382): 	at android.os.ParcelFileDescriptor.<init>(ParcelFileDescriptor.java:412)
    12-11 06:55:19.083: E/StrictMode(382): 	at android.content.res.AssetManager.openNonAssetFdNative(Native Method)
    12-11 06:55:19.083: E/StrictMode(382): 	at android.content.res.AssetManager.openNonAssetFd(AssetManager.java:428)
    12-11 06:55:19.083: E/StrictMode(382): 	at android.content.res.Resources.openRawResourceFd(Resources.java:979)
    12-11 06:55:19.083: E/StrictMode(382): 	at com.android.inputmethod.latin.BinaryDictionaryGetter.loadFallbackResource(BinaryDictionaryGetter.java:183)
    12-11 06:55:19.083: E/StrictMode(382): 	at com.android.inputmethod.latin.BinaryDictionaryGetter.getDictionaryFiles(BinaryDictionaryGetter.java:456)
    12-11 06:55:19.083: E/StrictMode(382): 	at com.android.inputmethod.latin.DictionaryFactory.createMainDictionaryFromManager(DictionaryFactory.java:57)
    12-11 06:55:19.083: E/StrictMode(382): 	at com.android.inputmethod.latin.DictionaryFactory.createMainDictionaryFromManager(DictionaryFactory.java:87)
    12-11 06:55:19.083: E/StrictMode(382): 	at com.android.inputmethod.latin.Suggest$1.run(Suggest.java:108)
    12-11 06:55:19.103: V/MmsConfig(570): tag: bool value: enabledMMS - true
    12-11 06:55:19.103: V/MmsConfig(570): tag: int value: maxMessageSize - 307200
    12-11 06:55:19.113: V/MmsConfig(570): tag: int value: maxImageHeight - 480
    12-11 06:55:19.113: V/MmsConfig(570): tag: int value: maxImageWidth - 640
    12-11 06:55:19.123: V/MmsConfig(570): tag: int value: defaultSMSMessagesPerThread - 500
    12-11 06:55:19.173: V/MmsConfig(570): tag: int value: defaultMMSMessagesPerThread - 50
    12-11 06:55:19.183: V/MmsConfig(570): tag: int value: minMessageCountPerThread - 10
    12-11 06:55:19.203: I/dalvikvm-heap(354): Grow heap (frag case) to 12.721MB for 2828816-byte allocation
    12-11 06:55:19.203: V/MmsConfig(570): tag: int value: maxMessageCountPerThread - 5000
    12-11 06:55:19.213: V/MmsConfig(570): tag: string value: uaProfUrl - http://www.google.com/oha/rdf/ua-profile-kila.xml
    12-11 06:55:19.263: V/MmsConfig(570): tag: int value: recipientLimit - -1
    12-11 06:55:19.263: V/MmsConfig(570): tag: bool value: enableMultipartSMS - true
    12-11 06:55:19.273: V/MmsConfig(570): tag: int value: smsToMmsTextThreshold - -1
    12-11 06:55:19.293: V/MmsConfig(570): tag: bool value: enableSlideDuration - true
    12-11 06:55:19.303: V/MmsConfig(570): tag: int value: maxMessageTextSize - -1
    12-11 06:55:19.543: I/Choreographer(294): Skipped 140 frames!  The application may be doing too much work on its main thread.
    12-11 06:55:19.703: I/dalvikvm(395): Wrote stack traces to '/data/anr/traces.txt'
    12-11 06:55:19.843: I/dalvikvm(354): Wrote stack traces to '/data/anr/traces.txt'
    12-11 06:55:19.973: I/Choreographer(410): Skipped 291 frames!  The application may be doing too much work on its main thread.
    12-11 06:55:20.053: D/CAT(395): CatService: SIM ready. Reporting STK service running now...
    12-11 06:55:20.263: D/dalvikvm(395): GC_CONCURRENT freed 277K, 13% free 2778K/3176K, paused 7ms+136ms, total 551ms
    12-11 06:55:20.583: D/dalvikvm(354): GC_CONCURRENT freed 0K, 3% free 12912K/13180K, paused 10ms+139ms, total 735ms
    12-11 06:55:20.593: D/dalvikvm(354): WAIT_FOR_CONCURRENT_GC blocked 742ms
    12-11 06:55:20.643: D/MccTable(395): updateMccMncConfiguration: mcc=310, mnc=260
    12-11 06:55:20.643: D/TelephonyManager(395): getLteOnCdmaMode=0 curVal=-1 product_type='' lteOnCdmaProductType=''
    12-11 06:55:20.643: D/MccTable(395): locale set to en_us
    12-11 06:55:20.703: D/MccTable(395): WIFI_COUNTRY_CODE set to us
    12-11 06:55:20.723: D/gralloc_goldfish(354): Emulator without GPU emulation detected.
    12-11 06:55:20.863: I/WifiService(294): WifiService trying to set country code to us with persist set to true
    12-11 06:55:21.013: D/dalvikvm(294): GC_CONCURRENT freed 1941K, 26% free 5965K/8008K, paused 540ms+160ms, total 1994ms
    12-11 06:55:21.013: D/dalvikvm(294): WAIT_FOR_CONCURRENT_GC blocked 133ms
    12-11 06:55:21.173: D/dalvikvm(410): GC_FOR_ALLOC freed 66K, 8% free 3315K/3596K, paused 275ms, total 281ms
    12-11 06:55:21.203: I/dalvikvm-heap(410): Grow heap (frag case) to 3.843MB for 518416-byte allocation
    12-11 06:55:21.413: D/dalvikvm(410): GC_CONCURRENT freed 6K, 8% free 3814K/4104K, paused 10ms+19ms, total 205ms
    12-11 06:55:21.413: D/dalvikvm(410): WAIT_FOR_CONCURRENT_GC blocked 89ms
    12-11 06:55:21.514: D/dalvikvm(410): GC_FOR_ALLOC freed <1K, 8% free 3814K/4104K, paused 78ms, total 101ms
    12-11 06:55:21.563: I/dalvikvm-heap(410): Grow heap (frag case) to 4.332MB for 518416-byte allocation
    12-11 06:55:21.774: I/ActivityManager(294): Config changes=1403 {1.0 310mcc260mnc en_US ldltr sw320dp w320dp h508dp 240dpi nrml long port finger qwerty/v/v -nav/h s.4}
    12-11 06:55:21.853: D/dalvikvm(410): GC_CONCURRENT freed <1K, 7% free 4320K/4612K, paused 10ms+107ms, total 285ms
    12-11 06:55:21.853: D/dalvikvm(410): WAIT_FOR_CONCURRENT_GC blocked 32ms
    12-11 06:55:21.853: D/dalvikvm(410): WAIT_FOR_CONCURRENT_GC blocked 261ms
    12-11 06:55:21.923: W/SurfaceFlinger(36): createScreenshotSurface failed (Function not implemented)
    12-11 06:55:22.283: D/dalvikvm(410): GC_FOR_ALLOC freed <1K, 7% free 4321K/4612K, paused 417ms, total 418ms
    12-11 06:55:22.283: I/dalvikvm-heap(410): Grow heap (frag case) to 4.827MB for 518416-byte allocation
    12-11 06:55:22.473: D/dalvikvm(410): GC_FOR_ALLOC freed <1K, 6% free 4828K/5120K, paused 178ms, total 178ms
    12-11 06:55:22.623: I/ActivityManager(294): Start proc com.android.deskclock for broadcast com.android.deskclock/.AlarmInitReceiver: pid=612 uid=10026 gids={50026, 1028}
    12-11 06:55:22.823: D/dalvikvm(410): GREF has increased to 201
    12-11 06:55:22.903: I/Choreographer(410): Skipped 632 frames!  The application may be doing too much work on its main thread.
    12-11 06:55:23.033: D/MccTable(395): updateMccMncConfiguration: mcc=310, mnc=260
    12-11 06:55:23.043: D/TelephonyManager(395): getLteOnCdmaMode=0 curVal=-1 product_type='' lteOnCdmaProductType=''
    12-11 06:55:23.043: D/MccTable(395): locale set to en_us
    12-11 06:55:23.073: D/MccTable(395): WIFI_COUNTRY_CODE set to us
    12-11 06:55:23.073: I/WifiService(294): WifiService trying to set country code to us with persist set to true
    12-11 06:55:23.103: I/ActivityManager(294): Config changes=1400 {1.0 310mcc260mnc en_US ldltr sw320dp w320dp h508dp 240dpi nrml long port finger qwerty/v/v -nav/h s.5}
    12-11 06:55:23.223: D/dalvikvm(294): GC_EXPLICIT freed 356K, 25% free 6056K/8008K, paused 55ms+98ms, total 921ms
    12-11 06:55:23.533: W/Launcher.Model(410): LoaderTask running with no launcher (loadAllAppsByBatch)
    12-11 06:55:23.694: E/Trace(612): error opening trace file: No such file or directory (2)
    12-11 06:55:24.093: I/Choreographer(354): Skipped 3832 frames!  The application may be doing too much work on its main thread.
    12-11 06:55:24.103: I/Choreographer(294): Skipped 51 frames!  The application may be doing too much work on its main thread.
    12-11 06:55:24.113: W/WindowManager(294): Window freeze timeout expired.
    12-11 06:55:24.113: W/WindowManager(294): Force clearing orientation change: Window{40e90340 u0 StatusBar}
    12-11 06:55:24.283: I/Choreographer(294): Skipped 40 frames!  The application may be doing too much work on its main thread.
    12-11 06:55:24.344: I/SurfaceFlinger(36): Boot is finished (59586 ms)
    12-11 06:55:24.453: I/ActivityManager(294): Config changes=1400 {1.0 310mcc260mnc en_US ldltr sw320dp w320dp h508dp 240dpi nrml long port finger qwerty/v/v -nav/h s.6}
    12-11 06:55:24.623: I/PowerManagerService(294): Boot animation finished.
    12-11 06:55:24.643: I/Choreographer(294): Skipped 77 frames!  The application may be doing too much work on its main thread.
    12-11 06:55:25.183: I/Choreographer(354): Skipped 214 frames!  The application may be doing too much work on its main thread.
    12-11 06:55:25.283: D/dalvikvm(395): GC_CONCURRENT freed 330K, 14% free 2959K/3408K, paused 95ms+146ms, total 475ms
    12-11 06:55:25.573: D/dalvikvm(294): GC_CONCURRENT freed 375K, 18% free 6604K/8008K, paused 7ms+54ms, total 493ms
    12-11 06:55:25.573: D/dalvikvm(294): WAIT_FOR_CONCURRENT_GC blocked 50ms
    12-11 06:55:25.583: D/dalvikvm(294): WAIT_FOR_CONCURRENT_GC blocked 200ms
    12-11 06:55:25.583: D/dalvikvm(294): WAIT_FOR_CONCURRENT_GC blocked 134ms
    12-11 06:55:25.593: D/dalvikvm(294): WAIT_FOR_CONCURRENT_GC blocked 387ms
    12-11 06:55:25.593: D/dalvikvm(294): WAIT_FOR_CONCURRENT_GC blocked 310ms
    12-11 06:55:25.624: I/Process(294): Sending signal. PID: 410 SIG: 3
    12-11 06:55:25.624: I/dalvikvm(410): threadid=3: reacting to signal 3
    12-11 06:55:25.843: I/Process(294): Sending signal. PID: 446 SIG: 3
    12-11 06:55:25.843: I/dalvikvm(446): threadid=3: reacting to signal 3
    12-11 06:55:25.963: I/dalvikvm(410): Wrote stack traces to '/data/anr/traces.txt'
    12-11 06:55:25.973: I/Process(294): Sending signal. PID: 526 SIG: 3
    12-11 06:55:26.053: D/dalvikvm(294): WAIT_FOR_CONCURRENT_GC blocked 572ms
    12-11 06:55:26.133: V/AlarmClock(612): No next alarm
    12-11 06:55:26.333: V/AlarmClock(612): AlarmInitReceiver - Reset timers and clear stopwatch data
    12-11 06:55:26.403: D/dalvikvm(410): GC_CONCURRENT freed 1821K, 37% free 3439K/5384K, paused 19ms+152ms, total 439ms
    12-11 06:55:26.583: V/AlarmClock(612): No next alarm
    12-11 06:55:26.603: V/AlarmClock(612): AlarmInitReceiver finished
    12-11 06:55:26.723: I/dalvikvm(526): threadid=3: reacting to signal 3
    12-11 06:55:26.793: D/dalvikvm(294): GC_CONCURRENT freed 465K, 11% free 7198K/8008K, paused 8ms+41ms, total 289ms
    12-11 06:55:26.793: D/dalvikvm(294): WAIT_FOR_CONCURRENT_GC blocked 193ms
    12-11 06:55:26.803: D/dalvikvm(294): WAIT_FOR_CONCURRENT_GC blocked 198ms
    12-11 06:55:26.833: D/dalvikvm(294): WAIT_FOR_CONCURRENT_GC blocked 227ms
    12-11 06:55:26.843: D/dalvikvm(294): WAIT_FOR_CONCURRENT_GC blocked 247ms
    12-11 06:55:26.893: E/ActivityManager(294): ANR in com.android.inputmethod.latin
    12-11 06:55:26.893: E/ActivityManager(294): Reason: Executing service com.android.inputmethod.latin/.LatinIME
    12-11 06:55:26.893: E/ActivityManager(294): Load: 6.46 / 1.56 / 0.52
    12-11 06:55:26.893: E/ActivityManager(294): CPU usage from 4408ms to -9332ms ago:
    12-11 06:55:26.893: E/ActivityManager(294):   29% 294/system_server: 21% user + 7.8% kernel / faults: 2339 minor 5 major
    12-11 06:55:26.893: E/ActivityManager(294):   19% 36/surfaceflinger: 17% user + 2.1% kernel / faults: 1415 minor
    12-11 06:55:26.893: E/ActivityManager(294):   10% 410/com.android.launcher: 8% user + 2.9% kernel / faults: 2957 minor 3 major
    12-11 06:55:26.893: E/ActivityManager(294):   10% 395/com.android.phone: 7.4% user + 2.6% kernel / faults: 1617 minor 8 major
    12-11 06:55:26.893: E/ActivityManager(294):   7.7% 354/com.android.systemui: 6.4% user + 1.2% kernel / faults: 4224 minor 3 major
    12-11 06:55:26.893: E/ActivityManager(294):   3.4% 446/android.process.acore: 2.8% user + 0.5% kernel / faults: 1037 minor
    12-11 06:55:26.893: E/ActivityManager(294):   2.2% 46/adbd: 0.2% user + 1.9% kernel
    12-11 06:55:26.893: E/ActivityManager(294):   1.6% 548/zygote: 0.6% user + 1% kernel / faults: 3297 minor 20 major
    12-11 06:55:26.893: E/ActivityManager(294):   1.3% 382/com.android.inputmethod.latin: 0.9% user + 0.4% kernel / faults: 749 minor 1 major
    12-11 06:55:26.893: E/ActivityManager(294):   1.1% 526/android.process.media: 0.7% user + 0.4% kernel / faults: 412 minor 4 major
    12-11 06:55:26.893: E/ActivityManager(294):   0.8% 290/logcat: 0.3% user + 0.4% kernel
    12-11 06:55:26.893: E/ActivityManager(294):   0.5% 35/rild: 0% user + 0.4% kernel
    12-11 06:55:26.893: E/ActivityManager(294):   0.3% 471/com.android.music: 0.2% user + 0.1% kernel / faults: 171 minor
    12-11 06:55:26.893: E/ActivityManager(294):   0.1% 30/servicemanager: 0% user + 0.1% kernel
    12-11 06:55:26.893: E/ActivityManager(294):   0.1% 37/zygote: 0% user + 0% kernel / faults: 126 minor
    12-11 06:55:26.893: E/ActivityManager(294):   0.1% 504/com.android.defcontainer: 0.1% user + 0% kernel / faults: 93 minor
    12-11 06:55:26.893: E/ActivityManager(294):   0% 1//init: 0% user + 0% kernel / faults: 10 minor
    12-11 06:55:26.893: E/ActivityManager(294):   0% 39/mediaserver: 0% user + 0% kernel
    12-11 06:55:26.893: E/ActivityManager(294):  +0% 570/com.android.mms: 0% user + 0% kernel
    12-11 06:55:26.893: E/ActivityManager(294):  +0% 612/com.android.deskclock: 0% user + 0% kernel
    12-11 06:55:26.893: E/ActivityManager(294): 100% TOTAL: 73% user + 26% kernel + 0.1% softirq
    12-11 06:55:26.893: E/ActivityManager(294): CPU usage from 6374ms to 7807ms later:
    12-11 06:55:26.893: E/ActivityManager(294):   32% 294/system_server: 20% user + 11% kernel / faults: 175 minor
    12-11 06:55:26.893: E/ActivityManager(294):     9.7% 309/UI: 8.2% user + 1.4% kernel
    12-11 06:55:26.893: E/ActivityManager(294):     7.4% 311/ActivityManager: 2.9% user + 4.4% kernel
    12-11 06:55:26.893: E/ActivityManager(294):     4.4% 310/WindowManager: 2.2% user + 2.2% kernel
    12-11 06:55:26.893: E/ActivityManager(294):     2.9% 301/Compiler: 0.7% user + 2.2% kernel
    12-11 06:55:26.893: E/ActivityManager(294):     0.7% 294/system_server: 0.7% user + 0% kernel
    12-11 06:55:26.893: E/ActivityManager(294):     0.7% 305/Binder_1: 0.7% user + 0% kernel
    12-11 06:55:26.893: E/ActivityManager(294):     0.7% 321/PowerManagerSer: 0.7% user + 0% kernel
    12-11 06:55:26.893: E/ActivityManager(294):     0.7% 387/LocationManager: 0.7% user + 0% kernel
    12-11 06:55:26.893: E/ActivityManager(294):     0.7% 430/Binder_3: 0% user + 0.7% kernel
    12-11 06:55:26.893: E/ActivityManager(294):     0.7% 438/Binder_4: 0.7% user + 0% kernel
    12-11 06:55:26.893: E/ActivityManager(294):     0.7% 440/Binder_5: 0.7% user + 0% kernel
    12-11 06:55:26.893: E/ActivityManager(294):     0.7% 502/Binder_8: 0.7% user + 0% kernel
    12-11 06:55:26.893: E/ActivityManager(294):     0.7% 592/Binder_9: 0% user + 0.7% kernel
    12-11 06:55:26.893: E/ActivityManager(294):     0.7% 595/Binder_B: 0.7% user + 0% kernel
    12-11 06:55:26.893: E/ActivityManager(294):   26% 36/surfaceflinger: 21% user + 4.9% kernel / faults: 857 minor
    12-11 06:55:26.893: E/ActivityManager(294):     21% 70/SurfaceFlinger: 19% user + 2.1% kernel
    12-11 06:55:26.893: E/ActivityManager(294):     1.4% 292/Binder_2: 0.7% user + 0.7% kernel
    12-11 06:55:26.893: E/ActivityManager(294):     0.7% 36/surfaceflinger: 0.7% user + 0% kernel
    12-11 06:55:26.893: E/ActivityManager(294):     0.7% 87/EventThread: 0.7% user + 0% kernel
    12-11 06:55:26.893: E/ActivityManager(294):     0.7% 89/Binder_1: 0.7% user + 0% kernel
    12-11 06:55:26.893: E/ActivityManager(294):    +0% 626/BufferLiberator: 0% user + 0% kernel
    12-11 06:55:26.893: E/ActivityManager(294):   11% 410/com.android.launcher: 11% user + 0.7% kernel / faults: 52 minor
    12-11 06:55:26.893: E/ActivityManager(294):     5.5% 410/ndroid.launcher: 4.7% user + 0.7% kernel
    12-11 06:55:26.893: E/ActivityManager(294):     3.1% 434/launcher-loader: 3.1% user + 0% kernel
    12-11 06:55:26.893: E/ActivityManager(294):     0.7% 420/Compiler: 0.7% user + 0% kernel
    12-11 06:55:26.893: E/ActivityManager(294):   10% 395/com.android.phone: 8.8% user + 1.6% kernel / faults: 152 minor
    12-11 06:55:26.893: E/ActivityManager(294):     5.6% 395/m.android.phone: 5.6% user + 0% kernel
    12-11 06:55:26.893: E/ActivityManager(294):     3.2% 398/GC: 1.6% user + 1.6% kernel
    12-11 06:55:26.893: E/ActivityManager(294):     1.6% 405/Compiler: 1.6% user + 0% kernel
    12-11 06:55:26.893: E/ActivityManager(294):   6.1% 354/com.android.systemui: 4.6% user + 1.5% kernel / faults: 71 minor
    12-11 06:55:26.893: E/ActivityManager(294):     3.8% 354/ndroid.systemui: 2.3% user + 1.5% kernel
    12-11 06:55:26.893: E/ActivityManager(294):     1.5% 367/Compiler: 0.7% user + 0.7% kernel
    12-11 06:55:26.893: E/ActivityManager(294):     0.7% 542/Binder_3: 0.7% user + 0% kernel
    12-11 06:55:26.893: E/ActivityManager(294):   4.1% 612/com.android.deskclock: 0.8% user + 3.3% kernel / faults: 583 minor 7 major
    12-11 06:55:26.893: E/ActivityManager(294):     4.1% 612/droid.deskclock: 0.8% user + 3.3% kernel
    12-11 06:55:26.893: E/ActivityManager(294):    +0% 631/AsyncHandler: 0% user + 0% kernel
    12-11 06:55:26.893: E/ActivityManager(294):    +0% 633/pool-1-thread-1: 0% user + 0% kernel
    12-11 06:55:26.893: E/ActivityManager(294):   1.5% 46/adbd: 0.7% user + 0.7% kernel
    12-11 06:55:26.893: E/ActivityManager(294):     0.7% 46/adbd: 0% user + 0.7% kernel
    12-11 06:55:26.893: E/ActivityManager(294):     0.7% 277/adbd: 0.7% user + 0% kernel
    12-11 06:55:26.893: E/ActivityManager(294):   0.7% 35/rild: 0% user + 0.7% kernel
    12-11 06:55:26.893: E/ActivityManager(294):   0.8% 382/com.android.inputmethod.latin: 0.8% user + 0% kernel / faults: 82 minor
    12-11 06:55:26.893: E/ActivityManager(294):     0.8% 382/putmethod.latin: 0.8% user + 0% kernel
    12-11 06:55:26.893: E/ActivityManager(294):     0.8% 384/GC: 0.8% user + 0% kernel
    12-11 06:55:26.893: E/ActivityManager(294):   0.7% 446/android.process.acore: 0.7% user + 0% kernel / faults: 4 minor
    12-11 06:55:26.893: E/ActivityManager(294):    +0% 629/Binder_3: 0% user + 0% kernel
    12-11 06:55:26.893: E/ActivityManager(294):    +0% 630/Binder_4: 0% user + 0% kernel
    12-11 06:55:26.893: E/ActivityManager(294):   0.3% 526/android.process.media: 0.3% use
    12-11 06:55:26.913: W/WindowManager(294): App freeze timeout expired.
    12-11 06:55:26.913: W/WindowManager(294): Force clearing freeze: AppWindowToken{40f92df8 token=Token{40ef7778 ActivityRecord{40f12268 u0 com.android.launcher/com.android.launcher2.Launcher}}}
    12-11 06:55:27.373: W/ActivityManager(294): Killing ProcessRecord{40ef0360 382:com.android.inputmethod.latin/u0a10036}: background ANR
    12-11 06:55:27.713: I/Choreographer(354): Skipped 66 frames!  The application may be doing too much work on its main thread.
    12-11 06:55:27.853: W/dalvikvm(446): threadid=3: spin on suspend #1 threadid=9 (pcf=0)
    12-11 06:55:27.853: D/dalvikvm(446): Temporarily moving tid 457 to fg (was 0)
    12-11 06:55:27.853: D/dalvikvm(446): Temporarily raised priority on tid 457 (10 -> 0)
    12-11 06:55:27.903: W/dalvikvm(446): threadid=3: spin on suspend resolved in 1056 msec
    12-11 06:55:27.903: D/dalvikvm(446): Restored policy of 457 to 0
    12-11 06:55:27.913: D/dalvikvm(446): Restored priority on 457 to 10
    12-11 06:55:28.060: W/dalvikvm(395): threadid=2: spin on suspend #1 threadid=1 (pcf=0)
    12-11 06:55:28.153: D/dalvikvm(294): GC_FOR_ALLOC freed 407K, 12% free 7416K/8400K, paused 171ms, total 176ms
    12-11 06:55:28.263: I/dalvikvm(446): Wrote stack traces to '/data/anr/traces.txt'
    12-11 06:55:28.373: D/dalvikvm(294): GC_FOR_ALLOC freed 118K, 12% free 7656K/8660K, paused 118ms, total 120ms
    12-11 06:55:28.584: D/dalvikvm(294): GC_FOR_ALLOC freed 441K, 14% free 7813K/9048K, paused 82ms, total 83ms
    12-11 06:55:28.593: I/dalvikvm-heap(294): Grow heap (frag case) to 8.000MB for 262190-byte allocation
    12-11 06:55:28.683: D/dalvikvm(294): GC_FOR_ALLOC freed <1K, 14% free 8069K/9308K, paused 91ms, total 91ms
    12-11 06:55:28.803: W/dalvikvm(395): threadid=2: spin on suspend #2 threadid=1 (pcf=0)
    12-11 06:55:28.803: I/dalvikvm(395): "GC" daemon prio=5 tid=2 RUNNABLE
    12-11 06:55:28.813: I/dalvikvm(395):   | group="system" sCount=0 dsCount=0 obj=0x40cd72c8 self=0x2a026c98
    12-11 06:55:28.813: I/dalvikvm(395):   | sysTid=398 nice=0 sched=0/0 cgrp=apps handle=706228600
    12-11 06:55:28.813: I/dalvikvm(395):   | state=R schedstat=( 182509832 1974481754 93 ) utm=16 stm=2 core=0
    12-11 06:55:28.833: I/dalvikvm(395):   at dalvik.system.NativeStart.run(Native Method)
    12-11 06:55:28.833: I/dalvikvm(395): "main" prio=5 tid=1 RUNNABLE
    12-11 06:55:28.833: I/dalvikvm(395):   | group="main" sCount=1 dsCount=0 obj=0x40a729a0 self=0x2a00bba8
    12-11 06:55:28.833: I/dalvikvm(395):   | sysTid=395 nice=0 sched=0/0 cgrp=apps handle=1073849308
    12-11 06:55:28.833: I/dalvikvm(395):   | state=S schedstat=( 1524856900 17455996605 1708 ) utm=116 stm=36 core=0
    12-11 06:55:28.893: I/Choreographer(294): Skipped 1662 frames!  The application may be doing too much work on its main thread.
    12-11 06:55:29.024: I/dalvikvm(395):   at java.util.concurrent.ConcurrentHashMap.segmentAt(ConcurrentHashMap.java:~627)
    12-11 06:55:29.024: I/dalvikvm(395):   at java.util.concurrent.ConcurrentHashMap$HashIterator.advance(ConcurrentHashMap.java:1235)
    12-11 06:55:29.033: I/dalvikvm(395):   at java.util.concurrent.ConcurrentHashMap$HashIterator.nextEntry(ConcurrentHashMap.java:1250)
    12-11 06:55:29.033: I/dalvikvm(395):   at java.util.concurrent.ConcurrentHashMap$ValueIterator.next(ConcurrentHashMap.java:1277)
    12-11 06:55:29.033: I/dalvikvm(395):   at com.android.internal.telephony.gsm.GsmDataConnectionTracker.checkForConnectionForApnContext(GsmDataConnectionTracker.java:1618)
    12-11 06:55:29.033: I/dalvikvm(395):   at com.android.internal.telephony.gsm.GsmDataConnectionTracker.setupData(GsmDataConnectionTracker.java:1069)
    12-11 06:55:29.033: I/dalvikvm(395):   at com.android.internal.telephony.gsm.GsmDataConnectionTracker.trySetupData(GsmDataConnectionTracker.java:768)
    12-11 06:55:29.033: I/dalvikvm(395):   at com.android.internal.telephony.gsm.GsmDataConnectionTracker.setupDataOnReadyApns(GsmDataConnectionTracker.java:698)
    12-11 06:55:29.043: I/dalvikvm(395):   at com.android.internal.telephony.gsm.GsmDataConnectionTracker.onRecordsLoaded(GsmDataConnectionTracker.java:1551)
    12-11 06:55:29.043: I/dalvikvm(395):   at com.android.internal.telephony.gsm.GsmDataConnectionTracker.handleMessage(GsmDataConnectionTracker.java:2278)
    12-11 06:55:29.043: I/dalvikvm(395):   at android.os.Handler.dispatchMessage(Handler.java:99)
    12-11 06:55:29.043: I/dalvikvm(395):   at android.os.Looper.loop(Looper.java:137)
    12-11 06:55:29.043: I/dalvikvm(395):   at android.app.ActivityThread.main(ActivityThread.java:5041)
    12-11 06:55:29.043: I/dalvikvm(395):   at java.lang.reflect.Method.invokeNative(Native Method)
    12-11 06:55:29.063: I/dalvikvm(395):   at java.lang.reflect.Method.invoke(Method.java:511)
    12-11 06:55:29.063: I/dalvikvm(395):   at com.android.internal.os.ZygoteInit$MethodAndArgsCaller.run(ZygoteInit.java:793)
    12-11 06:55:29.063: I/dalvikvm(395):   at com.android.internal.os.ZygoteInit.main(ZygoteInit.java:560)
    12-11 06:55:29.063: I/dalvikvm(395):   at dalvik.system.NativeStart.main(Native Method)
    12-11 06:55:29.313: I/FusedLocation(459): engine started (com.android.location.fused)
    12-11 06:55:29.693: D/dalvikvm(294): GC_FOR_ALLOC freed 1643K, 25% free 7271K/9568K, paused 81ms, total 94ms
    12-11 06:55:29.823: W/dalvikvm(395): threadid=2: spin on suspend #3 threadid=1 (pcf=0)
    12-11 06:55:29.823: I/dalvikvm(395): "GC" daemon prio=5 tid=2 RUNNABLE
    12-11 06:55:29.823: I/dalvikvm(395):   | group="system" sCount=0 dsCount=0 obj=0x40cd72c8 self=0x2a026c98
    12-11 06:55:29.823: I/dalvikvm(395):   | sysTid=398 nice=0 sched=0/0 cgrp=apps handle=706228600
    12-11 06:55:29.834: I/dalvikvm(395):   | state=R schedstat=( 193793718 2233268693 134 ) utm=17 stm=2 core=0
    12-11 06:55:29.834: I/dalvikvm(395):   at dalvik.system.NativeStart.run(Native Method)
    12-11 06:55:29.834: I/dalvikvm(395): "main" prio=5 tid=1 RUNNABLE
    12-11 06:55:29.843: I/dalvikvm(395):   | group="main" sCount=1 dsCount=0 obj=0x40a729a0 self=0x2a00bba8
    12-11 06:55:29.843: I/dalvikvm(395):   | sysTid=395 nice=0 sched=0/0 cgrp=apps handle=1073849308
    12-11 06:55:29.843: I/dalvikvm(395):   | state=S schedstat=( 1524856900 17455996605 1708 ) utm=116 stm=36 core=0
    12-11 06:55:29.873: I/dalvikvm(395):   at java.util.concurrent.ConcurrentHashMap.segmentAt(ConcurrentHashMap.java:~627)
    12-11 06:55:29.873: I/dalvikvm(395):   at java.util.concurrent.ConcurrentHashMap$HashIterator.advance(ConcurrentHashMap.java:1235)
    12-11 06:55:29.873: I/dalvikvm(395):   at java.util.concurrent.ConcurrentHashMap$HashIterator.nextEntry(ConcurrentHashMap.java:1250)
    12-11 06:55:29.873: I/dalvikvm(395):   at java.util.concurrent.ConcurrentHashMap$ValueIterator.next(ConcurrentHashMap.java:1277)
    12-11 06:55:29.873: I/dalvikvm(395):   at com.android.internal.telephony.gsm.GsmDataConnectionTracker.checkForConnectionForApnContext(GsmDataConnectionTracker.java:1618)
    12-11 06:55:29.873: I/dalvikvm(395):   at com.android.internal.telephony.gsm.GsmDataConnectionTracker.setupData(GsmDataConnectionTracker.java:1069)
    12-11 06:55:29.883: I/dalvikvm(395):   at com.android.internal.telephony.gsm.GsmDataConnectionTracker.trySetupData(GsmDataConnectionTracker.java:768)
    12-11 06:55:29.883: I/dalvikvm(395):   at com.android.internal.telephony.gsm.GsmDataConnectionTracker.setupDataOnReadyApns(GsmDataConnectionTracker.java:698)
    12-11 06:55:29.883: I/dalvikvm(395):   at com.android.internal.telephony.gsm.GsmDataConnectionTracker.onRecordsLoaded(GsmDataConnectionTracker.java:1551)
    12-11 06:55:29.883: I/dalvikvm(395):   at com.android.internal.telephony.gsm.GsmDataConnectionTracker.handleMessage(GsmDataConnectionTracker.java:2278)
    12-11 06:55:29.883: I/dalvikvm(395):   at android.os.Handler.dispatchMessage(Handler.java:99)
    12-11 06:55:29.893: I/dalvikvm(395):   at android.os.Looper.loop(Looper.java:137)
    12-11 06:55:29.893: I/dalvikvm(395):   at android.app.ActivityThread.main(ActivityThread.java:5041)
    12-11 06:55:29.893: I/dalvikvm(395):   at java.lang.reflect.Method.invokeNative(Native Method)
    12-11 06:55:29.893: I/dalvikvm(395):   at java.lang.reflect.Method.invoke(Method.java:511)
    12-11 06:55:29.903: I/dalvikvm(395):   at com.android.internal.os.ZygoteInit$MethodAndArgsCaller.run(ZygoteInit.java:793)
    12-11 06:55:29.903: I/dalvikvm(395):   at com.android.internal.os.ZygoteInit.main(ZygoteInit.java:560)
    12-11 06:55:29.903: I/dalvikvm(395):   at dalvik.system.NativeStart.main(Native Method)
    12-11 06:55:30.223: I/Choreographer(294): Skipped 226 frames!  The application may be doing too much work on its main thread.
    12-11 06:55:30.433: D/dalvikvm(294): GC_FOR_ALLOC freed 1766K, 32% free 6545K/9568K, paused 81ms, total 85ms
    12-11 06:55:30.433: I/dalvikvm-heap(294): Grow heap (frag case) to 7.589MB for 1128976-byte allocation
    12-11 06:55:30.533: D/dalvikvm(294): GC_FOR_ALLOC freed 4K, 29% free 7644K/10672K, paused 96ms, total 96ms
    12-11 06:55:30.654: W/dalvikvm(395): threadid=2: spin on suspend #4 threadid=1 (pcf=0)
    12-11 06:55:30.654: I/dalvikvm(395): "GC" daemon prio=5 tid=2 RUNNABLE
    12-11 06:55:30.664: I/dalvikvm(395):   | group="system" sCount=0 dsCount=0 obj=0x40cd72c8 self=0x2a026c98
    12-11 06:55:30.664: I/dalvikvm(395):   | sysTid=398 nice=0 sched=0/0 cgrp=apps handle=706228600
    12-11 06:55:30.664: I/dalvikvm(395):   | state=R schedstat=( 208083023 2306092793 188 ) utm=18 stm=2 core=0
    12-11 06:55:30.664: I/dalvikvm(395):   at dalvik.system.NativeStart.run(Native Method)
    12-11 06:55:30.673: I/dalvikvm(395): "main" prio=5 tid=1 RUNNABLE
    12-11 06:55:30.673: I/dalvikvm(395):   | group="main" sCount=1 dsCount=0 obj=0x40a729a0 self=0x2a00bba8
    12-11 06:55:30.673: I/dalvikvm(395):   | sysTid=395 nice=0 sched=0/0 cgrp=apps handle=1073849308
    12-11 06:55:30.683: I/dalvikvm(395):   | state=S schedstat=( 1524856900 17455996605 1708 ) utm=116 stm=36 core=0
    12-11 06:55:30.713: I/Choreographer(294): Skipped 99 frames!  The application may be doing too much work on its main thread.
    12-11 06:55:30.783: D/Mms:app(570): cancelNotification
    12-11 06:55:30.783: I/dalvikvm(395):   at java.util.concurrent.ConcurrentHashMap.segmentAt(ConcurrentHashMap.java:~627)
    12-11 06:55:30.783: I/dalvikvm(395):   at java.util.concurrent.ConcurrentHashMap$HashIterator.advance(ConcurrentHashMap.java:1235)
    12-11 06:55:30.783: I/dalvikvm(395):   at java.util.concurrent.ConcurrentHashMap$HashIterator.nextEntry(ConcurrentHashMap.java:1250)
    12-11 06:55:30.783: I/dalvikvm(395):   at java.util.concurrent.ConcurrentHashMap$ValueIterator.next(ConcurrentHashMap.java:1277)
    12-11 06:55:30.783: I/dalvikvm(395):   at com.android.internal.telephony.gsm.GsmDataConnectionTracker.checkForConnectionForApnContext(GsmDataConnectionTracker.java:1618)
    12-11 06:55:30.793: I/dalvikvm(395):   at com.android.internal.telephony.gsm.GsmDataConnectionTracker.setupData(GsmDataConnectionTracker.java:1069)
    12-11 06:55:30.793: I/dalvikvm(395):   at com.android.internal.telephony.gsm.GsmDataConnectionTracker.trySetupData(GsmDataConnectionTracker.java:768)
    12-11 06:55:30.793: I/dalvikvm(395):   at com.android.internal.telephony.gsm.GsmDataConnectionTracker.setupDataOnReadyApns(GsmDataConnectionTracker.java:698)
    12-11 06:55:30.793: I/dalvikvm(395):   at com.android.internal.telephony.gsm.GsmDataConnectionTracker.onRecordsLoaded(GsmDataConnectionTracker.java:1551)
    12-11 06:55:30.803: I/dalvikvm(395):   at com.android.internal.telephony.gsm.GsmDataConnectionTracker.handleMessage(GsmDataConnectionTracker.java:2278)
    12-11 06:55:30.803: I/dalvikvm(395):   at android.os.Handler.dispatchMessage(Handler.java:99)
    12-11 06:55:30.803: I/dalvikvm(395):   at android.os.Looper.loop(Looper.java:137)
    12-11 06:55:30.803: I/dalvikvm(395):   at android.app.ActivityThread.main(ActivityThread.java:5041)
    12-11 06:55:30.803: I/dalvikvm(395):   at java.lang.reflect.Method.invokeNative(Native Method)
    12-11 06:55:30.813: I/dalvikvm(395):   at java.lang.reflect.Method.invoke(Method.java:511)
    12-11 06:55:30.813: I/dalvikvm(395):   at com.android.internal.os.ZygoteInit$MethodAndArgsCaller.run(ZygoteInit.java:793)
    12-11 06:55:30.813: I/dalvikvm(395):   at com.android.internal.os.ZygoteInit.main(ZygoteInit.java:560)
    12-11 06:55:30.813: I/dalvikvm(395):   at dalvik.system.NativeStart.main(Native Method)
    12-11 06:55:30.933: I/Choreographer(410): Skipped 1990 frames!  The application may be doing too much work on its main thread.
    12-11 06:55:31.043: D/dalvikvm(294): GC_CONCURRENT freed 119K, 29% free 7621K/10672K, paused 43ms+64ms, total 500ms
    12-11 06:55:31.134: I/Choreographer(294): Skipped 107 frames!  The application may be doing too much work on its main thread.
    12-11 06:55:31.323: E/SurfaceFlinger(36): ro.sf.lcd_density must be defined as a build property
    12-11 06:55:31.423: D/Launcher.Model(410): Reload apps on config change. curr_mcc:310 prevmcc:0
    12-11 06:55:31.574: W/dalvikvm(395): threadid=2: spin on suspend #5 threadid=1 (pcf=0)
    12-11 06:55:31.574: I/dalvikvm(395): "GC" daemon prio=5 tid=2 RUNNABLE
    12-11 06:55:31.574: I/dalvikvm(395):   | group="system" sCount=0 dsCount=0 obj=0x40cd72c8 self=0x2a026c98
    12-11 06:55:31.574: I/dalvikvm(395):   | sysTid=398 nice=0 sched=0/0 cgrp=apps handle=706228600
    12-11 06:55:31.574: I/dalvikvm(395):   | state=R schedstat=( 221013023 2466246389 237 ) utm=18 stm=4 core=0
    12-11 06:55:31.574: I/dalvikvm(395):   at dalvik.system.NativeStart.run(Native Method)
    12-11 06:55:31.583: I/dalvikvm(395): "main" prio=5 tid=1 RUNNABLE
    12-11 06:55:31.583: I/dalvikvm(395):   | group="main" sCount=1 dsCount=0 obj=0x40a729a0 self=0x2a00bba8
    12-11 06:55:31.583: I/dalvikvm(395):   | sysTid=395 nice=0 sched=0/0 cgrp=apps handle=1073849308
    12-11 06:55:31.583: I/dalvikvm(395):   | state=S schedstat=( 1524856900 17455996605 1708 ) utm=116 stm=36 core=0
    12-11 06:55:31.643: D/dalvikvm(294): GC_EXPLICIT freed 63K, 30% free 7563K/10672K, paused 7ms+54ms, total 290ms
    12-11 06:55:31.763: I/dalvikvm(395):   at java.util.concurrent.ConcurrentHashMap.segmentAt(ConcurrentHashMap.java:~627)
    12-11 06:55:31.763: I/dalvikvm(395):   at java.util.concurrent.ConcurrentHashMap$HashIterator.advance(ConcurrentHashMap.java:1235)
    12-11 06:55:31.763: I/dalvikvm(395):   at java.util.concurrent.ConcurrentHashMap$HashIterator.nextEntry(ConcurrentHashMap.java:1250)
    12-11 06:55:31.763: I/dalvikvm(395):   at java.util.concurrent.ConcurrentHashMap$ValueIterator.next(ConcurrentHashMap.java:1277)
    12-11 06:55:31.773: I/dalvikvm(395):   at com.android.internal.telephony.gsm.GsmDataConnectionTracker.checkForConnectionForApnContext(GsmDataConnectionTracker.java:1618)
    12-11 06:55:31.773: I/dalvikvm(395):   at com.android.internal.telephony.gsm.GsmDataConnectionTracker.setupData(GsmDataConnectionTracker.java:1069)
    12-11 06:55:31.773: I/dalvikvm(395):   at com.android.internal.telephony.gsm.GsmDataConnectionTracker.trySetupData(GsmDataConnectionTracker.java:768)
    12-11 06:55:31.773: I/dalvikvm(395):   at com.android.internal.telephony.gsm.GsmDataConnectionTracker.setupDataOnReadyApns(GsmDataConnectionTracker.java:698)
    12-11 06:55:31.783: I/dalvikvm(395):   at com.android.internal.telephony.gsm.GsmDataConnectionTracker.onRecordsLoaded(GsmDataConnectionTracker.java:1551)
    12-11 06:55:31.783: I/dalvikvm(395):   at com.android.internal.telephony.gsm.GsmDataConnectionTracker.handleMessage(GsmDataConnectionTracker.java:2278)
    12-11 06:55:31.783: I/dalvikvm(395):   at android.os.Handler.dispatchMessage(Handler.java:99)
    12-11 06:55:31.783: I/dalvikvm(395):   at android.os.Looper.loop(Looper.java:137)
    12-11 06:55:31.783: I/dalvikvm(395):   at android.app.ActivityThread.main(ActivityThread.java:5041)
    12-11 06:55:31.804: I/Choreographer(294): Skipped 174 frames!  The application may be doing too much work on its main thread.
    12-11 06:55:31.834: I/dalvikvm(395):   at java.lang.reflect.Method.invokeNative(Native Method)
    12-11 06:55:31.834: I/dalvikvm(395):   at java.lang.reflect.Method.invoke(Method.java:511)
    12-11 06:55:31.843: I/dalvikvm(395):   at com.android.internal.os.ZygoteInit$MethodAndArgsCaller.run(ZygoteInit.java:793)
    12-11 06:55:31.843: I/dalvikvm(395):   at com.android.internal.os.ZygoteInit.main(ZygoteInit.java:560)
    12-11 06:55:31.873: I/dalvikvm(395):   at dalvik.system.NativeStart.main(Native Method)
    12-11 06:55:32.053: I/Choreographer(294): Skipped 51 frames!  The application may be doing too much work on its main thread.
    12-11 06:55:32.213: I/Choreographer(294): Skipped 31 frames!  The application may be doing too much work on its main thread.
    12-11 06:55:32.413: W/dalvikvm(395): threadid=2: spin on suspend resolved in 5363 msec
    12-11 06:55:32.613: D/dalvikvm(395): GC_CONCURRENT freed 488K, 18% free 2931K/3540K, paused 5402ms+55ms, total 5559ms
    12-11 06:55:33.383: D/ConnectivityService(294): ConnectivityChange for mobile: CONNECTED/CONNECTED
    12-11 06:55:33.523: D/dalvikvm(410): GC_CONCURRENT freed 697K, 42% free 3126K/5380K, paused 6ms+1018ms, total 1128ms
    12-11 06:55:33.623: I/ActivityManager(294): Process com.android.inputmethod.latin (pid 382) has died.
    12-11 06:55:33.623: W/ActivityManager(294): Scheduling restart of crashed service com.android.inputmethod.latin/.LatinIME in 5000ms
    12-11 06:55:33.803: I/dalvikvm(526): Wrote stack traces to '/data/anr/traces.txt'
    12-11 06:55:33.873: I/ActivityManager(294): Start proc com.android.exchange for broadcast com.android.exchange/.service.ExchangeBroadcastReceiver: pid=653 uid=10034 gids={50034, 3003, 1015, 1028}
    12-11 06:55:34.033: E/Trace(653): error opening trace file: No such file or directory (2)
    12-11 06:55:34.263: D/ExchangeService(653): !!! EAS ExchangeService, onStartCommand, startingUp = false, running = false
    12-11 06:55:34.313: W/ActivityManager(294): Unable to start service Intent { act=com.android.email.ACCOUNT_INTENT } U=0: not found
    12-11 06:55:34.353: D/MmsSmsDatabaseHelper(395): [MmsSmsDb] tableName: threads hasAutoIncrement: CREATE TABLE threads (_id INTEGER PRIMARY KEY AUTOINCREMENT,date INTEGER DEFAULT 0,message_count INTEGER DEFAULT 0,recipient_ids TEXT,snippet TEXT,snippet_cs INTEGER DEFAULT 0,read INTEGER DEFAULT 1,type INTEGER DEFAULT 0,error INTEGER DEFAULT 0,has_attachment INTEGER DEFAULT 0) result: true
    12-11 06:55:34.393: D/MmsSmsDatabaseHelper(395): [MmsSmsDb] tableName: canonical_addresses hasAutoIncrement: CREATE TABLE canonical_addresses (_id INTEGER PRIMARY KEY AUTOINCREMENT,address TEXT) result: true
    12-11 06:55:34.433: D/ExchangeService(653): !!! Email application not found; stopping self
    12-11 06:55:34.553: I/ActivityManager(294): Start proc com.android.providers.calendar for broadcast com.android.providers.calendar/.CalendarReceiver: pid=673 uid=10000 gids={50000, 3003, 1015, 1028}
    12-11 06:55:34.593: W/ActivityManager(294): Unable to start service Intent { act=com.android.email.ACCOUNT_INTENT } U=0: not found
    12-11 06:55:34.693: E/Trace(673): error opening trace file: No such file or directory (2)
    12-11 06:55:34.983: I/ActivityManager(294): Start proc com.android.settings for broadcast com.android.settings/.widget.SettingsAppWidgetProvider: pid=688 uid=1000 gids={41000, 1015, 1028, 3002, 3001, 3003}
    12-11 06:55:35.093: E/Trace(688): error opening trace file: No such file or directory (2)
    12-11 06:55:35.093: E/ActivityThread(653): Service com.android.exchange.ExchangeService has leaked ServiceConnection com.android.emailcommon.service.ServiceProxy$ProxyConnection@40cee450 that was originally bound here
    12-11 06:55:35.093: E/ActivityThread(653): android.app.ServiceConnectionLeaked: Service com.android.exchange.ExchangeService has leaked ServiceConnection com.android.emailcommon.service.ServiceProxy$ProxyConnection@40cee450 that was originally bound here
    12-11 06:55:35.093: E/ActivityThread(653): 	at android.app.LoadedApk$ServiceDispatcher.<init>(LoadedApk.java:969)
    12-11 06:55:35.093: E/ActivityThread(653): 	at android.app.LoadedApk.getServiceDispatcher(LoadedApk.java:863)
    12-11 06:55:35.093: E/ActivityThread(653): 	at android.app.ContextImpl.bindService(ContextImpl.java:1418)
    12-11 06:55:35.093: E/ActivityThread(653): 	at android.app.ContextImpl.bindService(ContextImpl.java:1407)
    12-11 06:55:35.093: E/ActivityThread(653): 	at android.content.ContextWrapper.bindService(ContextWrapper.java:473)
    12-11 06:55:35.093: E/ActivityThread(653): 	at com.android.emailcommon.service.ServiceProxy.setTask(ServiceProxy.java:157)
    12-11 06:55:35.093: E/ActivityThread(653): 	at com.android.emailcommon.service.ServiceProxy.setTask(ServiceProxy.java:145)
    12-11 06:55:35.093: E/ActivityThread(653): 	at com.android.emailcommon.service.ServiceProxy.test(ServiceProxy.java:191)
    12-11 06:55:35.093: E/ActivityThread(653): 	at com.android.exchange.ExchangeService$7.run(ExchangeService.java:1850)
    12-11 06:55:35.093: E/ActivityThread(653): 	at com.android.emailcommon.utility.Utility$2.doInBackground(Utility.java:551)
    12-11 06:55:35.093: E/ActivityThread(653): 	at com.android.emailcommon.utility.Utility$2.doInBackground(Utility.java:549)
    12-11 06:55:35.093: E/ActivityThread(653): 	at android.os.AsyncTask$2.call(AsyncTask.java:287)
    12-11 06:55:35.093: E/ActivityThread(653): 	at java.util.concurrent.FutureTask.run(FutureTask.java:234)
    12-11 06:55:35.093: E/ActivityThread(653): 	at java.util.concurrent.ThreadPoolExecutor.runWorker(ThreadPoolExecutor.java:1080)
    12-11 06:55:35.093: E/ActivityThread(653): 	at java.util.concurrent.ThreadPoolExecutor$Worker.run(ThreadPoolExecutor.java:573)
    12-11 06:55:35.093: E/ActivityThread(653): 	at java.lang.Thread.run(Thread.java:856)
    12-11 06:55:35.223: D/dalvikvm(294): GREF has increased to 501
    12-11 06:55:35.263: E/BluetoothAdapter(688): Bluetooth binder is null
    12-11 06:55:35.343: E/BluetoothAdapter(688): Bluetooth binder is null
    12-11 06:55:35.393: E/BluetoothAdapter(688): Bluetooth binder is null
    12-11 06:55:35.513: E/StrictMode(653): null
    12-11 06:55:35.513: E/StrictMode(653): android.app.ServiceConnectionLeaked: Service com.android.exchange.ExchangeService has leaked ServiceConnection com.android.emailcommon.service.ServiceProxy$ProxyConnection@40cee450 that was originally bound here
    12-11 06:55:35.513: E/StrictMode(653): 	at android.app.LoadedApk$ServiceDispatcher.<init>(LoadedApk.java:969)
    12-11 06:55:35.513: E/StrictMode(653): 	at android.app.LoadedApk.getServiceDispatcher(LoadedApk.java:863)
